12-02 16:05:08.403 I/AndroidMediaReceiver(28231): onReceive() : STREAM_DEVICES_CHANGED_ACTION has received
12-02 16:05:08.403 I/AndroidMediaReceiver(28231): onReceive() : beginning of thread for handleStreamDevicesChangedAction()
12-02 16:05:08.404 D/SecVolume.JSonLogger( 4586): applyVolumeRow 3: {"boolMap":{"TRACKING":false,"ICON_CLICKABLE":true,"IMPORTANT":true,"MUTED":false,"SLIDER_ENABLED":true,"VISIBILITY":true,"ICON_ENABLED":false,"ROUTED_TO_BLUETOOTH":true,"DYNAMIC":false,"ACTIVE_NOW":false},"intMap":{"ICON_TYPE":2,"PRIORITY":0,"LEVEL_MAX":15,"ORIGINAL_PRIORITY":5,"AUDIBLE_LEVEL":700,"LEVEL_MIN":0,"LEVEL":700,"REAL_LEVEL":700,"EAR_PROTECT_LEVEL":909},"longMap":{"USER_ATTEMPT_TIME":0},"streamType":3,"stringMap":{"NAME_RES":"com.android.systemui:string/volumepanel_media","DUAL_BT_DEVICE_NAME":"OpenMove by Shokz","SMART_VIEW_LABEL":"","DUAL_BT_DEVICE_ADDRESS":"A8:F5:E1:0B:0E:2E","REMOTE_LABEL":"OpenMove by Shokz"}}
12-02 16:05:08.404 I/ReceiverUtil(27519): Action is android.media.STREAM_DEVICES_CHANGED_ACTION
12-02 16:05:08.404 I/AndroidMediaReceiver(27519): onReceive() : stream type is not music, so skip to process intent
12-02 16:05:08.405 I/ReceiverUtil(28206): Action is android.media.STREAM_DEVICES_CHANGED_ACTION
12-02 16:05:08.405 I/AndroidMediaReceiver(28206): onReceive() : stream type is not music, so skip to process intent
12-02 16:05:08.405 I/ReceiverUtil(28206): Action is android.media.STREAM_DEVICES_CHANGED_ACTION
12-02 16:05:08.405 I/AndroidMediaReceiver(28206): onReceive() : stream type is not music, so skip to process intent
12-02 16:05:08.405 I/ReceiverUtil(27519): Action is android.media.STREAM_DEVICES_CHANGED_ACTION
12-02 16:05:08.405 I/AndroidMediaReceiver(27519): onReceive() : stream type is not music, so skip to process intent
12-02 16:05:08.406 I/ReceiverUtil(28206): Action is android.media.STREAM_DEVICES_CHANGED_ACTION
12-02 16:05:08.406 I/AndroidMediaReceiver(28206): onReceive() : stream type is not music, so skip to process intent
12-02 16:05:08.407 I/ReceiverUtil(28206): Action is android.media.STREAM_DEVICES_CHANGED_ACTION
12-02 16:05:08.407 I/AndroidMediaReceiver(28206): onReceive() : stream type is not music, so skip to process intent
12-02 16:05:08.408 I/ReceiverUtil(28206): Action is android.media.STREAM_DEVICES_CHANGED_ACTION
12-02 16:05:08.408 I/AndroidMediaReceiver(28206): onReceive() : stream type is not music, so skip to process intent
12-02 16:05:08.408 D/SecVolume.VolumePanelStore( 4586): dispatch [ACTION_STATE_CHANGED with [STATE_UPDATE], currentAction={isVoiceCapble : true, isFromOutside : true, activeStream : -1}, currentState={activeStream=3(vol=700), stream=3(vol=700) } isVoiceCapable : true, isCaptionComponentEnabled : true, isHasVibrator : true, isMediaDefaultEnabled : true, isSetupWizardComplete : true, isSafeMediaDeviceOn : true, ringerModeInternal : 2, earProtectLevel : 909, timeOutControlsText : 0, iconTargetState : 2, timeOut : 3000, stream : 3, cutoutHeight : 0, activeStream : 3, iconCurrentState : 2, timeOutControls : 0, pinDevice : 0, systemTimeNow : 54655115}
12-02 16:05:08.410 D/SecVolume.JSonLogger( 4586): applyVolumeRow 3: {"boolMap":{"TRACKING":false,"ICON_CLICKABLE":true,"IMPORTANT":true,"MUTED":false,"SLIDER_ENABLED":true,"VISIBILITY":true,"ICON_ENABLED":false,"ROUTED_TO_BLUETOOTH":true,"DYNAMIC":false,"ACTIVE_NOW":false},"intMap":{"ICON_TYPE":2,"PRIORITY":0,"LEVEL_MAX":15,"ORIGINAL_PRIORITY":5,"AUDIBLE_LEVEL":700,"LEVEL_MIN":0,"LEVEL":700,"REAL_LEVEL":700,"EAR_PROTECT_LEVEL":909},"longMap":{"USER_ATTEMPT_TIME":0},"streamType":3,"stringMap":{"NAME_RES":"com.android.systemui:string/volumepanel_media","DUAL_BT_DEVICE_NAME":"OpenMove by Shokz","SMART_VIEW_LABEL":"","DUAL_BT_DEVICE_ADDRESS":"A8:F5:E1:0B:0E:2E","REMOTE_LABEL":"OpenMove by Shokz"}}
12-02 16:05:08.411 D/vol.VolumeDialogControl( 4586): onVolumeChangedW stream = 1, flags = 0, lastAudibleStreamVolume = 6, changed = false, showUI = false, dualAudio = false, musicStreamState=[routedToHeadset=false, routedToBuds=false, routedToBuds3=false, routedToHomeMini=false, routedToMusicFrame=false, routedToHearingAid=false, remoteFixedVolume=false, remoteSpeaker=false]
12-02 16:05:08.412 D/vol.BroadcastManager( 4586): action=android.media.STREAM_DEVICES_CHANGED_ACTION
12-02 16:05:08.412 D/vol.BroadcastManager( 4586): action=android.media.STREAM_DEVICES_CHANGED_ACTION
12-02 16:05:08.412 D/vol.BroadcastManager( 4586): action=android.media.STREAM_DEVICES_CHANGED_ACTION
12-02 16:05:08.416 D/vol.VolumeDialogControl( 4586): onVolumeChangedW stream = 2, flags = 0, lastAudibleStreamVolume = 11, changed = false, showUI = false, dualAudio = false, musicStreamState=[routedToHeadset=false, routedToBuds=false, routedToBuds3=false, routedToHomeMini=false, routedToMusicFrame=false, routedToHearingAid=false, remoteFixedVolume=false, remoteSpeaker=false]
12-02 16:05:08.419 I/AndroidMediaReceiver(28129): onReceive() : end of thread for handleStreamDevicesChangedAction()
12-02 16:05:08.419 I/AndroidMediaReceiver(28231): onReceive() : end of thread for handleStreamDevicesChangedAction()
12-02 16:05:08.420 I/ReceiverUtil(28129): Action is android.media.STREAM_DEVICES_CHANGED_ACTION
12-02 16:05:08.420 I/AndroidMediaReceiver(28129): onReceive() : STREAM_DEVICES_CHANGED_ACTION has received
12-02 16:05:08.420 I/AndroidMediaReceiver(28129): onReceive() : stream type is not music, so skip to process intent
12-02 16:05:08.420 I/ReceiverUtil(28231): Action is android.media.STREAM_DEVICES_CHANGED_ACTION
12-02 16:05:08.420 I/AndroidMediaReceiver(28231): onReceive() : STREAM_DEVICES_CHANGED_ACTION has received
12-02 16:05:08.420 I/AndroidMediaReceiver(28231): onReceive() : stream type is not music, so skip to process intent
12-02 16:05:08.420 I/ReceiverUtil(28129): Action is android.media.STREAM_DEVICES_CHANGED_ACTION
12-02 16:05:08.420 I/AndroidMediaReceiver(28129): onReceive() : STREAM_DEVICES_CHANGED_ACTION has received
12-02 16:05:08.420 I/AndroidMediaReceiver(28129): onReceive() : stream type is not music, so skip to process intent
12-02 16:05:08.421 I/ReceiverUtil(28231): Action is android.media.STREAM_DEVICES_CHANGED_ACTION
12-02 16:05:08.421 I/AndroidMediaReceiver(28231): onReceive() : STREAM_DEVICES_CHANGED_ACTION has received
12-02 16:05:08.421 I/AndroidMediaReceiver(28231): onReceive() : stream type is not music, so skip to process intent
12-02 16:05:08.421 I/ReceiverUtil(28129): Action is android.media.STREAM_DEVICES_CHANGED_ACTION
12-02 16:05:08.421 I/AndroidMediaReceiver(28129): onReceive() : STREAM_DEVICES_CHANGED_ACTION has received
12-02 16:05:08.421 I/ReceiverUtil(28231): Action is android.media.STREAM_DEVICES_CHANGED_ACTION
12-02 16:05:08.421 I/AndroidMediaReceiver(28231): onReceive() : STREAM_DEVICES_CHANGED_ACTION has received
12-02 16:05:08.421 I/AndroidMediaReceiver(28231): onReceive() : stream type is not music, so skip to process intent
12-02 16:05:08.422 I/AndroidMediaReceiver(28231): onCallStateChanged() : current state is idle (0)
12-02 16:05:08.422 I/AndroidMediaReceiver(28231): onCallStateChanged() : previous state is offhook (2)
12-02 16:05:08.421 I/AndroidMediaReceiver(28129): onReceive() : stream type is not music, so skip to process intent
12-02 16:05:08.422 I/AndroidMediaReceiver(28231): onCallStateChanged() : set call state as idle (0)
12-02 16:05:08.422 D/vol.VolumeDialogControl( 4586): onVolumeChangedW stream = 4, flags = 0, lastAudibleStreamVolume = 11, changed = false, showUI = false, dualAudio = false, musicStreamState=[routedToHeadset=false, routedToBuds=false, routedToBuds3=false, routedToHomeMini=false, routedToMusicFrame=false, routedToHearingAid=false, remoteFixedVolume=false, remoteSpeaker=false]
12-02 16:05:08.422 I/AndroidMediaReceiver(28129): onCallStateChanged() : current state is idle (0)
12-02 16:05:08.422 I/AndroidMediaReceiver(28129): onCallStateChanged() : previous state is offhook (2)
12-02 16:05:08.422 I/AndroidMediaReceiver(28129): onCallStateChanged() : set call state as idle (0)
12-02 16:05:08.422 I/AndroidMediaReceiver(28129): onCallStateChanged() : mode for adaptsoundfor is media and calls (0)
12-02 16:05:08.422 I/AndroidMediaReceiver(28129): onCallStateChanged() : engine state is disable (0)
12-02 16:05:08.422 I/AndroidMediaReceiver(28129): onCallStateChanged() : selected preset is 0
12-02 16:05:08.422 I/AndroidMediaReceiver(28129): onCallStateChanged() : ear is left ear (0)
12-02 16:05:08.422 I/AndroidMediaReceiver(28129): onCallStateChanged() : parameter is 5,5,5,5,5,5,5,5,5,5,5,5
12-02 16:05:08.422 I/AndroidMediaReceiver(28129): onCallStateChanged() : AP or CP call is idle
12-02 16:05:08.422 I/AndroidMediaReceiver(28231): onCallStateChanged() : mode for adaptsoundfor is media and calls (0)
12-02 16:05:08.422 I/AndroidMediaReceiver(28231): onCallStateChanged() : engine state is disable (0)
12-02 16:05:08.422 I/AndroidMediaReceiver(28231): onCallStateChanged() : selected preset is 0
12-02 16:05:08.422 I/AndroidMediaReceiver(28231): onCallStateChanged() : ear is left ear (0)
12-02 16:05:08.422 I/AndroidMediaReceiver(28231): onCallStateChanged() : parameter is null
12-02 16:05:08.422 I/AndroidMediaReceiver(28231): onCallStateChanged() : AP or CP call is idle
12-02 16:05:08.423 I/AndroidMediaReceiver(28129): handleStreamDevicesChangedAction() : call state is idle (0)
12-02 16:05:08.423 I/AndroidMediaReceiver(28129): handleStreamDevicesChangedAction() : engine enable is disable (0)
12-02 16:05:08.423 I/AndroidMediaReceiver(28129): handleStreamDevicesChangedAction() : AP or CP call is not running, so skip to process
12-02 16:05:08.423 I/AndroidMediaReceiver(28231): handleStreamDevicesChangedAction() : call state is undetermined (-1)
12-02 16:05:08.423 I/AndroidMediaReceiver(28231): handleStreamDevicesChangedAction() : engine enable is disable (0)
12-02 16:05:08.424 I/AndroidMediaReceiver(28231): handleStreamDevicesChangedAction() : AP or CP call is not running, so skip to process
12-02 16:05:08.424 I/AndroidMediaReceiver(28129): onCallStateChanged() : call parameter is set for AP or CP call
12-02 16:05:08.424 I/ReceiverUtil(28129): Action is android.media.STREAM_DEVICES_CHANGED_ACTION
12-02 16:05:08.424 I/AndroidMediaReceiver(28129): onReceive() : STREAM_DEVICES_CHANGED_ACTION has received
12-02 16:05:08.424 I/AndroidMediaReceiver(28129): onReceive() : stream type is not music, so skip to process intent
12-02 16:05:08.424 I/AndroidMediaReceiver(28231): onCallStateChanged() : call parameter is set for AP or CP call
12-02 16:05:08.424 I/ReceiverUtil(28231): Action is android.media.STREAM_DEVICES_CHANGED_ACTION
12-02 16:05:08.424 I/AndroidMediaReceiver(28231): onReceive() : STREAM_DEVICES_CHANGED_ACTION has received
12-02 16:05:08.424 I/AndroidMediaReceiver(28231): onReceive() : stream type is not music, so skip to process intent
12-02 16:05:08.427 I/ReceiverUtil(28231): Action is android.media.STREAM_DEVICES_CHANGED_ACTION
12-02 16:05:08.427 I/AndroidMediaReceiver(28231): onReceive() : STREAM_DEVICES_CHANGED_ACTION has received
12-02 16:05:08.427 I/AndroidMediaReceiver(28231): onReceive() : stream type is not music, so skip to process intent
12-02 16:05:08.427 I/ReceiverUtil(28231): Action is android.media.STREAM_DEVICES_CHANGED_ACTION
12-02 16:05:08.427 I/AndroidMediaReceiver(28231): onReceive() : STREAM_DEVICES_CHANGED_ACTION has received
12-02 16:05:08.427 I/AndroidMediaReceiver(28231): onReceive() : stream type is not music, so skip to process intent
12-02 16:05:08.428 D/vol.VolumeDialogControl( 4586): onVolumeChangedW stream = 5, flags = 0, lastAudibleStreamVolume = 0, changed = true, showUI = false, dualAudio = false, musicStreamState=[routedToHeadset=false, routedToBuds=false, routedToBuds3=false, routedToHomeMini=false, routedToMusicFrame=false, routedToHearingAid=false, remoteFixedVolume=false, remoteSpeaker=false]
12-02 16:05:08.428 I/ReceiverUtil(28129): Action is android.media.STREAM_DEVICES_CHANGED_ACTION
12-02 16:05:08.428 I/AndroidMediaReceiver(28129): onReceive() : STREAM_DEVICES_CHANGED_ACTION has received
12-02 16:05:08.428 I/AndroidMediaReceiver(28129): onReceive() : stream type is not music, so skip to process intent
12-02 16:05:08.428 D/SecVolume.VolumePanelStore( 4586): dispatch [ACTION_STATE_CHANGED with [STATE_UPDATE], currentAction={isVoiceCapble : true, isFromOutside : true, activeStream : -1}, currentState={activeStream=3(vol=700), stream=3(vol=700) } isVoiceCapable : true, isCaptionComponentEnabled : true, isHasVibrator : true, isMediaDefaultEnabled : true, isSetupWizardComplete : true, isSafeMediaDeviceOn : true, ringerModeInternal : 2, earProtectLevel : 909, timeOutControlsText : 0, iconTargetState : 2, timeOut : 3000, stream : 3, cutoutHeight : 0, activeStream : 3, iconCurrentState : 2, timeOutControls : 0, pinDevice : 0, systemTimeNow : 54655121}
12-02 16:05:08.430 D/SecVolume.JSonLogger( 4586): applyVolumeRow 3: {"boolMap":{"TRACKING":false,"ICON_CLICKABLE":true,"IMPORTANT":true,"MUTED":false,"SLIDER_ENABLED":true,"VISIBILITY":true,"ICON_ENABLED":false,"ROUTED_TO_BLUETOOTH":true,"DYNAMIC":false,"ACTIVE_NOW":false},"intMap":{"ICON_TYPE":2,"PRIORITY":0,"LEVEL_MAX":15,"ORIGINAL_PRIORITY":5,"AUDIBLE_LEVEL":700,"LEVEL_MIN":0,"LEVEL":700,"REAL_LEVEL":700,"EAR_PROTECT_LEVEL":909},"longMap":{"USER_ATTEMPT_TIME":0},"streamType":3,"stringMap":{"NAME_RES":"com.android.systemui:string/volumepanel_media","DUAL_BT_DEVICE_NAME":"OpenMove by Shokz","SMART_VIEW_LABEL":"","DUAL_BT_DEVICE_ADDRESS":"A8:F5:E1:0B:0E:2E","REMOTE_LABEL":"OpenMove by Shokz"}}
12-02 16:05:08.431 I/ReceiverUtil(28129): Action is android.media.STREAM_DEVICES_CHANGED_ACTION
12-02 16:05:08.431 I/AndroidMediaReceiver(28129): onReceive() : STREAM_DEVICES_CHANGED_ACTION has received
12-02 16:05:08.431 I/AndroidMediaReceiver(28129): onReceive() : stream type is not music, so skip to process intent
12-02 16:05:08.431 I/ReceiverUtil(28129): Action is android.media.STREAM_DEVICES_CHANGED_ACTION
12-02 16:05:08.431 I/AndroidMediaReceiver(28129): onReceive() : STREAM_DEVICES_CHANGED_ACTION has received
12-02 16:05:08.431 I/AndroidMediaReceiver(28129): onReceive() : stream type is not music, so skip to process intent
12-02 16:05:08.432 I/ReceiverUtil(28129): Action is android.media.STREAM_DEVICES_CHANGED_ACTION
12-02 16:05:08.432 I/AndroidMediaReceiver(28129): onReceive() : STREAM_DEVICES_CHANGED_ACTION has received
12-02 16:05:08.432 I/AndroidMediaReceiver(28129): onReceive() : stream type is not music, so skip to process intent
12-02 16:05:08.433 I/ReceiverUtil(28231): Action is android.media.STREAM_DEVICES_CHANGED_ACTION
12-02 16:05:08.433 I/AndroidMediaReceiver(28231): onReceive() : STREAM_DEVICES_CHANGED_ACTION has received
12-02 16:05:08.433 I/AndroidMediaReceiver(28231): onReceive() : stream type is not music, so skip to process intent
12-02 16:05:08.434 I/ReceiverUtil(28231): Action is android.media.STREAM_DEVICES_CHANGED_ACTION
12-02 16:05:08.434 I/AndroidMediaReceiver(28231): onReceive() : STREAM_DEVICES_CHANGED_ACTION has received
12-02 16:05:08.434 I/AndroidMediaReceiver(28231): onReceive() : stream type is not music, so skip to process intent
12-02 16:05:08.435 D/SecVolume.VolumePanelStore( 4586): dispatch [ACTION_STATE_CHANGED with [STATE_UPDATE], currentAction={isVoiceCapble : true, isFromOutside : true, activeStream : -1}, currentState={activeStream=3(vol=700), stream=3(vol=700) } isVoiceCapable : true, isCaptionComponentEnabled : true, isHasVibrator : true, isMediaDefaultEnabled : true, isSetupWizardComplete : true, isSafeMediaDeviceOn : true, ringerModeInternal : 2, earProtectLevel : 909, timeOutControlsText : 0, iconTargetState : 2, timeOut : 3000, stream : 3, cutoutHeight : 0, activeStream : 3, iconCurrentState : 2, timeOutControls : 0, pinDevice : 0, systemTimeNow : 54655141}
12-02 16:05:08.437 D/SecVolume.JSonLogger( 4586): applyVolumeRow 3: {"boolMap":{"TRACKING":false,"ICON_CLICKABLE":true,"IMPORTANT":true,"MUTED":false,"SLIDER_ENABLED":true,"VISIBILITY":true,"ICON_ENABLED":false,"ROUTED_TO_BLUETOOTH":true,"DYNAMIC":false,"ACTIVE_NOW":false},"intMap":{"ICON_TYPE":2,"PRIORITY":0,"LEVEL_MAX":15,"ORIGINAL_PRIORITY":5,"AUDIBLE_LEVEL":700,"LEVEL_MIN":0,"LEVEL":700,"REAL_LEVEL":700,"EAR_PROTECT_LEVEL":909},"longMap":{"USER_ATTEMPT_TIME":0},"streamType":3,"stringMap":{"NAME_RES":"com.android.systemui:string/volumepanel_media","DUAL_BT_DEVICE_NAME":"OpenMove by Shokz","SMART_VIEW_LABEL":"","DUAL_BT_DEVICE_ADDRESS":"A8:F5:E1:0B:0E:2E","REMOTE_LABEL":"OpenMove by Shokz"}}
12-02 16:05:08.438 D/vol.VolumeDialogControl( 4586): onVolumeChangedW stream = 8, flags = 0, lastAudibleStreamVolume = 11, changed = true, showUI = false, dualAudio = false, musicStreamState=[routedToHeadset=false, routedToBuds=false, routedToBuds3=false, routedToHomeMini=false, routedToMusicFrame=false, routedToHearingAid=false, remoteFixedVolume=false, remoteSpeaker=false]
12-02 16:05:08.438 D/SecVolume.VolumePanelStore( 4586): dispatch [ACTION_STATE_CHANGED with [STATE_UPDATE], currentAction={isVoiceCapble : true, isFromOutside : true, activeStream : -1}, currentState={activeStream=3(vol=700), stream=3(vol=700) } isVoiceCapable : true, isCaptionComponentEnabled : true, isHasVibrator : true, isMediaDefaultEnabled : true, isSetupWizardComplete : true, isSafeMediaDeviceOn : true, ringerModeInternal : 2, earProtectLevel : 909, timeOutControlsText : 0, iconTargetState : 2, timeOut : 3000, stream : 3, cutoutHeight : 0, activeStream : 3, iconCurrentState : 2, timeOutControls : 0, pinDevice : 0, systemTimeNow : 54655148}
12-02 16:05:08.439 D/SecVolume.JSonLogger( 4586): applyVolumeRow 3: {"boolMap":{"TRACKING":false,"ICON_CLICKABLE":true,"IMPORTANT":true,"MUTED":false,"SLIDER_ENABLED":true,"VISIBILITY":true,"ICON_ENABLED":false,"ROUTED_TO_BLUETOOTH":true,"DYNAMIC":false,"ACTIVE_NOW":false},"intMap":{"ICON_TYPE":2,"PRIORITY":0,"LEVEL_MAX":15,"ORIGINAL_PRIORITY":5,"AUDIBLE_LEVEL":700,"LEVEL_MIN":0,"LEVEL":700,"REAL_LEVEL":700,"EAR_PROTECT_LEVEL":909},"longMap":{"USER_ATTEMPT_TIME":0},"streamType":3,"stringMap":{"NAME_RES":"com.android.systemui:string/volumepanel_media","DUAL_BT_DEVICE_NAME":"OpenMove by Shokz","SMART_VIEW_LABEL":"","DUAL_BT_DEVICE_ADDRESS":"A8:F5:E1:0B:0E:2E","REMOTE_LABEL":"OpenMove by Shokz"}}
12-02 16:05:08.442 D/SecVolume.VolumePanelStore( 4586): dispatch [ACTION_STATE_CHANGED with [STATE_UPDATE], currentAction={isVoiceCapble : true, isFromOutside : true, activeStream : -1}, currentState={activeStream=3(vol=700), stream=3(vol=700) } isVoiceCapable : true, isCaptionComponentEnabled : true, isHasVibrator : true, isMediaDefaultEnabled : true, isSetupWizardComplete : true, isSafeMediaDeviceOn : true, ringerModeInternal : 2, earProtectLevel : 909, timeOutControlsText : 0, iconTargetState : 2, timeOut : 3000, stream : 3, cutoutHeight : 0, activeStream : 3, iconCurrentState : 2, timeOutControls : 0, pinDevice : 0, systemTimeNow : 54655151}
12-02 16:05:08.444 D/vol.VolumeDialogControl( 4586): onVolumeChangedW stream = 10, flags = 0, lastAudibleStreamVolume = 8, changed = false, showUI = false, dualAudio = false, musicStreamState=[routedToHeadset=false, routedToBuds=false, routedToBuds3=false, routedToHomeMini=false, routedToMusicFrame=false, routedToHearingAid=false, remoteFixedVolume=false, remoteSpeaker=false]
12-02 16:05:08.444 D/SecVolume.JSonLogger( 4586): applyVolumeRow 3: {"boolMap":{"TRACKING":false,"ICON_CLICKABLE":true,"IMPORTANT":true,"MUTED":false,"SLIDER_ENABLED":true,"VISIBILITY":true,"ICON_ENABLED":false,"ROUTED_TO_BLUETOOTH":true,"DYNAMIC":false,"ACTIVE_NOW":false},"intMap":{"ICON_TYPE":2,"PRIORITY":0,"LEVEL_MAX":15,"ORIGINAL_PRIORITY":5,"AUDIBLE_LEVEL":700,"LEVEL_MIN":0,"LEVEL":700,"REAL_LEVEL":700,"EAR_PROTECT_LEVEL":909},"longMap":{"USER_ATTEMPT_TIME":0},"streamType":3,"stringMap":{"NAME_RES":"com.android.systemui:string/volumepanel_media","DUAL_BT_DEVICE_NAME":"OpenMove by Shokz","SMART_VIEW_LABEL":"","DUAL_BT_DEVICE_ADDRESS":"A8:F5:E1:0B:0E:2E","REMOTE_LABEL":"OpenMove by Shokz"}}
12-02 16:05:08.449 D/vol.VolumeDialogControl( 4586): onVolumeChangedW stream = 11, flags = 0, lastAudibleStreamVolume = 7, changed = false, showUI = false, dualAudio = false, musicStreamState=[routedToHeadset=false, routedToBuds=false, routedToBuds3=false, routedToHomeMini=false, routedToMusicFrame=false, routedToHearingAid=false, remoteFixedVolume=false, remoteSpeaker=false]
12-02 16:05:09.055 D/FreecessHandler( 2227): freeze com.ocelot.tunes4r(10561) result : 12
12-02 16:05:09.842 I/bt_btm_pm(10366): system/stack/acl/btm_pm.cc:353 BTM_SetSsrParams: Set sniff subrating state:immediate:active[0] max_latency:0x04b0 min_remote_timeout:0x0002 min_local_timeout:0x0002
12-02 16:05:09.876 I/bt_btm_pm(10366): system/stack/acl/btm_pm.cc:353 BTM_SetSsrParams: Set sniff subrating state:immediate:active[0] max_latency:0x04b0 min_remote_timeout:0x0002 min_local_timeout:0x0002
12-02 16:05:09.880 I/bluetooth(10366): system/btif/avrcp/avrcp_service.cc:597 SendMediaUpdate: track_changed=false :  play_state=true :  queue=false
12-02 16:05:09.880 I/avrcp   (10366): system/profile/avrcp/device.cc:2551 SendMediaUpdate: Metadata=false : play_status= true : queue=false : is_silence=false
12-02 16:05:15.059 D/FreecessHandler( 2227): freeze com.ocelot.tunes4r(10561) result : 12
12-02 16:05:16.755 D/ActivityTaskManager( 2227): scheduleTopResumedActivityChanged, onTop=false, r=ActivityRecord{1030189 u0 com.ocelot.tunes4r/.MainActivity t1036}, caller=com.android.server.wm.ActivityTaskSupervisor.scheduleTopResumedActivityStateLossIfNeeded:19 com.android.server.wm.ActivityTaskSupervisor.updateTopResumedActivityIfNeeded:20 com.android.server.wm.TaskDisplayArea.positionChildAt:252 com.android.server.wm.Task.moveToFront:40 com.android.server.wm.ActivityStarter.startActivityInner:316 com.android.server.wm.ActivityStarter.startActivityUnchecked:205 
12-02 16:05:16.763 D/SGM:FgCheckThread( 2227): notePauseComponent(), received pkgName: com.ocelot.tunes4r, userId: 0
12-02 16:05:16.764 D/WindowManager( 2227): Changing focus from Window{bbd9212 u0 com.ocelot.tunes4r/com.ocelot.tunes4r.MainActivity} to null displayId=0 Callers=com.android.server.wm.ActivityTaskManagerService.setLastResumedActivityUncheckLocked:264 com.android.server.wm.ActivityTaskSupervisor.updateTopResumedActivityIfNeeded:51 com.android.server.wm.TaskFragment.setResumedActivity:75 com.android.server.wm.ActivityRecord.setState:116 
12-02 16:05:16.768 D/SurfaceComposerClient( 2227): setCornerRadius ## bbd9212 com.ocelot.tunes4r/com.ocelot.tunes4r.MainActivity#12430 cornerRadius=0.000000
12-02 16:05:16.768 D/SurfaceComposerClient( 2227): setCornerRadius ## bbd9212 com.ocelot.tunes4r/com.ocelot.tunes4r.MainActivity#12430 cornerRadius=0.000000
12-02 16:05:16.776 D/SurfaceComposerClient( 2227): setCornerRadius ## bbd9212 com.ocelot.tunes4r/com.ocelot.tunes4r.MainActivity#12430 cornerRadius=0.000000
12-02 16:05:16.784 I/Telecom ( 2227): SamsungCallImmediatelyNewOutgoingIntentBroadcaster : hasFeatureForCallImmediately : false
12-02 16:05:16.788 D/SurfaceComposerClient( 2227): setCornerRadius ## bbd9212 com.ocelot.tunes4r/com.ocelot.tunes4r.MainActivity#12430 cornerRadius=0.000000
12-02 16:05:16.791 D/SGM:FgCheckThread( 2227):   sendRunningComponentFocus(), pkgName: com.ocelot.tunes4r, userId: 0
12-02 16:05:16.791 D/InputDispatcher( 2227): Focused application(0): ActivityRecord{1030189 u0 com.ocelot.tunes4r/.MainActivity t1036}
12-02 16:05:16.791 D/WindowManager( 2227): Changing focus from null to Window{bbd9212 u0 com.ocelot.tunes4r/com.ocelot.tunes4r.MainActivity} displayId=0 Callers=com.android.server.wm.ActivityTaskManagerService.setLastResumedActivityUncheckLocked:264 com.android.server.wm.ActivityTaskSupervisor.updateTopResumedActivityIfNeeded:51 com.android.server.wm.TaskFragment.setResumedActivity:75 com.android.server.wm.ActivityRecord.setState:116 
12-02 16:05:16.791 V/SystemKeyManager( 2227): updateFocusedWindow() is called, com.ocelot.tunes4r/com.ocelot.tunes4r.MainActivity
12-02 16:05:16.791 D/ActivityTaskManager( 2227): scheduleTopResumedActivityChanged, onTop=true, r=ActivityRecord{1030189 u0 com.ocelot.tunes4r/.MainActivity t1036}, caller=com.android.server.wm.ActivityTaskSupervisor.scheduleTopResumedActivityStateIfNeeded:18 com.android.server.wm.ActivityTaskSupervisor.updateTopResumedActivityIfNeeded:54 com.android.server.wm.TaskFragment.setResumedActivity:75 com.android.server.wm.ActivityRecord.setState:116 com.android.server.wm.TaskFragment.resumeTopActivity:1718 com.android.server.wm.Task.resumeTopActivityInnerLocked:174 
12-02 16:05:16.791 D/SGM:FgCheckThread( 2227): onLooperPrepared(), msg: MSG_TASK_FOCUSED, pkgName: com.ocelot.tunes4r, userId: 0
12-02 16:05:16.791 D/SGM:FgCheckThread( 2227):   handleTaskFocused(), pkgName: com.ocelot.tunes4r, userID:0 mResumedPkgMap does not containsKey.
12-02 16:05:16.792 D/SurfaceComposerClient( 2227): setCornerRadius ## bbd9212 com.ocelot.tunes4r/com.ocelot.tunes4r.MainActivity#12430 cornerRadius=0.000000
12-02 16:05:16.792 V/WindowManager( 2227): Start calculating TransitionInfo based on participants: {Task{3744bd #1041 type=standard A=1000:com.android.server.telecom}, Task{b5b6bb0 #1036 type=standard I=com.ocelot.tunes4r/.MainActivity}, ActivityRecord{256832038 u0 com.android.server.telecom/.PrivilegedCallActivity t1041 f}}}
12-02 16:05:16.792 V/WindowManager( 2227):   Final targets: [ChangeInfo{aacc68 container=Task{b5b6bb0 #1036 type=standard I=com.ocelot.tunes4r/.MainActivity} flags=0x20}]
12-02 16:05:16.794 V/WindowManager( 2227):         {WCT{RemoteToken{ed66db Task{b5b6bb0 #1036 type=standard I=com.ocelot.tunes4r/.MainActivity}}} m=CHANGE f=MOVE_TO_TOP|EDGE_EXTENSION_RESTRICTION leash=Surface(name=Task=1036)/@0xaaf3fd5 sb=Rect(0, 0 - 904, 2316) eb=Rect(0, 0 - 904, 2316) epz=Point(904, 2316) d=0 taskParent=-1 inset=Rect(0, 85 - 0, 39) allowAppBgLayer=true}
12-02 16:05:16.794 V/WindowManager( 2227):         {WCT{RemoteToken{ed66db Task{b5b6bb0 #1036 type=standard I=com.ocelot.tunes4r/.MainActivity}}} m=CHANGE f=MOVE_TO_TOP|EDGE_EXTENSION_RESTRICTION leash=Surface(name=Task=1036)/@0xaaf3fd5 sb=Rect(0, 0 - 904, 2316) eb=Rect(0, 0 - 904, 2316) epz=Point(904, 2316) d=0 taskParent=-1 inset=Rect(0, 85 - 0, 39) allowAppBgLayer=true}
12-02 16:05:16.797 V/WindowManager( 2227):    ChangeInfo{aacc68 container=Task{b5b6bb0 #1036 type=standard I=com.ocelot.tunes4r/.MainActivity} flags=0x20}
12-02 16:05:16.797 D/ChangeTransitionController( 2227):    ChangeInfo{aacc68 container=Task{b5b6bb0 #1036 type=standard I=com.ocelot.tunes4r/.MainActivity} flags=0x20}
12-02 16:05:16.802 D/InputDispatcher( 2227): Focus left window (0): bbd9212 com.ocelot.tunes4r/com.ocelot.tunes4r.MainActivity
12-02 16:05:16.803 I/HoneySpace.TopTaskUseCase( 5027): topTasks 1036 ComponentInfo{com.ocelot.tunes4r/com.ocelot.tunes4r.MainActivity}[displayId=0]
12-02 16:05:16.817 D/SurfaceFlinger( 1854): [input] setFocusedWindow: bbd9212 com.ocelot.tunes4r/com.ocelot.tunes4r.MainActivity
12-02 16:05:16.818 D/InputDispatcher( 2227): Once focus requested (0): bbd9212 com.ocelot.tunes4r/com.ocelot.tunes4r.MainActivity
12-02 16:05:16.818 D/InputDispatcher( 2227): Focus entered window (0): bbd9212 com.ocelot.tunes4r/com.ocelot.tunes4r.MainActivity
12-02 16:05:16.819 I/HoneySpace.EdgePanel.EdgePanelContainerViewModel( 5027): cocktailHostRepository.edgePanelOperation NoteResumeComponent(componentName=ComponentInfo{com.ocelot.tunes4r/com.ocelot.tunes4r.MainActivity})
12-02 16:05:16.819 I/HoneySpace.EdgePanel.ActivityUtils( 5027): HomePackage : com.sec.android.app.launcher, resumePackageName : com.ocelot.tunes4r, className : com.ocelot.tunes4r.MainActivity
12-02 16:05:16.820 D/SGM:FgCheckThread( 2227): noteResumeComponent(), received pkgName: com.ocelot.tunes4r, userId: 0
12-02 16:05:16.820 D/SGM:FgCheckThread( 2227): onLooperPrepared(), msg: MSG_APP_RESUME, pkgName: com.ocelot.tunes4r, userid: 0
12-02 16:05:16.820 D/SGM:FgCheckThread( 2227):   handleResume(). pkgName: com.ocelot.tunes4r, userId: 0, category: non-game
12-02 16:05:16.820 D/SGM:FgCheckThread( 2227): notifyFocusInOut(). of pkg: com.ocelot.tunes4r, type: 4, isSecGameFamily: false, userId: 0
12-02 16:05:16.821 I/SDHMS:k ( 9206): handleResumeComponent : put = com.ocelot.tunes4r, userid = 0 instanceid =182233641
12-02 16:05:16.822 D/SGM:GameManager( 2227): identifyForegroundApp. com.ocelot.tunes4r, mCurrentUserId: 0, callerUserId: 0
12-02 16:05:16.822 D/SGM:GameManager( 2227): identifyForegroundApp. com.ocelot.tunes4r, mCurrentUserId: 0, callerUserId: 0
12-02 16:05:16.824 D/SGM:FgCheckThread( 2227): getForegroundApp(), foregroundPkgName=com.ocelot.tunes4r
12-02 16:05:16.824 I/Telecom ( 2227): SamsungCallControlPolicyManager : callImmediately phoneNumber : +52*******667 / countryCode :  / isSpecialNumber : false
12-02 16:05:16.824 I/Telecom ( 2227): SamsungCallsManager : wasEverInSpecialNumberForCallImmediately : false
12-02 16:05:16.827 D/SGM:FgCheckThread( 2227): noteStopComponent(), received pkgName: com.android.server.telecom, focusedPkgName: com.ocelot.tunes4r, userId: 0
12-02 16:05:16.873 I/VRI[MainActivity]@d3654b5( 4039): updateBoundsLayer: t=android.view.SurfaceControl$Transaction@d826e0a sc=Surface(name=Bounds for - com.ocelot.tunes4r/com.ocelot.tunes4r.MainActivity@2)/@0xfe8ca19 frame=3
12-02 16:05:16.874 I/WindowManager( 2227): Relayout Window{bbd9212 u0 com.ocelot.tunes4r/com.ocelot.tunes4r.MainActivity}: viewVisibility=0 req=904x2316 ty=1 d0
12-02 16:05:16.874 D/SurfaceComposerClient( 2227): setCornerRadius ## bbd9212 com.ocelot.tunes4r/com.ocelot.tunes4r.MainActivity#12430 cornerRadius=0.000000
12-02 16:05:16.874 D/SurfaceComposerClient( 2227): setCornerRadius ## bbd9212 com.ocelot.tunes4r/com.ocelot.tunes4r.MainActivity#12430 cornerRadius=0.000000
12-02 16:05:16.876 V/WindowManager( 2227): Collecting in transition 707: ActivityRecord{1030189 u0 com.ocelot.tunes4r/.MainActivity t1036}, caller=com.android.server.wm.TransitionController.collect:7 com.android.server.wm.ActivityRecord.setVisibility:132 com.android.server.wm.ActivityRecord.makeInvisible:33 com.android.server.wm.EnsureActivitiesVisibleHelper.setActivityVisibilityState:302 com.android.server.wm.EnsureActivitiesVisibleHelper.process:281 
12-02 16:05:16.876 D/WindowManager( 2227): prepareSync <SYNC_STATE_WAITING_FOR_DRAW>, mPrepareSyncSeqId=0, win=Window{bbd9212 u0 com.ocelot.tunes4r/com.ocelot.tunes4r.MainActivity}
12-02 16:05:16.876 D/SGM:FgCheckThread( 2227): notePauseComponent(), received pkgName: com.ocelot.tunes4r, userId: 0
12-02 16:05:16.877 I/bt_btm_pm(10366): system/stack/acl/btm_pm.cc:272 BTM_SetPowerMode: Setting power mode for peer:xx:xx:xx:xx:0e:2e current_mode:immediate:active[0] new_mode:forced:sniff[2]
12-02 16:05:16.877 I/bt_btm_pm(10366): system/stack/acl/btm_pm.cc:582 btm_pm_snd_md_req: Switching from immediate:active[0x00] to immediate:sniff[0x02]
12-02 16:05:16.877 D/WindowManager( 2227): Changing focus from Window{bbd9212 u0 com.ocelot.tunes4r/com.ocelot.tunes4r.MainActivity} to null displayId=0 Callers=com.android.server.wm.ActivityTaskManagerService.setLastResumedActivityUncheckLocked:264 com.android.server.wm.ActivityTaskSupervisor.updateTopResumedActivityIfNeeded:51 com.android.server.wm.TaskFragment.setResumedActivity:75 com.android.server.wm.ActivityRecord.setState:116 
12-02 16:05:16.880 D/ChangeTransitionController( 2227):    ChangeInfo{2a6bf71 container=ActivityRecord{1030189 u0 com.ocelot.tunes4r/.MainActivity t1036} flags=0x0}
12-02 16:05:16.880 D/ChangeTransitionController( 2227):    ChangeInfo{1ba2156 container=Task{b5b6bb0 #1036 type=standard I=com.ocelot.tunes4r/.MainActivity} flags=0x0}
12-02 16:05:16.880 V/WindowManager( 2227): Start calculating TransitionInfo based on participants: {ActivityRecord{1030189 u0 com.ocelot.tunes4r/.MainActivity t1036}, Task{865950f #1042 type=standard A=10475:com.google.android.dialer}, ActivityRecord{178843286 u0 com.google.android.dialer/com.android.dialer.incall.activity.ui.InCallActivity t1042}}
12-02 16:05:16.880 V/WindowManager( 2227):   Final targets: [ChangeInfo{85bdfff container=Task{865950f #1042 type=standard A=10475:com.google.android.dialer} flags=0x10}, ChangeInfo{1ba2156 container=Task{b5b6bb0 #1036 type=standard I=com.ocelot.tunes4r/.MainActivity} flags=0x10}]
12-02 16:05:16.881 I/AudioManager( 4039): dispatching onAudioFocusChange(-2) to android.media.AudioManager@c9b8593xyz.luan.audioplayers.player.ModernFocusManager$$ExternalSyntheticLambda0@39cd9d0
12-02 16:05:16.881 V/MediaPlayer-JNI( 4039): pause
12-02 16:05:16.881 V/MediaPlayerNative( 4039): pause
12-02 16:05:16.885 V/WindowManager( 2227):         {WCT{RemoteToken{ed66db Task{b5b6bb0 #1036 type=standard I=com.ocelot.tunes4r/.MainActivity}}} m=TO_BACK f=EDGE_EXTENSION_RESTRICTION leash=Surface(name=Task=1036)/@0xaaf3fd5 sb=Rect(0, 0 - 904, 2316) eb=Rect(0, 0 - 904, 2316) epz=Point(904, 2316) d=0 taskParent=-1 inset=Rect(0, 85 - 0, 39) allowAppBgLayer=true}
12-02 16:05:16.887 I/SurfaceFlinger( 1854): Capture layer list: 	 Background for 99daedb SurfaceView[com.ocelot.tunes4r/com.ocelot.tunes4r.MainActivity]@0#12493(seamlessTransition:0)
12-02 16:05:16.887 I/SurfaceFlinger( 1854): Capture layer list: 	 99daedb SurfaceView[com.ocelot.tunes4r/com.ocelot.tunes4r.MainActivity]@0(BLAST)#12492(seamlessTransition:0)
12-02 16:05:16.887 I/SurfaceFlinger( 1854): Capture layer list: 	 com.ocelot.tunes4r/com.ocelot.tunes4r.MainActivity$_4039#12487(seamlessTransition:0)
12-02 16:05:16.887 D/RenderEngine( 1854): [SEC_SF_EFFECTS] drawLayersInternal,1483, Rendering layer 99daedb SurfaceView[com.ocelot.tunes4r/com.ocelot.tunes4r.MainActivity]@0(BLAST)#12492 at index 1
12-02 16:05:16.888 D/RenderEngine( 1854): [SEC_SF_EFFECTS] drawLayersInternal,1483, Rendering layer com.ocelot.tunes4r/com.ocelot.tunes4r.MainActivity$_4039#12487 at index 2
12-02 16:05:16.911 I/SemApeController( 2227): updateStreamingState: com.ocelot.tunes4r uid=10561
12-02 16:05:16.911 I/SemApeController( 2227): [STREAMING] Total number of active media sessions: 2
12-02 16:05:16.911 I/MediaPlayerList(10366): addMediaPlayer() : com.ocelot.tunes4r
12-02 16:05:16.911 I/MediaPlayerList(10366): Already have a controller for the player: com.ocelot.tunes4r, updating instead
12-02 16:05:16.911 I/MediaPlayerWrapper(10366): Controller for com.ocelot.tunes4r maybe is not activated.
12-02 16:05:16.912 I/MediaPlayerList(10366): addMediaPlayer() : com.ocelot.tunes4r
12-02 16:05:16.912 I/MediaPlayerList(10366): Already have a controller for the player: com.ocelot.tunes4r, updating instead
12-02 16:05:16.912 I/MediaPlayerWrapper(10366): Controller for com.ocelot.tunes4r maybe is not activated.
12-02 16:05:16.912 D/PlayLastSongHelper( 4586): OnMediaKeyEventSessionChanged true  true
12-02 16:05:16.912 D/PlayLastSongHelper( 4586): OnMediaKeyEventSessionChanged currentKeyEventMediaController updated
12-02 16:05:16.916 I/MediaPlayerList(10366): addMediaPlayer() : com.ocelot.tunes4r
12-02 16:05:16.916 I/MediaPlayerList(10366): Already have a controller for the player: com.ocelot.tunes4r, updating instead
12-02 16:05:16.916 I/MediaPlayerWrapper(10366): Controller for com.ocelot.tunes4r maybe is not activated.
12-02 16:05:16.919 D/InputDispatcher( 2227): Focus left window (0): bbd9212 com.ocelot.tunes4r/com.ocelot.tunes4r.MainActivity
12-02 16:05:16.925 I/bt_btm_pm(10366): system/stack/acl/btm_pm.cc:260 BTM_SetPowerMode: Current power mode is hold or pending status or pending links state:immediate:pending[5] pm_pending_link:0
12-02 16:05:16.925 V/WindowManager( 2227):         {WCT{RemoteToken{ed66db Task{b5b6bb0 #1036 type=standard I=com.ocelot.tunes4r/.MainActivity}}} m=TO_BACK f=EDGE_EXTENSION_RESTRICTION leash=Surface(name=Task=1036)/@0xaaf3fd5 sb=Rect(0, 0 - 904, 2316) eb=Rect(0, 0 - 904, 2316) epz=Point(904, 2316) d=0 taskParent=-1 inset=Rect(0, 85 - 0, 39) allowAppBgLayer=true}
12-02 16:05:16.952 D/SurfaceFlinger( 1854):        CLIENT |           17347372908594 | 00000102 | RGBA_8888    |   31.0    0.0  904.0 2316.0 |    0    0  873 2316 | 99daedb SurfaceView[com.ocelot.tunes[...]tunes4r.MainActivity]@0(BLAST)#12492 (191)
12-02 16:05:16.952 D/SurfaceFlinger( 1854):        CLIENT |           17347372908599 | 00002100 | RGBA_8888    |   31.0    0.0  904.0 2316.0 |    0    0  904 2316 | com.ocelot.tunes4r/com.ocelot.tunes4r.MainActivity$_4039#12487 (3)
12-02 16:05:16.969 I/PAL: SessionAlsaUtils( 1714): setDeviceMediaConfig: 1048: CODEC_DMA-LPAIF_RXTX-TX-3 rate ch fmt data_fmt 48000 4 2 1
12-02 16:05:16.971 I/PAL: SessionAlsaUtils( 1714): setDeviceMediaConfig: 1048: TDM-LPAIF-RX-PRIMARY rate ch fmt data_fmt 48000 2 6 1
12-02 16:05:16.973 I/PAL: SessionAlsaUtils( 1714): setDeviceMediaConfig: 1048: TDM-LPAIF-RX-PRIMARY rate ch fmt data_fmt 48000 2 6 1
12-02 16:05:16.973 I/PAL: SessionAlsaUtils( 1714): setDeviceMediaConfig: 1048: CODEC_DMA-LPAIF_RXTX-TX-3 rate ch fmt data_fmt 48000 4 2 1
12-02 16:05:16.996 D/ShellTaskOrganizer( 4586): removeStartingWindow, removalInfo=StartingWindowRemovalInfo{taskId=1042 frame=Rect(0, 0 - 904, 2316) playRevealAnimation=true roundedCornerRadius=0.0 deferRemoveMode=0 windowlessSurface=false removeImmediately=false}
12-02 16:05:16.998 I/ImsMediaController( 4411): registerForMediaEvent: session -1
12-02 16:05:17.002 D/SurfaceFlinger( 1854):        CLIENT |           17347372908595 | 00000102 | RGBA_8888    |  168.0    0.0  904.0 2316.0 |    0    0  736 2316 | 99daedb SurfaceView[com.ocelot.tunes[...]tunes4r.MainActivity]@0(BLAST)#12492 (192)
12-02 16:05:17.002 D/SurfaceFlinger( 1854):        CLIENT |           17347372908599 | 00002100 | RGBA_8888    |  168.0    0.0  904.0 2316.0 |    0    0  904 2316 | com.ocelot.tunes4r/com.ocelot.tunes4r.MainActivity$_4039#12487 (3)
12-02 16:05:17.004 I/ImsCall ( 4131): start(1) :: session=[ImsCallSession objId:10236257 callId:[UNINITIALIZED]] ImsCall=[ImsCall objId:194167942 onHold:N mute:N mCallProfile:{ serviceType=1, callType=2, restrictCause=0, mediaProfile={ audioQuality=0, audioDirection=3, audioCodecAttribute=null, videoQuality=0, videoDirection=-1, rttMode=0, hasRttAudioSpeech=false }, emergencyServiceCategories=0, emergencyUrns=[], emergencyCallRouting=0, emergencyCallTesting=false, hasKnownUserIntentEmergency=false, mRestrictCause=0, mCallerNumberVerstat= 0, mAcceptedRtpHeaderExtensions= [] } networkType:13 updateRequest:NONE merging:N merge action pending:N merged:N multiParty:N confHost:N buried term:N isVideo: N wasVideo: N isWifi: N session:null transientSession:null]
12-02 16:05:17.013 I/ImsMediaController( 4411): registerForVideoServiceEvent
12-02 16:05:17.013 I/ImsCall ( 4131): notifyReadyToHandleImsCallbacks ImsCall=[ImsCall objId:194167942 onHold:N mute:N mCallProfile:{ serviceType=1, callType=2, restrictCause=0, mediaProfile={ audioQuality=0, audioDirection=3, audioCodecAttribute=null, videoQuality=0, videoDirection=-1, rttMode=0, hasRttAudioSpeech=false }, emergencyServiceCategories=0, emergencyUrns=[], emergencyCallRouting=0, emergencyCallTesting=false, hasKnownUserIntentEmergency=false, mRestrictCause=0, mCallerNumberVerstat= 0, mAcceptedRtpHeaderExtensions= [] } networkType:13 updateRequest:NONE merging:N merge action pending:N merged:N multiParty:N confHost:N buried term:N isVideo: N wasVideo: N isWifi: N session:[ImsCallSession objId:10236257 callId:8] transientSession:null]
12-02 16:05:17.026 W/bt_btm_pm(10366): system/stack/acl/btm_pm.cc:729 btm_pm_proc_mode_change: Power mode switched from stored:pending[133] to immediate:active[0]
12-02 16:05:17.026 I/bt_btm_pm(10366): system/stack/acl/btm_pm.cc:582 btm_pm_snd_md_req: Switching from immediate:active[0x00] to immediate:sniff[0x02]
12-02 16:05:17.030 I/Telephony( 4131): GsmConnection: setOriginalConnection: TelephonyConnection, originalConnection: [ImsPhoneConnection objId: 146728489 telecomCallID: null address: [****] isAdhocConf: N state: DIALING videoState: 0 callRadioTech: 14 audioQuality: 0 phoneType: 5 ImsCall: [ImsCall objId:194167942 onHold:N mute:N mCallProfile:{ serviceType=1, callType=2, restrictCause=0, mediaProfile={ audioQuality=0, audioDirection=3, audioCodecAttribute=null, videoQuality=0, videoDirection=-1, rttMode=0, hasRttAudioSpeech=false }, emergencyServiceCategories=0, emergencyUrns=[], emergencyCallRouting=0, emergencyCallTesting=false, hasKnownUserIntentEmergency=false, mRestrictCause=0, mCallerNumberVerstat= 0, mAcceptedRtpHeaderExtensions= [] } networkType:13 updateRequest:NONE merging:N merge action pending:N merged:N multiParty:N confHost:N buried term:N isVideo: N wasVideo: N isWifi: N session:[ImsCallSession objId:10236257 callId:8] transientSession:null]]
12-02 16:05:17.031 I/ImsCall ( 4131): sendCallEvent ImsCall=[ImsCall objId:194167942 onHold:N mute:N mCallProfile:{ serviceType=1, callType=2, restrictCause=0, mediaProfile={ audioQuality=0, audioDirection=3, audioCodecAttribute=null, videoQuality=0, videoDirection=-1, rttMode=0, hasRttAudioSpeech=false }, emergencyServiceCategories=0, emergencyUrns=[], emergencyCallRouting=0, emergencyCallTesting=false, hasKnownUserIntentEmergency=false, mRestrictCause=0, mCallerNumberVerstat= 0, mAcceptedRtpHeaderExtensions= [] } networkType:13 updateRequest:NONE merging:N merge action pending:N merged:N multiParty:N confHost:N buried term:N isVideo: N wasVideo: N isWifi: N session:[ImsCallSession objId:10236257 callId:8] transientSession:null]
12-02 16:05:17.031 I/ImsMediaController( 4411): sendGeneralBundleEvent - event: com.samsung.telephony.event.IMSDC_UPDATETELECOMCALLID, extras: Bundle[{sessionId=-1, com.samsung.telephony.extra.ims.IMSDC_TELECOM_CALL_ID=TC@8_1}]
12-02 16:05:17.032 I/ResipMediaHandler( 4411): sendGeneralBundleEvent - event: com.samsung.telephony.event.IMSDC_UPDATETELECOMCALLIDextras: Bundle[{sessionId=-1, com.samsung.telephony.extra.ims.IMSDC_TELECOM_CALL_ID=TC@8_1}]
12-02 16:05:17.053 W/bt_btm_pm(10366): system/stack/acl/btm_pm.cc:729 btm_pm_proc_mode_change: Power mode switched from immediate:pending[5] to immediate:active[0]
12-02 16:05:17.077 I/[MCFDs]_IntentUtil( 9259): emitToConsumer - (android.samsung.media.action.AUDIO_MODE) ACTION_ID_CUSTOM, consumer size=1
12-02 16:05:17.082 V/RcsCallTracker( 4131): analizeAndSendEvents - Connection state: [ImsPhoneConnection objId: 146728489 telecomCallID: TC@8_1 address: [****] isAdhocConf: N state: DIALING videoState: 0 callRadioTech: 14 audioQuality: 0 phoneType: 5 ImsCall: [ImsCall objId:194167942 onHold:N mute:N mCallProfile:{ serviceType=1, callType=2, restrictCause=0, mediaProfile={ audioQuality=0, audioDirection=3, audioCodecAttribute=null, videoQuality=0, videoDirection=-1, rttMode=0, hasRttAudioSpeech=false }, emergencyServiceCategories=0, emergencyUrns=[], emergencyCallRouting=0, emergencyCallTesting=false, hasKnownUserIntentEmergency=false, mRestrictCause=0, mCallerNumberVerstat= 0, mAcceptedRtpHeaderExtensions= [] } networkType:13 updateRequest:NONE merging:N merge action pending:N merged:N multiParty:N confHost:N buried term:N isVideo: N wasVideo: N isWifi: N session:[ImsCallSession objId:10236257 callId:8] transientSession:null]]
12-02 16:05:17.085 D/SurfaceFlinger( 1854):        CLIENT |           17347372908596 | 00000102 | RGBA_8888    |  265.0    0.0  904.0 2316.0 |    0    0  639 2316 | 99daedb SurfaceView[com.ocelot.tunes[...]tunes4r.MainActivity]@0(BLAST)#12492 (193)
12-02 16:05:17.085 D/SurfaceFlinger( 1854):        CLIENT |           17347372908599 | 00002100 | RGBA_8888    |  265.0    0.0  904.0 2316.0 |    0    0  904 2316 | com.ocelot.tunes4r/com.ocelot.tunes4r.MainActivity$_4039#12487 (3)
12-02 16:05:17.093 I/MediaFocusControl( 2227): requestAudioFocus() from uid/pid 1000/2227 AA=USAGE_VOICE_COMMUNICATION/CONTENT_TYPE_SPEECH clientId=AudioFocus_For_Phone_Ring_And_Calls callingPack=com.android.server.telecom req=2 flags=0x4 sdk=0
12-02 16:05:17.093 D/AS.AudioService( 2227): [Android Auto] isConnectedAndroidAuto = false
12-02 16:05:17.093 D/MediaFocusControl( 2227): requestAudioFocus failed while call
12-02 16:05:17.129 V/RcsCallTracker( 4131): analizeAndSendEvents - Connection state: [ImsPhoneConnection objId: 146728489 telecomCallID: TC@8_1 address: [****] isAdhocConf: N state: DIALING videoState: 0 callRadioTech: 14 audioQuality: 0 phoneType: 5 ImsCall: [ImsCall objId:194167942 onHold:N mute:N mCallProfile:{ serviceType=1, callType=2, restrictCause=0, mediaProfile={ audioQuality=0, audioDirection=3, audioCodecAttribute=null, videoQuality=0, videoDirection=-1, rttMode=0, hasRttAudioSpeech=false }, emergencyServiceCategories=0, emergencyUrns=[], emergencyCallRouting=0, emergencyCallTesting=false, hasKnownUserIntentEmergency=false, mRestrictCause=0, mCallerNumberVerstat= 0, mAcceptedRtpHeaderExtensions= [] } networkType:13 updateRequest:NONE merging:N merge action pending:N merged:N multiParty:N confHost:N buried term:N isVideo: N wasVideo: N isWifi: N session:[ImsCallSession objId:10236257 callId:8] transientSession:null]]
12-02 16:05:17.136 I/bt_btm_pm(10366): system/stack/acl/btm_pm.cc:353 BTM_SetSsrParams: Set sniff subrating state:immediate:active[0] max_latency:0x0000 min_remote_timeout:0x0000 min_local_timeout:0x0000
12-02 16:05:17.156 D/MR2SystemProvider( 2227): Updating system provider info : MediaRouteProviderInfo { uniqueId=null, routes=[MediaRoute2Info{ id=ROUTE_ID_BUILTIN_SPEAKER, name=Phone, type=BUILTIN_SPEAKER, routingTypes=REMOTE, isSystem=true, features=[android.media.route.feature.LIVE_AUDIO, android.media.route.feature.LOCAL_PLAYBACK], iconUri=null, description=null, connectionState=2, clientPackageName=null, volume(current=6, max=15, handling=VARIABLE(1)), address=, deduplicationIds=, providerId=null, isVisibilityRestricted=false, allowedPackages=, mRequiredPermissions=(), suitabilityStatus=0 }, MediaRoute2Info{ id=A8:F5:E1:0B:0E:2E, name=OpenMove by Shokz, type=BLUETOOTH_A2DP, routingTypes=REMOTE, isSystem=true, features=[android.media.route.feature.LIVE_AUDIO, android.media.route.feature.LOCAL_PLAYBACK], iconUri=null, description=null, connectionState=2, clientPackageName=null, volume(current=0, max=0, handling=FIXED(0)), address=A8:F5:E1:0B:0E:2E, deduplicationIds=, providerId=null, isVisibilityRestricted=false, allowedPackages=, mRequiredPermissions=(), suitabilityStatus=0 }] }
12-02 16:05:17.156 D/MR2SystemProvider( 2227): Updating system routing session info : RoutingSessionInfo{ sessionId=com.android.server.media/.SystemMediaRoute2Provider2:SYSTEM_SESSION, name=null, clientPackageName=, selectedRoutes={com.android.server.media/.SystemMediaRoute2Provider2:ROUTE_ID_BUILTIN_SPEAKER}, selectableRoutes={}, deselectableRoutes={}, transferableRoutes={com.android.server.media/.SystemMediaRoute2Provider2:A8:F5:E1:0B:0E:2E}, volume(current=0, max=0, handling=FIXED(0)), transferReason=0, transferInitiatorUserHandle=null, transferInitiatorPackageName=null }
12-02 16:05:17.160 I/ImsMediaController( 4411): bindToNetwork() 101
12-02 16:05:17.160 I/ResipMediaHandler( 4411): bindToNetwork : 101
12-02 16:05:17.170 I/VoIpEngineProxy( 4411): IpcCallback: MediaEvtHandler 0x6ebdc527f0 DataBearerEvtHandler 0x6ebdc51a70 RRCConnectionEvtHandler 0x6ebdc52290 NetworkQoSHandler 0x6ebdc52c2c
12-02 16:05:17.174 I/ResipVolteHandler( 4411): notifyCallStatus() session: 8, callstate: CALLING, callType: 1, statusCode: 0, reasonPhrase: , remoteVideoCapa: false, localVideoCapa: false, width: 480, height: 640, isFocus: false, conferenceSupport: , localVideoRtpPort: 0, localVideoRtcpPort: 0, RemoteVideoRtpPort: 0, RemoteVideoRtcpPort: 0, ServiceUrn: , retryAfter: 0, historyInfo: , dtmfEvent: , holdTone: false, cvoEnabled : true, AlertInfo : , videoCrbtType : 0, cmcDeviceId : null, audioRxTrackId : -1, audioBitRate : 6600-12650, cmcCallTime : null, featureCaps: , audioEarlyMediaDir: 1, delayRinging: false, idcExtra: 
12-02 16:05:17.176 I/ImsCallSessionEventHandler( 4411): onImsCallEventHandler, CallStateEvent [sessionId=8, state=CALLING, peer=xxxxx, mSipErrorCode=0 - , Params=CallParams [mPLettering=null, mHistoryInfo=, mDtmfEvent=, mModifySupported=null, mAudioCodec=AMR-WB, mNumberPlus=null, mConferenceSupported=, mIsFocus=null, mIndicationFlag=0, misHDIcon=1, mPhotoRing=null, mLocalVideoRTPPort=0, mLocalVideoRTCPPort=0, mRemoteVideoRTPPort=0, mRemoteVideoRTCPPort=0, mRetryAfter=0, mAlertInfo=, mVideoOrientation=0, mReferredBy=null, mSipCallId=A4m4lXfvUFMMAEo_Fzs5Vw..@102.160.231.181, mOrganization=null, mComposerData=null, mLocalHoldTone=false, mVideoWidth=480, mVideoHeight=640, mVideoCrbtType=0, mFeatureCaps=, mAudioEarlyMediaDir=1, mVerstat=null, mHasDiversion=false, mDelayRinging=false, mRejectProtocol=null, mRejectCode=-1, mRejectText=null, mRemoteHeld=false, mCmcEdCallSlot=-1, mConfSessionId=-1, mCallState=2, mTouchScreenEnabled=false, mCmcCallComposerData=null, mVcrtLocalTone=false]]
12-02 16:05:17.176 I/ImsCallSession(8)( 4411): updateCallProfile: CallParams [mPLettering=null, mHistoryInfo=, mDtmfEvent=, mModifySupported=null, mAudioCodec=AMR-WB, mNumberPlus=null, mConferenceSupported=, mIsFocus=null, mIndicationFlag=0, misHDIcon=1, mPhotoRing=null, mLocalVideoRTPPort=0, mLocalVideoRTCPPort=0, mRemoteVideoRTPPort=0, mRemoteVideoRTCPPort=0, mRetryAfter=0, mAlertInfo=, mVideoOrientation=0, mReferredBy=null, mSipCallId=A4m4lXfvUFMMAEo_Fzs5Vw..@102.160.231.181, mOrganization=null, mComposerData=null, mLocalHoldTone=false, mVideoWidth=480, mVideoHeight=640, mVideoCrbtType=0, mFeatureCaps=, mAudioEarlyMediaDir=1, mVerstat=null, mHasDiversion=false, mDelayRinging=false, mRejectProtocol=null, mRejectCode=-1, mRejectText=null, mRemoteHeld=false, mCmcEdCallSlot=-1, mConfSessionId=-1, mCallState=2, mTouchScreenEnabled=false, mCmcCallComposerData=null, mVcrtLocalTone=false]
12-02 16:05:17.176 I/ImsMediaController( 4411): changeCameraCapabilities
12-02 16:05:17.186 D/KeyguardViewMediator( 4586): onPhoneStateChanged IDLE > OFFHOOK
12-02 16:05:17.206 D/KeyguardViewMediator( 4586): onPhoneStateChanged OFFHOOK > OFFHOOK
12-02 16:05:17.215 D/KeyguardViewMediator( 4586): onPhoneStateChanged OFFHOOK > OFFHOOK
12-02 16:05:17.224 I/AS.SpatializerHelper( 2227): Disabling Spatial Audio since disabled for media device:AudioDeviceAttributes: role:output type:earpiece addr: name: profiles:[] descriptors:[]
