12-02 16:05:07.317 V/MediaRouter( 2227): Selecting route: RouteInfo{ name=OpenMove by Shokz, description=Bluetooth audio, status=null, category=RouteCategory{ name=System types=ROUTE_TYPE_LIVE_AUDIO ROUTE_TYPE_LIVE_VIDEO  groupable=false }, supportedTypes=ROUTE_TYPE_LIVE_AUDIO , presentationDisplay=null }
12-02 16:05:07.318 V/MediaPlayerService( 2342): [219] enableAudioDeviceCallback, 1
12-02 16:05:07.319 V/MediaPlayer-JNI( 2227): start
12-02 16:05:07.319 V/MediaPlayerNative( 2227): start
12-02 16:05:07.319 V/MediaPlayerService( 2342): [219] setLooping(0)
12-02 16:05:07.319 V/MediaPlayerService( 2342): [219] setVolume(1.000000, 1.000000)
12-02 16:05:07.319 V/MediaPlayerService( 2342): [219] setAuxEffectSendLevel(0.000000)
12-02 16:05:07.319 V/MediaPlayerService( 2342): [219] start
12-02 16:05:07.319 V/MediaPlayerService( 2342): getClientDuration
12-02 16:05:07.319 I/MediaClock( 2342): setPlaybackRate rate : 1.000000
12-02 16:05:07.322 I/MediaClock( 2342): setPlaybackRate rate : 1.000000
12-02 16:05:07.322 I/MediaClock( 2342): setSpeedAjust mSASpeed (0), mMinClockModificationTimeUs (80000)
12-02 16:05:07.336 D/CCodecConfig( 2342): read media type: audio/vorbis
12-02 16:05:07.346 D/CCodecConfig( 2342):   string input.media-type.value = "audio/vorbis"
12-02 16:05:07.346 D/CCodecConfig( 2342):   string output.media-type.value = "audio/raw"
12-02 16:05:07.347 W/ServiceManagerCppClient( 2342): Failed to get isDeclared for media_quality: Status(-1, EX_SECURITY): 'SELinux denied for service.'
12-02 16:05:07.347 E/MediaCodec( 2342): Media Quality Service not found.
12-02 16:05:07.348 E/mediaserver( 2342): Failed to query component interface for required system resources: 6
12-02 16:05:07.349 D/SehCodecSolutionService( 2227): updateMediaStatisticsData: (action=1@1986621044;category=4@1986621044;label=1634956898@1986621044)
12-02 16:05:07.349 D/CodecSolution_MediaStatisticsData( 2227): MediaStatisticsData: action=1@1986621044;category=4@1986621044;label=1634956898@1986621044
12-02 16:05:07.349 D/CodecSolution_MediaStatisticsData( 2227): Category.valueOf: 4
12-02 16:05:07.349 D/CodecSolution_MediaStatisticsData( 2227): Action.valueOf: 1
12-02 16:05:07.349 D/CodecSolution_MediaStatisticsData( 2227): Label.valueOf: 0x61737662
12-02 16:05:07.349 D/CodecSolution_MediaStatisticsData( 2227): category: ADEC
12-02 16:05:07.349 D/CodecSolution_MediaStatisticsData( 2227): action: INSTANTIATE
12-02 16:05:07.349 D/CodecSolution_MediaStatisticsData( 2227): label: ANDROID_SW_VORBIS
12-02 16:05:07.351 I/MediaCodec( 2342): MediaCodec will operate in async mode
12-02 16:05:07.351 D/MediaCodec( 2342): keep callback message for reclaim
12-02 16:05:07.386 V/WindowManager( 2227): Collecting in transition 705: ActivityRecord{1030189 u0 com.ocelot.tunes4r/.MainActivity t1036}, caller=com.android.server.wm.TransitionController.collect:7 com.android.server.wm.ActivityRecord.setVisibility:132 com.android.server.wm.TaskFragment.resumeTopActivity:1675 com.android.server.wm.Task.resumeTopActivityInnerLocked:174 com.android.server.wm.Task.resumeTopActivityUncheckedLocked:23 
12-02 16:05:07.387 D/WindowManager( 2227): prepareSync <SYNC_STATE_WAITING_FOR_DRAW>, mPrepareSyncSeqId=0, win=Window{bbd9212 u0 com.ocelot.tunes4r/com.ocelot.tunes4r.MainActivity}
12-02 16:05:07.387 V/WindowManager( 2227): Setting visibility of Window{bbd9212 u0 com.ocelot.tunes4r/com.ocelot.tunes4r.MainActivity}: true, caller=com.android.server.wm.WindowContainer.sendAppVisibilityToClients:19 com.android.server.wm.WindowToken.setClientVisible:48 com.android.server.wm.ActivityRecord.setVisibility:486 com.android.server.wm.TaskFragment.resumeTopActivity:1675 com.android.server.wm.Task.resumeTopActivityInnerLocked:174 
12-02 16:05:07.388 D/SGM:FgCheckThread( 2227):   sendRunningComponentFocus(), pkgName: com.ocelot.tunes4r, userId: 0
12-02 16:05:07.388 D/InputDispatcher( 2227): Focused application(0): ActivityRecord{1030189 u0 com.ocelot.tunes4r/.MainActivity t1036}
12-02 16:05:07.388 D/SGM:FgCheckThread( 2227): onLooperPrepared(), msg: MSG_TASK_FOCUSED, pkgName: com.ocelot.tunes4r, userId: 0
12-02 16:05:07.389 D/ActivityTaskManager( 2227): scheduleTopResumedActivityChanged, onTop=true, r=ActivityRecord{1030189 u0 com.ocelot.tunes4r/.MainActivity t1036}, caller=com.android.server.wm.ActivityTaskSupervisor.scheduleTopResumedActivityStateIfNeeded:18 com.android.server.wm.ActivityTaskSupervisor.updateTopResumedActivityIfNeeded:54 com.android.server.wm.TaskFragment.setResumedActivity:75 com.android.server.wm.ActivityRecord.setState:116 com.android.server.wm.TaskFragment.resumeTopActivity:1718 com.android.server.wm.Task.resumeTopActivityInnerLocked:174 
12-02 16:05:07.389 D/WindowManager( 2227): rotationForOrientation, orientationSource=ActivityRecord{1030189 u0 com.ocelot.tunes4r/.MainActivity t1036}
12-02 16:05:07.389 D/SGM:FgCheckThread( 2227):   handleTaskFocused(), pkgName: com.ocelot.tunes4r, userID:0 mResumedPkgMap does not containsKey.
12-02 16:05:07.389 D/WindowManagerServiceExt( 2227): updateTaskbarTargetIfNeeded: cn=ComponentInfo{com.ocelot.tunes4r/com.ocelot.tunes4r.MainActivity} occludesParent=true isInSplitScreenMode=false
12-02 16:05:07.390 D/SurfaceComposerClient( 2227): setCornerRadius ## bbd9212 com.ocelot.tunes4r/com.ocelot.tunes4r.MainActivity#12430 cornerRadius=0.000000
12-02 16:05:07.390 D/BLASTSyncEngine( 2227): SyncGroup 705:  Unfinished container: ActivityRecord{1030189 u0 com.ocelot.tunes4r/.MainActivity t1036} mSyncState=2
12-02 16:05:07.392 D/VRI[MainActivity]@d3654b5( 4039): WindowStopped on com.ocelot.tunes4r/com.ocelot.tunes4r.MainActivity set to false
12-02 16:05:07.394 D/VRI[MainActivity]@d3654b5( 4039): applyTransactionOnDraw applyImmediately
12-02 16:05:07.398 I/HoneySpace.EdgePanel.EdgePanelContainerViewModel( 5027): cocktailHostRepository.edgePanelOperation NoteResumeComponent(componentName=ComponentInfo{com.ocelot.tunes4r/com.ocelot.tunes4r.MainActivity})
12-02 16:05:07.399 I/HoneySpace.EdgePanel.ActivityUtils( 5027): HomePackage : com.sec.android.app.launcher, resumePackageName : com.ocelot.tunes4r, className : com.ocelot.tunes4r.MainActivity
12-02 16:05:07.400 D/SGM:FgCheckThread( 2227): noteResumeComponent(), received pkgName: com.ocelot.tunes4r, userId: 0
12-02 16:05:07.400 I/SDHMS:k ( 9206): handleResumeComponent : put = com.ocelot.tunes4r, userid = 0 instanceid =182233641
12-02 16:05:07.400 D/SGM:FgCheckThread( 2227): onLooperPrepared(), msg: MSG_APP_RESUME, pkgName: com.ocelot.tunes4r, userid: 0
12-02 16:05:07.402 D/SGM:GameManager( 2227): identifyGamePackage. com.ocelot.tunes4r, mCurrentUserId: 0, callingMethodInfo: com.samsung.android.game.SemGameManager.isGamePackage(SemGameManager.java:106)
12-02 16:05:07.402 D/SGM:SemGameManager( 2227): isGamePackage(), pkgName=com.ocelot.tunes4r, ret=false
12-02 16:05:07.402 D/SGM:FgCheckThread( 2227):   handleResume(). pkgName: com.ocelot.tunes4r, userId: 0, category: non-game
12-02 16:05:07.402 D/SGM:FgCheckThread( 2227): notifyFocusInOut(). of pkg: com.ocelot.tunes4r, type: 4, isSecGameFamily: false, userId: 0
12-02 16:05:07.405 D/SGM:GameManager( 2227): identifyForegroundApp. com.ocelot.tunes4r, mCurrentUserId: 0, callerUserId: 0
12-02 16:05:07.405 D/SGM:GameManager( 2227): identifyForegroundApp. com.ocelot.tunes4r, mCurrentUserId: 0, callerUserId: 0
12-02 16:05:07.406 D/VRI[MainActivity]@d3654b5( 4039): applyTransactionOnDraw applyImmediately
12-02 16:05:07.407 I/WindowManager( 2227): Relayout Window{bbd9212 u0 com.ocelot.tunes4r/com.ocelot.tunes4r.MainActivity}: viewVisibility=0 req=904x2316 ty=1 d0
12-02 16:05:07.407 I/SurfaceFlinger( 1854): id=12487 createSurf, flag=44004, com.ocelot.tunes4r/com.ocelot.tunes4r.MainActivity$_4039#12487
12-02 16:05:07.409 D/WindowManager( 2227): makeSurface duration=1 name=com.ocelot.tunes4r/com.ocelot.tunes4r.MainActivity$_4039
12-02 16:05:07.409 D/SurfaceComposerClient( 2227): setCornerRadius ## bbd9212 com.ocelot.tunes4r/com.ocelot.tunes4r.MainActivity#12430 cornerRadius=0.000000
12-02 16:05:07.409 D/SurfaceComposerClient( 2227): setCornerRadius ## bbd9212 com.ocelot.tunes4r/com.ocelot.tunes4r.MainActivity#12430 cornerRadius=0.000000
12-02 16:05:07.409 D/BLASTSyncEngine( 2227): SyncGroup 705:  Unfinished container: ActivityRecord{1030189 u0 com.ocelot.tunes4r/.MainActivity t1036} mSyncState=2
12-02 16:05:07.409 D/WindowManager( 2227): Changing focus from null to Window{bbd9212 u0 com.ocelot.tunes4r/com.ocelot.tunes4r.MainActivity} displayId=0 Callers=com.android.server.wm.WindowManagerService.relayoutWindow:1411 com.android.server.wm.Session.relayout:27 android.view.IWindowSession$Stub.onTransact:829 com.android.server.wm.Session.onTransact:1 
12-02 16:05:07.410 D/InsetsSourceProvider( 2227): updateControlForTarget: control=InsetsSourceControl: {fbd40001 mType=navigationBars initiallyVisible mSurfacePosition=Point(0, 2190) mInsetsHint=Insets{left=0, top=0, right=0, bottom=39}}, target=Window{bbd9212 u0 com.ocelot.tunes4r/com.ocelot.tunes4r.MainActivity}, from=com.android.server.wm.InsetsStateController.onControlTargetChanged:83 com.android.server.wm.InsetsPolicy.updateBarControlTarget:225 com.android.server.wm.DisplayPolicy.updateSystemBarAttributes:262 com.android.server.wm.WindowManagerService.updateFocusedWindowLocked:372 com.android.server.wm.WindowManagerService.relayoutWindow:1411 
12-02 16:05:07.411 D/InsetsSourceProvider( 2227): updateControlForTarget: control=InsetsSourceControl: {95190000 mType=statusBars initiallyVisible mSurfacePosition=Point(0, 0) mInsetsHint=Insets{left=0, top=85, right=0, bottom=0}}, target=Window{bbd9212 u0 com.ocelot.tunes4r/com.ocelot.tunes4r.MainActivity}, from=com.android.server.wm.InsetsStateController.onControlTargetChanged:83 com.android.server.wm.InsetsPolicy.updateBarControlTarget:212 com.android.server.wm.DisplayPolicy.updateSystemBarAttributes:262 com.android.server.wm.WindowManagerService.updateFocusedWindowLocked:372 com.android.server.wm.WindowManagerService.relayoutWindow:1411 
12-02 16:05:07.412 D/WindowManager( 2227): updateSystemBarAttributes: displayId=0, focusedCanBeNavColorWin=false, win=Window{bbd9212 u0 com.ocelot.tunes4r/com.ocelot.tunes4r.MainActivity}, navColorWin=Window{ef18ca0 u0 com.google.android.dialer/com.android.dialer.incall.activity.ui.InCallActivity}, caller=com.android.server.wm.WindowManagerService.updateFocusedWindowLocked:372 com.android.server.wm.WindowManagerService.relayoutWindow:1411 com.android.server.wm.Session.relayout:27 
12-02 16:05:07.412 V/SystemKeyManager( 2227): updateFocusedWindow() is called, com.ocelot.tunes4r/com.ocelot.tunes4r.MainActivity
12-02 16:05:07.413 D/SurfaceComposerClient( 2227): setCornerRadius ## bbd9212 com.ocelot.tunes4r/com.ocelot.tunes4r.MainActivity#12430 cornerRadius=0.000000
12-02 16:05:07.413 D/SurfaceComposerClient( 2227): setCornerRadius ## bbd9212 com.ocelot.tunes4r/com.ocelot.tunes4r.MainActivity#12430 cornerRadius=0.000000
12-02 16:05:07.413 D/BLASTSyncEngine( 2227): SyncGroup 705:  Unfinished container: ActivityRecord{1030189 u0 com.ocelot.tunes4r/.MainActivity t1036} mSyncState=2
12-02 16:05:07.414 I/HoneySpace.TopTaskUseCase( 5027): topTasks 1036 ComponentInfo{com.ocelot.tunes4r/com.ocelot.tunes4r.MainActivity}[displayId=0]
12-02 16:05:07.416 I/SurfaceFlinger( 1854): id=12490 createSurf, flag=20004, Bounds for - com.ocelot.tunes4r/com.ocelot.tunes4r.MainActivity@2#12490
12-02 16:05:07.417 I/SurfaceFlinger( 1854): id=12491 createSurf, flag=84004, 99daedb SurfaceView[com.ocelot.tunes4r/com.ocelot.tunes4r.MainActivity]@0#12491
12-02 16:05:07.417 I/SurfaceFlinger( 1854): id=12492 createSurf, flag=44400, 99daedb SurfaceView[com.ocelot.tunes4r/com.ocelot.tunes4r.MainActivity]@0(BLAST)#12492
12-02 16:05:07.417 I/SurfaceFlinger( 1854): id=12493 createSurf, flag=20404, Background for 99daedb SurfaceView[com.ocelot.tunes4r/com.ocelot.tunes4r.MainActivity]@0#12493
12-02 16:05:07.417 I/BLASTBufferQueue_Java( 4039): new BLASTBufferQueue, mName= 99daedb SurfaceView[com.ocelot.tunes4r/com.ocelot.tunes4r.MainActivity]@0 mNativeObject= 0xb400006f67fb0000 caller= android.view.SurfaceView.createBlastSurfaceControls:1781 android.view.SurfaceView.updateSurface:1450 android.view.SurfaceView.setWindowStopped:539 android.view.SurfaceView.surfaceCreated:2327 android.view.ViewRootImpl.notifySurfaceCreated:3502 android.view.ViewRootImpl.performTraversals:5286 android.view.ViewRootImpl.doTraversal:3924 android.view.ViewRootImpl$TraversalRunnable.run:12903 android.view.Choreographer$CallbackRecord.run:1901 android.view.Choreographer$CallbackRecord.run:1910 
12-02 16:05:07.417 I/BLASTBufferQueue_Java( 4039): update, w= 904 h= 2316 mName = 99daedb SurfaceView[com.ocelot.tunes4r/com.ocelot.tunes4r.MainActivity]@0 mNativeObject= 0xb400006f67fb0000 sc.mNativeObject= 0xb400006fd1107100 format= 4 caller= android.view.SurfaceView.createBlastSurfaceControls:1782 android.view.SurfaceView.updateSurface:1450 android.view.SurfaceView.setWindowStopped:539 android.view.SurfaceView.surfaceCreated:2327 android.view.ViewRootImpl.notifySurfaceCreated:3502 android.view.ViewRootImpl.performTraversals:5286 
12-02 16:05:07.418 D/SurfaceComposerClient( 4039): setCornerRadius ## 99daedb SurfaceView[com.ocelot.tunes4r/com.ocelot.tunes4r.MainActivity]@0#12491 cornerRadius=0.000000
12-02 16:05:07.422 I/SurfaceFlinger( 1854): [com.ocelot.tunes4r/com.ocelot.tunes4r.MainActivity$_4039#12487] attach to parent LayerHierarchy{RequestedLayerState{bbd9212 com.ocelot.tunes4r/com.ocelot.tunes4r.MainActivity#12430 parentId=12422} 1 children}
12-02 16:05:07.422 I/SurfaceFlinger( 1854): [Bounds for - com.ocelot.tunes4r/com.ocelot.tunes4r.MainActivity@2#12490] attach to parent LayerHierarchy{RequestedLayerState{com.ocelot.tunes4r/com.ocelot.tunes4r.MainActivity$_4039#12487 parentId=12430} 1 children}
12-02 16:05:07.422 I/SurfaceFlinger( 1854): [99daedb SurfaceView[com.ocelot.tunes4r/com.ocelot.tunes4r.MainActivity]@0#12491] attach to parent LayerHierarchy{RequestedLayerState{Bounds for - com.ocelot.tunes4r/com.ocelot.tunes4r.MainActivity@2#12490 parentId=12487} 1 children}
12-02 16:05:07.422 I/SurfaceFlinger( 1854): [99daedb SurfaceView[com.ocelot.tunes4r/com.ocelot.tunes4r.MainActivity]@0(BLAST)#12492] attach to parent LayerHierarchy{RequestedLayerState{99daedb SurfaceView[com.ocelot.tunes4r/com.ocelot.tunes4r.MainActivity]@0#12491 parentId=12490} 1 children}
12-02 16:05:07.422 I/SurfaceFlinger( 1854): [Background for 99daedb SurfaceView[com.ocelot.tunes4r/com.ocelot.tunes4r.MainActivity]@0#12493] attach to parent LayerHierarchy{RequestedLayerState{99daedb SurfaceView[com.ocelot.tunes4r/com.ocelot.tunes4r.MainActivity]@0#12491 parentId=12490} 2 children}
12-02 16:05:07.429 I/SurfaceFlinger( 1854): [com.ocelot.tunes4r/com.ocelot.tunes4r.MainActivity$_4039#12487] setTransactionState with the first frame. bufferData(ID: 17347372908599, frameNumber: 1)
12-02 16:05:07.439 I/SurfaceFlinger( 1854): RequestedLayer [99daedb SurfaceView[com.ocelot.tunes[...]ocelot.tunes4r.MainActivity]@0#12491] hidden!! flag  from(1) --> to(0)
12-02 16:05:07.439 I/SurfaceFlinger( 1854): RequestedLayer [Bounds for - com.ocelot.tunes4r/com.ocelot.tunes4r.MainActivity@2#12490] hidden!! flag  from(1) --> to(0)
12-02 16:05:07.439 I/SurfaceFlinger( 1854): RequestedLayer [Background for 99daedb SurfaceView[c[...]ocelot.tunes4r.MainActivity]@0#12493] hidden!! flag  from(1) --> to(0)
12-02 16:05:07.439 I/SurfaceFlinger( 1854): [LayerHierarchy{RequestedLayerState{99daedb SurfaceView[com.ocelot.tunes4r/com.ocelot.tunes4r.MainActivity]@0#12491 parentId=12490 relativeParentId=12487 z=-2} 2 children}] RelativeParent to LayerHierarchy{RequestedLayerState{com.ocelot.tunes4r/com.ocelot.tunes4r.MainActivity$_4039#12487 parentId=12430} 2 children}
12-02 16:05:07.439 I/SurfaceFlinger( 1854): [LayerHierarchy{RequestedLayerState{Background for 99daedb SurfaceView[com.ocelot.tunes4r/com.ocelot.tunes4r.MainActivity]@0#12493 parentId=12491 relativeParentId=12487 z=-2147483648} no children}] RelativeParent to LayerHierarchy{RequestedLayerState{com.ocelot.tunes4r/com.ocelot.tunes4r.MainActivity$_4039#12487 parentId=12430} 3 children}
12-02 16:05:07.441 D/SurfaceFlinger( 1854): [input] setFocusedWindow: bbd9212 com.ocelot.tunes4r/com.ocelot.tunes4r.MainActivity
12-02 16:05:07.441 D/InputDispatcher( 2227): Once focus requested (0): bbd9212 com.ocelot.tunes4r/com.ocelot.tunes4r.MainActivity
12-02 16:05:07.441 D/InputDispatcher( 2227): Focus request (0): bbd9212 com.ocelot.tunes4r/com.ocelot.tunes4r.MainActivity but waiting because NOT_VISIBLE
12-02 16:05:07.445 D/MediaPlayerService( 2342): onAudioDeviceUpdate deviceIds: 1479
12-02 16:05:07.445 V/MediaPlayerService( 2342): [219] notify (10000, 69, 0)
12-02 16:05:07.445 V/MediaPlayerNative( 2227): message received msg=10000, ext1=69, ext2=0
12-02 16:05:07.445 I/MediaClock( 2342): setThreshold mThresholdTimeUsForAnchor(500000), mMinClockModificationTimeUs(80000), mMaxCorrectionTimeUs(30000)
12-02 16:05:07.445 I/MediaClock( 2342): setPlaybackRate rate : 0.000000
12-02 16:05:07.445 I/NuPlayerRenderer( 2342): setAudioFirstAnchorTime mAudioFirstAnchorTimeMediaUs : -1, new mediaTimeUs : 0
12-02 16:05:07.445 I/MediaClock( 2342): getMediaTime_l - mAnchorTimeRealUs is '-1'
12-02 16:05:07.445 V/NuPlayer( 2342): media rendering started
12-02 16:05:07.445 V/MediaPlayerService( 2342): [219] notify (6, 0, 0)
12-02 16:05:07.445 I/MediaClock( 2342): getMediaTime_l - mAnchorTimeRealUs is '-1'
12-02 16:05:07.445 V/MediaPlayerNative( 2227): message received msg=6, ext1=0, ext2=0
12-02 16:05:07.445 V/MediaPlayerNative( 2227): Received media started message
12-02 16:05:07.445 I/MediaClock( 2342): getMediaTime_l - mAnchorTimeRealUs is '-1'
12-02 16:05:07.445 I/MediaClock( 2342): getMediaTime_l - mAnchorTimeRealUs is '-1'
12-02 16:05:07.447 I/InsetsSourceConsumer( 4039): applyRequestedVisibilityToControl: visible=true, type=navigationBars, host=com.ocelot.tunes4r/com.ocelot.tunes4r.MainActivity
12-02 16:05:07.447 I/InsetsSourceConsumer( 4039): applyRequestedVisibilityToControl: visible=true, type=statusBars, host=com.ocelot.tunes4r/com.ocelot.tunes4r.MainActivity
12-02 16:05:07.448 I/BLASTBufferQueue( 4039): [99daedb SurfaceView[com.ocelot.tunes4r/com.ocelot.tunes4r.MainActivity]@0#5](f:0,a:0,s:0) onFrameAvailable the first frame is available
12-02 16:05:07.448 I/SurfaceFlinger( 1854): [99daedb SurfaceView[com.ocelot.tunes4r/com.ocelot.tunes4r.MainActivity]@0(BLAST)#12492] setTransactionState with the first frame. bufferData(ID: 17347372908594, frameNumber: 1)
12-02 16:05:07.449 D/WindowManager( 2227): finishDrawingWindow: Window{bbd9212 u0 com.ocelot.tunes4r/com.ocelot.tunes4r.MainActivity} mDrawState=DRAW_PENDING seqId=0
12-02 16:05:07.450 D/SurfaceComposerClient( 2227): setCornerRadius ## bbd9212 com.ocelot.tunes4r/com.ocelot.tunes4r.MainActivity#12430 cornerRadius=0.000000
12-02 16:05:07.450 D/AGM: graph_module( 1714): configure_output_media_format: 827 entry mod tag c000000e miid 403a mid 7001005
12-02 16:05:07.450 D/SurfaceComposerClient( 2227): setCornerRadius ## bbd9212 com.ocelot.tunes4r/com.ocelot.tunes4r.MainActivity#12430 cornerRadius=0.000000
12-02 16:05:07.450 D/AGM: graph_module( 1714): configure_output_media_format: 958 exit, ret 0
12-02 16:05:07.450 D/AGM: graph_module( 1714): configure_output_media_format: 827 entry mod tag c0000010 miid 403b mid 7001003
12-02 16:05:07.450 D/AGM: graph_module( 1714): configure_output_media_format: 958 exit, ret 0
12-02 16:05:07.450 V/WindowManager( 2227): performShowLocked: mDrawState=HAS_DRAWN in Window{bbd9212 u0 com.ocelot.tunes4r/com.ocelot.tunes4r.MainActivity}
12-02 16:05:07.450 D/ChangeTransitionController( 2227):    ChangeInfo{7e8f333 container=ActivityRecord{1030189 u0 com.ocelot.tunes4r/.MainActivity t1036} flags=0x0}
12-02 16:05:07.450 D/ChangeTransitionController( 2227):    ChangeInfo{ab58f8f container=Task{b5b6bb0 #1036 type=standard I=com.ocelot.tunes4r/.MainActivity} flags=0x0}
12-02 16:05:07.450 V/WindowManager( 2227): Start calculating TransitionInfo based on participants: {ActivityRecord{1030189 u0 com.ocelot.tunes4r/.MainActivity t1036}, ActivityRecord{133192045 u0 com.google.android.dialer/com.android.dialer.incall.activity.ui.InCallActivity t1040 f}}, Task{b5b6bb0 #1036 type=standard I=com.ocelot.tunes4r/.MainActivity}, Task{c365633 #1040 type=standard A=10475:com.google.android.dialer}}
12-02 16:05:07.451 V/WindowManager( 2227):   Final targets: [ChangeInfo{ab58f8f container=Task{b5b6bb0 #1036 type=standard I=com.ocelot.tunes4r/.MainActivity} flags=0x30}, ChangeInfo{8a5e21c container=Task{c365633 #1040 type=standard A=10475:com.google.android.dialer} flags=0x10}]
12-02 16:05:07.452 I/SurfaceControlRegistry( 2227): show, t=StartTransaction_SyncId<705> sc=ActivityRecord{1030189 u0 com.ocelot.tunes4r/.MainActivity t1036}, caller=android.view.SurfaceControl$Transaction.show:3557 com.android.server.wm.Transition.onTransactionReady:2048 com.android.server.wm.BLASTSyncEngine$SyncGroup.finishNow:245 com.android.server.wm.BLASTSyncEngine.onSurfacePlacement:263 com.android.server.wm.RootWindowContainer.performSurfacePlacementNoTrace:1110 com.android.server.wm.WindowSurfacePlacer.performSurfacePlacement:166 
12-02 16:05:07.452 V/WindowManager( 2227):         {WCT{RemoteToken{ed66db Task{b5b6bb0 #1036 type=standard I=com.ocelot.tunes4r/.MainActivity}}} m=TO_FRONT f=MOVE_TO_TOP|EDGE_EXTENSION_RESTRICTION leash=Surface(name=Task=1036)/@0xaaf3fd5 sb=Rect(0, 0 - 904, 2316) eb=Rect(0, 0 - 904, 2316) epz=Point(904, 2316) d=0 taskParent=-1 inset=Rect(0, 85 - 0, 39) allowAppBgLayer=true},
12-02 16:05:07.459 D/SurfaceComposerClient( 2227): setCornerRadius ## bbd9212 com.ocelot.tunes4r/com.ocelot.tunes4r.MainActivity#12430 cornerRadius=0.000000
12-02 16:05:07.459 D/WindowManager( 2227): updateSystemBarAttributes: displayId=0, focusedCanBeNavColorWin=false, win=Window{bbd9212 u0 com.ocelot.tunes4r/com.ocelot.tunes4r.MainActivity}, navColorWin=Window{bbd9212 u0 com.ocelot.tunes4r/com.ocelot.tunes4r.MainActivity}, caller=com.android.server.wm.DisplayPolicy.finishPostLayoutPolicyLw:17 com.android.server.wm.RootWindowContainer.applySurfaceChangesTransaction$1:195 com.android.server.wm.RootWindowContainer.performSurfacePlacementNoTrace:86 
12-02 16:05:07.459 D/SurfaceComposerClient( 2227): setCornerRadius ## bbd9212 com.ocelot.tunes4r/com.ocelot.tunes4r.MainActivity#12430 cornerRadius=0.000000
12-02 16:05:07.462 I/MediaClock( 2342): getMediaTime_l - mAnchorTimeRealUs is '-1'
12-02 16:05:07.462 V/WindowManager( 2227):         {WCT{RemoteToken{ed66db Task{b5b6bb0 #1036 type=standard I=com.ocelot.tunes4r/.MainActivity}}} m=TO_FRONT f=MOVE_TO_TOP|EDGE_EXTENSION_RESTRICTION leash=Surface(name=Task=1036)/@0xaaf3fd5 sb=Rect(0, 0 - 904, 2316) eb=Rect(0, 0 - 904, 2316) epz=Point(904, 2316) d=0 taskParent=-1 inset=Rect(0, 85 - 0, 39) allowAppBgLayer=true},
12-02 16:05:07.464 D/NavigationBar( 4586): onSystemBarAttributesChanged() -  displayId:0, appearance:8, packageName: com.ocelot.tunes4r (APPEARANCE_LIGHT_STATUS_BARS ), navbarColorManagedByIme:false
12-02 16:05:07.468 I/MediaClock( 2342): getMediaTime_l - mAnchorTimeRealUs is '-1'
12-02 16:05:07.469 I/MediaClock( 2342): getMediaTime_l - mAnchorTimeRealUs is '-1'
12-02 16:05:07.470 I/MediaClock( 2342): getMediaTime_l - mAnchorTimeRealUs is '-1'
12-02 16:05:07.470 I/MediaClock( 2342): getMediaTime_l - mAnchorTimeRealUs is '-1'
12-02 16:05:07.470 V/MediaPlayerService( 2342): [219] getRoutedDeviceIds
12-02 16:05:07.472 I/SurfaceFlinger( 1854): RequestedLayer [com.ocelot.tunes4r/com.ocelot.tunes4r.MainActivity$_4039#12487] hidden!! flag  from(1) --> to(0)
12-02 16:05:07.472 I/SurfaceFlinger( 1854): RequestedLayer [ActivityRecord{1030189 u0 com.ocelot.tunes4r/.MainActivity t1036}#12422] hidden!! flag  from(1) --> to(0)
12-02 16:05:07.474 D/SurfaceComposerClient( 2227): setCornerRadius ## bbd9212 com.ocelot.tunes4r/com.ocelot.tunes4r.MainActivity#12430 cornerRadius=0.000000
12-02 16:05:07.475 D/InputDispatcher( 2227): Focus entered window (0): bbd9212 com.ocelot.tunes4r/com.ocelot.tunes4r.MainActivity
12-02 16:05:07.474 I/MediaClock( 2342): getMediaTime_l - mAnchorTimeRealUs is '-1'
12-02 16:05:07.476 V/MediaPlayerService( 2342): [219] notify (211, 0, 0)
12-02 16:05:07.476 V/MediaPlayerNative( 2227): message received msg=211, ext1=0, ext2=0
12-02 16:05:07.478 I/ImeTracker( 2227): com.ocelot.tunes4r:c96ab16a: onRequestHide at ORIGIN_SERVER reason HIDE_UNSPECIFIED_WINDOW fromUser false
12-02 16:05:07.486 I/ImeTracker( 4039): com.ocelot.tunes4r:c96ab16a: onCancelled at PHASE_CLIENT_ALREADY_HIDDEN
12-02 16:05:07.487 I/NuPlayerRenderer( 2342): kWhatPollingAudioStarted update nowMediaUs : 18781 us
12-02 16:05:07.487 I/MediaClock( 2342): setPlaybackRate rate : 1.000000
12-02 16:05:07.487 I/MediaClock( 2342): setSpeedAjust mSASpeed (0), mMinClockModificationTimeUs (80000)
12-02 16:05:07.487 V/MediaPlayerService( 2342): [219] notify (211, 0, 0)
12-02 16:05:07.487 V/MediaPlayerService( 2342): [219] notify (211, 0, 0)
12-02 16:05:07.487 V/MediaPlayerService( 2342): [219] notify (211, 0, 0)
12-02 16:05:07.504 I/HBD     (11451): b [AiWriter] setContact : com.ocelot.tunes4r
12-02 16:05:07.506 I/SurfaceFlinger( 1854): [LayerHierarchy{RequestedLayerState{ImeContainer#16 parentId=12422 relativeParentId=12430 z=1} 1 children}] reparent to LayerHierarchy{RequestedLayerState{ActivityRecord{1030189 u0 com.ocelot.tunes4r/.MainActivity t1036}#12422 parentId=12421} 3 children}
12-02 16:05:07.506 I/SurfaceFlinger( 1854): [LayerHierarchy{RequestedLayerState{ImeContainer#16 parentId=12422 relativeParentId=12430 z=1} 1 children}] RelativeParent to LayerHierarchy{RequestedLayerState{bbd9212 com.ocelot.tunes4r/com.ocelot.tunes4r.MainActivity#12430 parentId=12422} 2 children}
12-02 16:05:07.508 D/SurfaceFlinger( 1854):        DEVICE |           17347372908596 | 00000102 | RGBA_8888    |  296.0    0.0  904.0 2316.0 |    0    0  608 2316 | 99daedb SurfaceView[com.ocelot.tunes[...]tunes4r.MainActivity]@0(BLAST)#12492 (3)
12-02 16:05:07.508 D/SurfaceFlinger( 1854):        DEVICE |           17347372908600 | 00002100 | RGBA_8888    |  296.0    0.0  904.0 2316.0 |    0    0  608 2316 | com.ocelot.tunes4r/com.ocelot.tunes4r.MainActivity$_4039#12487 (2)
12-02 16:05:07.535 D/MdnieScenarioControlService( 2227):  packageName : com.ocelot.tunes4r    className : com.ocelot.tunes4r.MainActivity
12-02 16:05:07.641 D/SurfaceFlinger( 1854):        DEVICE |           17347372908594 | 00000102 | RGBA_8888    |   56.0    0.0  904.0 2316.0 |    0    0  848 2316 | 99daedb SurfaceView[com.ocelot.tunes[...]tunes4r.MainActivity]@0(BLAST)#12492 (6)
12-02 16:05:07.641 D/SurfaceFlinger( 1854):        DEVICE |           17347372908600 | 00002100 | RGBA_8888    |   56.0    0.0  904.0 2316.0 |    0    0  848 2316 | com.ocelot.tunes4r/com.ocelot.tunes4r.MainActivity$_4039#12487 (2)
12-02 16:05:07.694 I/SGPController(13373): onForegroundAppChanged() update=false, cn=ComponentInfo{com.ocelot.tunes4r/com.ocelot.tunes4r.MainActivity}
12-02 16:05:07.790 I/ShtCoreImpl(30740): (Bean)(1.15)handleMediaStateUpdated(false)/current internal val : false
12-02 16:05:07.790 I/ShtCoreImpl(30740): (Bean)(1.15)updateRunningCondition : setting(false),conn(false),media(false),wear(false),screen(true),audiopath(false)
12-02 16:05:07.853 V/MediaPlayerService( 2342): [219] notify (2, 0, 0)
12-02 16:05:07.853 V/MediaPlayerNative( 2227): message received msg=2, ext1=0, ext2=0
12-02 16:05:07.853 V/MediaPlayerNative( 2227): playback complete
12-02 16:05:07.853 I/MediaClock( 2342): setPlaybackRate rate : 0.000000
12-02 16:05:07.854 V/MediaPlayerService( 2342): [219] notify (211, 0, 0)
12-02 16:05:07.854 V/MediaPlayerNative( 2227): message received msg=211, ext1=0, ext2=0
12-02 16:05:07.854 V/MediaPlayerService( 2342): [219] enableAudioDeviceCallback, 0
12-02 16:05:07.854 I/Telecom ( 2227): InCallTonePlayer: playMediaTone: toneResourceId=2131623937 completed.
12-02 16:05:07.854 I/Telecom ( 2227): InCallTonePlayer: playMediaTone: tone playback stopped.: CSW.sDc->ICTP.r(cap)@MAA
12-02 16:05:07.854 D/MediaSessionService( 2227): Audio playback is changed, config=AudioPlaybackConfiguration piid:8535 deviceIds:[1479] type:android.media.MediaPlayer u/pid:1000/2227 state:stopped attr:AudioAttributes: usage=USAGE_VOICE_COMMUNICATION content=CONTENT_TYPE_SPEECH flags=0x800 tags= bundle=null sessionId:8825 mutedState:none  FormatInfo{isSpatialized=false, channelMask=0x1, sampleRate=44100}, removed=false
12-02 16:05:07.855 D/MediaSessionStack( 2227): updateMediaButtonSessionIfNeeded, callers=com.android.server.media.AudioPlayerStateMonitor$MessageHandler.handleMessage:19 android.os.Handler.dispatchMessage:110 
12-02 16:05:07.855 D/MediaSessionStack( 2227): updateMediaButtonSessionIfNeeded, skipping uid=1000
12-02 16:05:07.855 D/MediaSessionStack( 2227): updateMediaButtonSessionIfNeeded, skipping uid=10528
12-02 16:05:07.855 D/MediaSessionStack( 2227): updateMediaButtonSessionIfNeeded, skipping uid=10041
12-02 16:05:07.855 D/MediaSessionStack( 2227): updateMediaButtonSessionIfNeeded, skipping uid=10421
12-02 16:05:07.855 D/MediaSessionStack( 2227): updateMediaButtonSessionIfNeeded, skipping uid=10443
12-02 16:05:07.855 D/MediaSessionStack( 2227): updateMediaButtonSessionIfNeeded, skipping uid=10633
12-02 16:05:07.855 D/MediaSessionStack( 2227): updateMediaButtonSessionIfNeeded, skipping uid=10392
12-02 16:05:07.855 V/MediaPlayer( 2227): resetDrmState:  mDrmInfo=null mDrmProvisioningThread=null mPrepareDrmInProgress=false mActiveDrmScheme=false
12-02 16:05:07.855 V/MediaPlayer( 2227): cleanDrmObj: mDrmObj=null mDrmSessionId=null
12-02 16:05:07.855 V/MediaPlayer-JNI( 2227): release
12-02 16:05:07.855 V/MediaPlayerNative( 2227): setListener
12-02 16:05:07.855 V/MediaPlayerNative( 2227): disconnect
12-02 16:05:07.855 D/MediaRouterService( 2227): onAudioPlayerActiveStateChanged: uid=1000, active=false, delaying
12-02 16:05:07.858 V/MediaPlayerService( 2342): disconnect(219) from AttributionSource AttributionSourceState{pid: 2227, uid: 1000, deviceId: 0, packageName: com.android.server.telecom, attributionTag: (null), token: binder:0xb400007d4de588c0, renouncedPermissions: [], next: []}
12-02 16:05:07.860 I/MediaMonitor( 2342): stop time 54654566872
12-02 16:05:07.861 V/MediaPlayerNative( 2227): destructor
12-02 16:05:07.861 V/MediaPlayerService( 2342): Client(219) destructor AttributionSource = AttributionSourceState{pid: 2227, uid: 1000, deviceId: 0, packageName: com.android.server.telecom, attributionTag: (null), token: binder:0xb400007d4de588c0, renouncedPermissions: [], next: []}
12-02 16:05:07.861 V/MediaPlayerService( 2342): disconnect(219) from AttributionSource AttributionSourceState{pid: 2227, uid: 1000, deviceId: 0, packageName: com.android.server.telecom, attributionTag: (null), token: binder:0xb400007d4de588c0, renouncedPermissions: [], next: []}
12-02 16:05:07.862 V/MediaPlayerNative( 2227): disconnect
12-02 16:05:07.862 I/MediaCodec( 2342): Codec shutdown complete
12-02 16:05:07.878 V/WindowManager( 2227):    ChangeInfo{7e8f333 container=ActivityRecord{1030189 u0 com.ocelot.tunes4r/.MainActivity t1036} flags=0x0}
12-02 16:05:07.878 V/WindowManager( 2227):    ChangeInfo{ab58f8f container=Task{b5b6bb0 #1036 type=standard I=com.ocelot.tunes4r/.MainActivity} flags=0x30}
12-02 16:05:07.879 D/PersonaActivityHelper( 2227): token.toString()  Token{adcaa29 ActivityRecord{1030189 u0 com.ocelot.tunes4r/.MainActivity t1036}}
12-02 16:05:07.880 D/ChangeTransitionController( 2227):    ChangeInfo{7e8f333 container=ActivityRecord{1030189 u0 com.ocelot.tunes4r/.MainActivity t1036} flags=0x0}
12-02 16:05:07.880 D/ChangeTransitionController( 2227):    ChangeInfo{ab58f8f container=Task{b5b6bb0 #1036 type=standard I=com.ocelot.tunes4r/.MainActivity} flags=0x30}
12-02 16:05:07.881 D/KeyguardViewMediator( 4586): handleMessage 9
12-02 16:05:07.881 D/KeyguardViewMediator( 4586): handleSetOccluded(false) seq=188
12-02 16:05:07.892 D/SurfaceFlinger( 1854):        DEVICE |           17347372908598 | 00000102 | RGBA_8888    |    0.0    0.0  904.0 2316.0 |    0    0  904 2316 | 99daedb SurfaceView[com.ocelot.tunes[...]tunes4r.MainActivity]@0(BLAST)#12492 (10)
12-02 16:05:07.892 D/SurfaceFlinger( 1854):        DEVICE |           17347372908600 | 00002100 | RGBA_8888    |    0.0    0.0  904.0 2316.0 |    0    0  904 2316 | com.ocelot.tunes4r/com.ocelot.tunes4r.MainActivity$_4039#12487 (2)
12-02 16:05:07.892 D/SurfaceComposerClient( 2227): setCornerRadius ## bbd9212 com.ocelot.tunes4r/com.ocelot.tunes4r.MainActivity#12430 cornerRadius=0.000000
12-02 16:05:07.896 D/SurfaceComposerClient( 2227): setCornerRadius ## bbd9212 com.ocelot.tunes4r/com.ocelot.tunes4r.MainActivity#12430 cornerRadius=0.000000
12-02 16:05:07.896 D/SurfaceComposerClient( 2227): setCornerRadius ## bbd9212 com.ocelot.tunes4r/com.ocelot.tunes4r.MainActivity#12430 cornerRadius=0.000000
12-02 16:05:07.897 D/SGM:GameManager( 2227): identifyForegroundApp. com.ocelot.tunes4r, mCurrentUserId: 0, callerUserId: 0
12-02 16:05:07.897 D/SGM:GameManager( 2227): identifyForegroundApp. com.ocelot.tunes4r, mCurrentUserId: 0, callerUserId: 0
12-02 16:05:07.905 D/SurfaceComposerClient( 2227): setCornerRadius ## bbd9212 com.ocelot.tunes4r/com.ocelot.tunes4r.MainActivity#12430 cornerRadius=0.000000
12-02 16:05:07.916 D/SurfaceComposerClient( 2227): setCornerRadius ## bbd9212 com.ocelot.tunes4r/com.ocelot.tunes4r.MainActivity#12430 cornerRadius=0.000000
12-02 16:05:07.916 D/SurfaceComposerClient( 2227): setCornerRadius ## bbd9212 com.ocelot.tunes4r/com.ocelot.tunes4r.MainActivity#12430 cornerRadius=0.000000
12-02 16:05:07.918 D/SGM:FgCheckThread( 2227): getForegroundApp(), foregroundPkgName=com.ocelot.tunes4r
12-02 16:05:07.919 D/SGM:FgCheckThread( 2227): noteStopComponent(), received pkgName: com.google.android.dialer, focusedPkgName: com.ocelot.tunes4r, userId: 0
12-02 16:05:07.928 D/KeyguardViewMediator( 4586): adjustStatusBarLocked: no need to update flags=0x0 / showHomeOverLock=true
12-02 16:05:07.928 D/KeyguardViewMediator( 4586): isOccluded=false,mPowerGestureIntercepted=false
12-02 16:05:07.928 D/KeyguardViewMediator( 4586): KeyguardViewMediator queue processing message: SET_OCCLUDED
12-02 16:05:07.928 D/KeyguardViewMediator( 4586): handleMessage 9 / elapsed time: 47ms
12-02 16:05:07.937 D/SurfaceComposerClient( 2227): setCornerRadius ## bbd9212 com.ocelot.tunes4r/com.ocelot.tunes4r.MainActivity#12430 cornerRadius=0.000000
12-02 16:05:07.937 D/SurfaceComposerClient( 2227): setCornerRadius ## bbd9212 com.ocelot.tunes4r/com.ocelot.tunes4r.MainActivity#12430 cornerRadius=0.000000
12-02 16:05:07.942 W/AccessibilityWindowsPopulator( 2227): Windows change within in 2 frames continuously over 500 ms and notify windows changed immediately
12-02 16:05:07.997 I/bt_btm_pm(10366): system/stack/acl/btm_pm.cc:353 BTM_SetSsrParams: Set sniff subrating state:immediate:active[0] max_latency:0x04b0 min_remote_timeout:0x0002 min_local_timeout:0x0002
12-02 16:05:08.003 I/[MCFDs]_IntentUtil( 9259): emitToConsumer - (android.samsung.media.action.AUDIO_MODE) ACTION_ID_CUSTOM, consumer size=1
12-02 16:05:08.009 I/AS.SpatializerHelper( 2227): Disabling Spatial Audio since disabled for media device:AudioDeviceAttributes: role:output type:bt_sco addr:XX:XX:XX:XX:0E:2E name: profiles:[] descriptors:[]
12-02 16:05:08.027 D/MdnieScenarioControlService( 2227):  packageName : com.ocelot.tunes4r    className : com.ocelot.tunes4r.MainActivity
12-02 16:05:08.235 I/PAL: SessionAlsaUtils( 1714): setDeviceMediaConfig: 1048: SLIM-DEV1-RX-7 rate ch fmt data_fmt 44100 1 2 7
12-02 16:05:08.248 W/ActivityManager( 2227): Stopping service due to app idle: u0a528 -1m45s62ms com.zhiliaoapp.musically/com.ss.android.newmedia.redbadge.RedBadgePushProcessService
12-02 16:05:08.268 I/bt_btm_pm(10366): system/stack/acl/btm_pm.cc:353 BTM_SetSsrParams: Set sniff subrating state:immediate:active[0] max_latency:0x04b0 min_remote_timeout:0x0002 min_local_timeout:0x0002
12-02 16:05:08.270 I/PAL: SessionAlsaUtils( 1714): setDeviceMediaConfig: 1048: SLIM-DEV1-RX-7 rate ch fmt data_fmt 44100 1 2 7
12-02 16:05:08.270 I/PAL: SessionAlsaUtils( 1714): setDeviceMediaConfig: 1048: SLIM-DEV1-TX-7 rate ch fmt data_fmt 8000 1 2 7
12-02 16:05:08.281 D/AGM: graph_module( 1714): configure_hw_ep_media_config: 704 entry mod tag c0000005 miid 43d1 mid 700102a
12-02 16:05:08.281 D/AGM: graph_module( 1714): configure_hw_ep_media_config: 734 rate 8000 bw 16 ch 1, data_fmt 7
12-02 16:05:08.281 D/AGM: graph_module( 1714): configure_hw_ep_media_config: 744 exit, ret 0
12-02 16:05:08.291 I/ShtCoreImpl(30740): (Bean)(1.15)handleMediaStateUpdated(false)/current internal val : false
12-02 16:05:08.291 I/ShtCoreImpl(30740): (Bean)(1.15)updateRunningCondition : setting(false),conn(false),media(false),wear(false),screen(true),audiopath(false)
12-02 16:05:08.295 D/AGM: graph_module( 1714): configure_hw_ep_media_config: 704 entry mod tag c0000004 miid 4272 mid 7001029
12-02 16:05:08.295 D/AGM: graph_module( 1714): configure_hw_ep_media_config: 734 rate 44100 bw 16 ch 1, data_fmt 7
12-02 16:05:08.295 D/AGM: graph_module( 1714): configure_hw_ep_media_config: 744 exit, ret 0
12-02 16:05:08.343 I/bluetooth(10366): system/btif/avrcp/avrcp_service.cc:597 SendMediaUpdate: track_changed=false :  play_state=true :  queue=false
12-02 16:05:08.343 I/avrcp   (10366): system/profile/avrcp/device.cc:2551 SendMediaUpdate: Metadata=false : play_status= true : queue=false : is_silence=false
12-02 16:05:08.368 I/Telecom ( 2227): CallAudioRouteController$3: onCommunicationDeviceChanged: device (android.media.AudioDeviceInfo@21), audioType (1)
12-02 16:05:08.368 I/MediaFocusControl( 2227): abandonAudioFocus() from uid/pid 1000/2227 clientId=AudioFocus_For_Phone_Ring_And_Calls callingPack=com.android.server.telecom
12-02 16:05:08.368 D/AS.AudioService( 2227): [Android Auto] isConnectedAndroidAuto = false
12-02 16:05:08.368 D/MediaFocusControl( 2227): abandonAudioFocus, clientId = AudioFocus_For_Phone_Ring_And_Calls
12-02 16:05:08.369 D/MediaFocusControl( 2227): selectFocusStack, uid = 1000, appDevice = 0, device = 80
12-02 16:05:08.369 I/MediaFocusControl( 2227): removeFocusStackEntry client:AudioFocus_For_Phone_Ring_And_Calls
12-02 16:05:08.369 I/AudioManager( 4039): dispatching onAudioFocusChange(1) to android.media.AudioManager@c9b8593xyz.luan.audioplayers.player.ModernFocusManager$$ExternalSyntheticLambda0@39cd9d0
12-02 16:05:08.372 D/MediaRouterService( 2227): restoreBluetoothA2dp(true)
12-02 16:05:08.372 D/MR2SystemProvider( 2227): Updating system provider info : MediaRouteProviderInfo { uniqueId=null, routes=[MediaRoute2Info{ id=ROUTE_ID_BUILTIN_SPEAKER, name=Phone, type=BUILTIN_SPEAKER, routingTypes=REMOTE, isSystem=true, features=[android.media.route.feature.LIVE_AUDIO, android.media.route.feature.LOCAL_PLAYBACK], iconUri=null, description=null, connectionState=2, clientPackageName=null, volume(current=0, max=0, handling=FIXED(0)), address=, deduplicationIds=, providerId=null, isVisibilityRestricted=false, allowedPackages=, mRequiredPermissions=(), suitabilityStatus=0 }, MediaRoute2Info{ id=A8:F5:E1:0B:0E:2E, name=OpenMove by Shokz, type=BLUETOOTH_A2DP, routingTypes=REMOTE, isSystem=true, features=[android.media.route.feature.LIVE_AUDIO, android.media.route.feature.LOCAL_PLAYBACK], iconUri=null, description=null, connectionState=2, clientPackageName=null, volume(current=7, max=15, handling=VARIABLE(1)), address=A8:F5:E1:0B:0E:2E, deduplicationIds=, providerId=null, isVisibilityRestricted=false, allowedPackages=, mRequiredPermissions=(), suitabilityStatus=0 }] }
12-02 16:05:08.372 D/MR2SystemProvider( 2227): Updating system routing session info : RoutingSessionInfo{ sessionId=com.android.server.media/.SystemMediaRoute2Provider2:SYSTEM_SESSION, name=null, clientPackageName=, selectedRoutes={com.android.server.media/.SystemMediaRoute2Provider2:A8:F5:E1:0B:0E:2E}, selectableRoutes={}, deselectableRoutes={}, transferableRoutes={com.android.server.media/.SystemMediaRoute2Provider2:ROUTE_ID_BUILTIN_SPEAKER}, volume(current=0, max=0, handling=FIXED(0)), transferReason=0, transferInitiatorUserHandle=null, transferInitiatorPackageName=null }
12-02 16:05:08.373 I/MediaRouterService( 2227): dispatchAudioRoutesChanged setForcePath =  mForceBluetoothA2dpOn = false
12-02 16:05:08.379 D/BluetoothA2dp( 2227): setA2dpMediaVolume(XX:XX:XX:XX:0E:2E) gain : 0.0630957, volume : 70
12-02 16:05:08.380 I/AS.SpatializerHelper( 2227): onRoutingUpdated: can spatialize media 5.1:true on device:AudioDeviceAttributes: role:output type:bt_a2dp addr:XX:XX:XX:XX:0E:2E name: profiles:[] descriptors:[]
12-02 16:05:08.380 I/AS.SpatializerHelper( 2227): Disabling Spatial Audio since disabled for media device:AudioDeviceAttributes: role:output type:bt_a2dp addr:XX:XX:XX:XX:0E:2E name: profiles:[] descriptors:[]
12-02 16:05:08.380 I/A2dpService(10366): setA2dpMediaVolume XX:XX:XX:XX:0E:2E gain : 0.0630957, volume : 70
12-02 16:05:08.385 D/MediaFocusControl( 2227): setDevice, device doesn't change
12-02 16:05:08.386 D/MediaSessionService( 2227): updateMultiSoundInfo device:80 on:false
12-02 16:05:08.387 D/MediaDeviceManager( 4586): SEM_STREAM_DEVICES_CHANGED_ACTION
12-02 16:05:08.387 D/MediaDeviceManager( 4586): SEM_STREAM_DEVICES_CHANGED_ACTION
12-02 16:05:08.387 D/vol.BroadcastManager( 4586): action=android.media.STREAM_DEVICES_CHANGED_ACTION
12-02 16:05:08.391 I/ReceiverUtil(27519): Action is android.media.STREAM_DEVICES_CHANGED_ACTION
12-02 16:05:08.391 I/AndroidMediaReceiver(27519): onReceive() : beginning of thread for handleStreamDevicesChangedAction()
12-02 16:05:08.391 D/MR2SystemProvider( 2227): Updating system provider info : MediaRouteProviderInfo { uniqueId=null, routes=[MediaRoute2Info{ id=ROUTE_ID_BUILTIN_SPEAKER, name=Phone, type=BUILTIN_SPEAKER, routingTypes=REMOTE, isSystem=true, features=[android.media.route.feature.LIVE_AUDIO, android.media.route.feature.LOCAL_PLAYBACK], iconUri=null, description=null, connectionState=2, clientPackageName=null, volume(current=0, max=0, handling=FIXED(0)), address=, deduplicationIds=, providerId=null, isVisibilityRestricted=false, allowedPackages=, mRequiredPermissions=(), suitabilityStatus=0 }, MediaRoute2Info{ id=A8:F5:E1:0B:0E:2E, name=OpenMove by Shokz, type=BLUETOOTH_A2DP, routingTypes=REMOTE, isSystem=true, features=[android.media.route.feature.LIVE_AUDIO, android.media.route.feature.LOCAL_PLAYBACK], iconUri=null, description=null, connectionState=2, clientPackageName=null, volume(current=7, max=15, handling=VARIABLE(1)), address=A8:F5:E1:0B:0E:2E, deduplicationIds=, providerId=null, isVisibilityRestricted=false, allowedPackages=, mRequiredPermissions=(), suitabilityStatus=0 }] }
12-02 16:05:08.391 I/AndroidMediaReceiver(27519): onReceive() : end of thread for handleStreamDevicesChangedAction()
12-02 16:05:08.391 D/MR2SystemProvider( 2227): Updating system provider info : MediaRouteProviderInfo { uniqueId=null, routes=[MediaRoute2Info{ id=ROUTE_ID_BUILTIN_SPEAKER, name=Phone, type=BUILTIN_SPEAKER, routingTypes=REMOTE, isSystem=true, features=[android.media.route.feature.LIVE_AUDIO, android.media.route.feature.LOCAL_PLAYBACK], iconUri=null, description=null, connectionState=2, clientPackageName=null, volume(current=0, max=0, handling=FIXED(0)), address=, deduplicationIds=, providerId=null, isVisibilityRestricted=false, allowedPackages=, mRequiredPermissions=(), suitabilityStatus=0 }, MediaRoute2Info{ id=A8:F5:E1:0B:0E:2E, name=OpenMove by Shokz, type=BLUETOOTH_A2DP, routingTypes=REMOTE, isSystem=true, features=[android.media.route.feature.LIVE_AUDIO, android.media.route.feature.LOCAL_PLAYBACK], iconUri=null, description=null, connectionState=2, clientPackageName=null, volume(current=7, max=15, handling=VARIABLE(1)), address=A8:F5:E1:0B:0E:2E, deduplicationIds=, providerId=null, isVisibilityRestricted=false, allowedPackages=, mRequiredPermissions=(), suitabilityStatus=0 }] }
12-02 16:05:08.392 I/AndroidMediaReceiver(27519): handleStreamDevicesChangedAction() : beginning of method
12-02 16:05:08.392 I/ReceiverUtil(28206): Action is android.media.STREAM_DEVICES_CHANGED_ACTION
12-02 16:05:08.392 I/AndroidMediaReceiver(28206): onReceive() : beginning of thread for handleStreamDevicesChangedAction()
12-02 16:05:08.393 I/AndroidMediaReceiver(28206): onReceive() : end of thread for handleStreamDevicesChangedAction()
12-02 16:05:08.393 I/AndroidMediaReceiver(28206): handleStreamDevicesChangedAction() : beginning of method
12-02 16:05:08.394 I/ReceiverUtil(28129): Action is android.media.STREAM_DEVICES_CHANGED_ACTION
12-02 16:05:08.394 I/AndroidMediaReceiver(28129): onReceive() : STREAM_DEVICES_CHANGED_ACTION has received
12-02 16:05:08.394 I/AndroidMediaReceiver(28129): onReceive() : beginning of thread for handleStreamDevicesChangedAction()
12-02 16:05:08.395 D/vol.VolumeDialogControl( 4586): onVolumeChangedW stream = 3, flags = 0, lastAudibleStreamVolume = 700, changed = false, showUI = false, dualAudio = false, musicStreamState=[routedToHeadset=false, routedToBuds=false, routedToBuds3=false, routedToHomeMini=false, routedToMusicFrame=false, routedToHearingAid=false, remoteFixedVolume=false, remoteSpeaker=false]
12-02 16:05:08.395 D/SecVolume.VolumePanelStore( 4586): dispatch [ACTION_STATE_CHANGED with [STATE_UPDATE], currentAction={isVoiceCapble : true, isFromOutside : true, activeStream : -1}, currentState={activeStream=3(vol=700), stream=3(vol=700) } isVoiceCapable : true, isCaptionComponentEnabled : true, isHasVibrator : true, isMediaDefaultEnabled : true, isBtScoOn : true, isSetupWizardComplete : true, isSafeMediaDeviceOn : true, ringerModeInternal : 2, earProtectLevel : 909, timeOutControlsText : 0, iconTargetState : 2, timeOut : 3000, stream : 3, cutoutHeight : 0, activeStream : 3, iconCurrentState : 2, timeOutControls : 0, pinDevice : 0, systemTimeNow : 54652478}
12-02 16:05:08.395 I/ReceiverUtil(28206): Action is android.media.STREAM_DEVICES_CHANGED_ACTION
12-02 16:05:08.395 I/AndroidMediaReceiver(28206): onReceive() : stream type is not music, so skip to process intent
12-02 16:05:08.396 I/ReceiverUtil(27519): Action is android.media.STREAM_DEVICES_CHANGED_ACTION
12-02 16:05:08.396 I/AndroidMediaReceiver(27519): onReceive() : stream type is not music, so skip to process intent
12-02 16:05:08.397 I/ReceiverUtil(27519): Action is android.media.STREAM_DEVICES_CHANGED_ACTION
12-02 16:05:08.397 I/AndroidMediaReceiver(27519): onReceive() : stream type is not music, so skip to process intent
12-02 16:05:08.398 D/SecVolume.JSonLogger( 4586): applyVolumeRow 3: {"boolMap":{"TRACKING":false,"ICON_CLICKABLE":true,"IMPORTANT":true,"MUTED":false,"SLIDER_ENABLED":true,"VISIBILITY":true,"ICON_ENABLED":false,"ROUTED_TO_BLUETOOTH":true,"DYNAMIC":false,"ACTIVE_NOW":false},"intMap":{"ICON_TYPE":2,"PRIORITY":0,"LEVEL_MAX":15,"ORIGINAL_PRIORITY":5,"AUDIBLE_LEVEL":700,"LEVEL_MIN":0,"LEVEL":700,"REAL_LEVEL":700,"EAR_PROTECT_LEVEL":909},"longMap":{"USER_ATTEMPT_TIME":0},"streamType":3,"stringMap":{"NAME_RES":"com.android.systemui:string/volumepanel_media","DUAL_BT_DEVICE_NAME":"OpenMove by Shokz","SMART_VIEW_LABEL":"","DUAL_BT_DEVICE_ADDRESS":"A8:F5:E1:0B:0E:2E","REMOTE_LABEL":"OpenMove by Shokz"}}
12-02 16:05:08.398 I/ReceiverUtil(27519): Action is android.media.STREAM_DEVICES_CHANGED_ACTION
12-02 16:05:08.398 I/AndroidMediaReceiver(27519): onReceive() : stream type is not music, so skip to process intent
12-02 16:05:08.398 D/vol.BroadcastManager( 4586): action=android.media.STREAM_DEVICES_CHANGED_ACTION
12-02 16:05:08.399 D/vol.BroadcastManager( 4586): action=android.media.STREAM_DEVICES_CHANGED_ACTION
12-02 16:05:08.399 D/vol.BroadcastManager( 4586): action=android.media.STREAM_DEVICES_CHANGED_ACTION
12-02 16:05:08.399 D/vol.BroadcastManager( 4586): action=android.media.STREAM_DEVICES_CHANGED_ACTION
12-02 16:05:08.399 I/ReceiverUtil(27519): Action is android.media.STREAM_DEVICES_CHANGED_ACTION
12-02 16:05:08.399 I/AndroidMediaReceiver(27519): onReceive() : stream type is not music, so skip to process intent
12-02 16:05:08.401 I/ReceiverUtil(28206): Action is android.media.STREAM_DEVICES_CHANGED_ACTION
12-02 16:05:08.401 I/AndroidMediaReceiver(28206): onReceive() : stream type is not music, so skip to process intent
12-02 16:05:08.401 I/ReceiverUtil(27519): Action is android.media.STREAM_DEVICES_CHANGED_ACTION
12-02 16:05:08.401 I/AndroidMediaReceiver(27519): onReceive() : stream type is not music, so skip to process intent
12-02 16:05:08.402 D/vol.BroadcastManager( 4586): action=android.media.STREAM_DEVICES_CHANGED_ACTION
12-02 16:05:08.402 I/ReceiverUtil(28206): Action is android.media.STREAM_DEVICES_CHANGED_ACTION
12-02 16:05:08.402 I/AndroidMediaReceiver(28206): onReceive() : stream type is not music, so skip to process intent
12-02 16:05:08.402 D/vol.VolumeDialogControl( 4586): onVolumeChangedW stream = 0, flags = 0, lastAudibleStreamVolume = 3, changed = true, showUI = false, dualAudio = false, musicStreamState=[routedToHeadset=false, routedToBuds=false, routedToBuds3=false, routedToHomeMini=false, routedToMusicFrame=false, routedToHearingAid=false, remoteFixedVolume=false, remoteSpeaker=false]
12-02 16:05:08.402 D/SecVolume.VolumePanelStore( 4586): dispatch [ACTION_STATE_CHANGED with [STATE_UPDATE], currentAction={isVoiceCapble : true, isFromOutside : true, activeStream : -1}, currentState={activeStream=3(vol=700), stream=3(vol=700) } isVoiceCapable : true, isCaptionComponentEnabled : true, isHasVibrator : true, isMediaDefaultEnabled : true, isSetupWizardComplete : true, isSafeMediaDeviceOn : true, ringerModeInternal : 2, earProtectLevel : 909, timeOutControlsText : 0, iconTargetState : 2, timeOut : 3000, stream : 3, cutoutHeight : 0, activeStream : 3, iconCurrentState : 2, timeOutControls : 0, pinDevice : 0, systemTimeNow : 54655108}
12-02 16:05:08.403 I/ReceiverUtil(27519): Action is android.media.STREAM_DEVICES_CHANGED_ACTION
12-02 16:05:08.403 I/AndroidMediaReceiver(27519): onReceive() : stream type is not music, so skip to process intent
12-02 16:05:08.403 I/ReceiverUtil(28231): Action is android.media.STREAM_DEVICES_CHANGED_ACTION
