12-02 15:58:11.342 D/ActivityThread(31455): Package [com.ocelot.tunes4r] reported as REPLACED, but missing application info. Assuming REMOVED.
12-02 15:58:11.342 D/ActivityThread(13213): Package [com.ocelot.tunes4r] reported as REPLACED, but missing application info. Assuming REMOVED.
12-02 15:58:11.342 D/ActivityThread( 4837): Package [com.ocelot.tunes4r] reported as REPLACED, but missing application info. Assuming REMOVED.
12-02 15:58:11.342 D/ActivityThread( 4804): Package [com.ocelot.tunes4r] reported as REPLACED, but missing application info. Assuming REMOVED.
12-02 15:58:11.342 D/ActivityThread( 4820): Package [com.ocelot.tunes4r] reported as REPLACED, but missing application info. Assuming REMOVED.
12-02 15:58:11.342 D/ActivityThread( 4825): Package [com.ocelot.tunes4r] reported as REPLACED, but missing application info. Assuming REMOVED.
12-02 15:58:11.343 D/ActivityThread( 5430): Package [com.ocelot.tunes4r] reported as REPLACED, but missing application info. Assuming REMOVED.
12-02 15:58:11.343 D/ActivityThread( 6339): Package [com.ocelot.tunes4r] reported as REPLACED, but missing application info. Assuming REMOVED.
12-02 15:58:11.343 D/ActivityThread( 4191): Package [com.ocelot.tunes4r] reported as REPLACED, but missing application info. Assuming REMOVED.
12-02 15:58:11.343 D/ActivityThread( 4131): Package [com.ocelot.tunes4r] reported as REPLACED, but missing application info. Assuming REMOVED.
12-02 15:58:11.343 D/ActivityThread(17387): Package [com.ocelot.tunes4r] reported as REPLACED, but missing application info. Assuming REMOVED.
12-02 15:58:11.343 D/ActivityThread( 4586): Package [com.ocelot.tunes4r] reported as REPLACED, but missing application info. Assuming REMOVED.
12-02 15:58:11.343 D/ActivityThread(18231): Package [com.ocelot.tunes4r] reported as REPLACED, but missing application info. Assuming REMOVED.
12-02 15:58:11.344 I/AppWidgetServiceImpl( 2227): getInstalledProvidersForProfiles lock in com.ocelot.tunes4r
12-02 15:58:11.344 D/ActivityThread(22392): Package [com.ocelot.tunes4r] reported as REPLACED, but missing application info. Assuming REMOVED.
12-02 15:58:11.344 D/ActivityThread(10590): Package [com.ocelot.tunes4r] reported as REPLACED, but missing application info. Assuming REMOVED.
12-02 15:58:11.345 D/ActivityThread(28030): Package [com.ocelot.tunes4r] reported as REPLACED, but missing application info. Assuming REMOVED.
12-02 15:58:11.347 D/ActivityThread(28440): Package [com.ocelot.tunes4r] reported as REPLACED, but missing application info. Assuming REMOVED.
12-02 15:58:11.347 D/ActivityThread(16659): Package [com.ocelot.tunes4r] reported as REPLACED, but missing application info. Assuming REMOVED.
12-02 15:58:11.347 D/ActivityThread(27921): Package [com.ocelot.tunes4r] reported as REPLACED, but missing application info. Assuming REMOVED.
12-02 15:58:11.347 D/ActivityThread(14529): Package [com.ocelot.tunes4r] reported as REPLACED, but missing application info. Assuming REMOVED.
12-02 15:58:11.347 D/ActivityThread(28798): Package [com.ocelot.tunes4r] reported as REPLACED, but missing application info. Assuming REMOVED.
12-02 15:58:11.347 D/ActivityThread(31257): Package [com.ocelot.tunes4r] reported as REPLACED, but missing application info. Assuming REMOVED.
12-02 15:58:11.347 D/ActivityThread(30283): Package [com.ocelot.tunes4r] reported as REPLACED, but missing application info. Assuming REMOVED.
12-02 15:58:11.348 D/ActivityThread(31621): Package [com.ocelot.tunes4r] reported as REPLACED, but missing application info. Assuming REMOVED.
12-02 15:58:11.348 D/ActivityThread(27533): Package [com.ocelot.tunes4r] reported as REPLACED, but missing application info. Assuming REMOVED.
12-02 15:58:11.348 D/ActivityThread(29622): Package [com.ocelot.tunes4r] reported as REPLACED, but missing application info. Assuming REMOVED.
12-02 15:58:11.349 D/ActivityThread(28606): Package [com.ocelot.tunes4r] reported as REPLACED, but missing application info. Assuming REMOVED.
12-02 15:58:11.349 D/ActivityThread(29216): Package [com.ocelot.tunes4r] reported as REPLACED, but missing application info. Assuming REMOVED.
12-02 15:58:11.349 D/ActivityThread(24408): Package [com.ocelot.tunes4r] reported as REPLACED, but missing application info. Assuming REMOVED.
12-02 15:58:11.350 D/ActivityThread(28858): Package [com.ocelot.tunes4r] reported as REPLACED, but missing application info. Assuming REMOVED.
12-02 15:58:11.443 D/SGM:GameManager( 2227): identifyGamePackage. com.ocelot.tunes4r, mCurrentUserId: 0, callingMethodInfo: com.samsung.android.game.SemGameManager.isGamePackage(SemGameManager.java:106)
12-02 15:58:11.443 D/SGM:SemGameManager( 2227): isGamePackage(), pkgName=com.ocelot.tunes4r, ret=false
12-02 15:58:11.458 I/Telecom ( 2227): SamsungOpenCommunicationPlatformPolicyPackageBroadcastReceiver : action : android.intent.action.PACKAGE_ADDED / packageName : com.ocelot.tunes4r
12-02 15:58:11.458 I/Telecom ( 2227): SamsungOpenCommunicationPlatformPolicyPackageHandler : handleMessage : { when=0 what=0 obj=com.ocelot.tunes4r target=com.samsung.server.telecom.advancedcall.ocp.policy.broadcast.SamsungOpenCommunicationPlatformPolicyPackageHandler }.what
12-02 15:58:11.459 D/SGM:GameManager( 2227): identifyGamePackage. com.ocelot.tunes4r, mCurrentUserId: 0, callingMethodInfo: com.samsung.android.game.SemGameManager.isGamePackage(SemGameManager.java:106)
12-02 15:58:11.459 D/SGM:SemGameManager( 2227): isGamePackage(), pkgName=com.ocelot.tunes4r, ret=false
12-02 15:58:11.459 I/Pageboost( 2227): appinfo : com.ocelot.tunes4r 0 0 0 0
12-02 15:58:11.459 D/SGM:GameManager( 2227): identifyGamePackage. com.ocelot.tunes4r, mCurrentUserId: 0, callingMethodInfo: com.samsung.android.game.SemGameManager.isGamePackage(SemGameManager.java:106)
12-02 15:58:11.459 D/SGM:SemGameManager( 2227): isGamePackage(), pkgName=com.ocelot.tunes4r, ret=false
12-02 15:58:11.459 I/Pageboost( 2227): Reset this app info : com.ocelot.tunes4r 
12-02 15:58:11.459 I/Pageboost( 2227): db create : CREATE TABLE IF NOT EXISTS comocelottunes4r (FILENAME TEXT, OFFSET INTEGER, SIZE INTEGER, FORVRAMDISK INTEGER, BITMAP BLOB, unique (FILENAME, OFFSET) );
12-02 15:58:11.465 I/Pageboost( 2227): add app to global @ runtime: com.ocelot.tunes4r
12-02 15:58:11.482 D/ActivityThread( 2227): Package [com.ocelot.tunes4r] reported as REPLACED, but missing application info. Assuming REMOVED.
12-02 15:58:11.485 D/ActivityThread( 2227): Package [com.ocelot.tunes4r] reported as REPLACED, but missing application info. Assuming REMOVED.
12-02 15:58:11.486 D/ActivityThread( 2227): Package [com.ocelot.tunes4r] reported as REPLACED, but missing application info. Assuming REMOVED.
12-02 15:58:11.487 W/AlarmManager( 2227): Package com.ocelot.tunes4r, uid 10561 lost permission to set exact alarms!
12-02 15:58:11.489 D/SGM:GameManager( 2227): identifyGamePackage. com.ocelot.tunes4r, mCurrentUserId: 0, callingMethodInfo: com.samsung.android.game.SemGameManager.isGamePackage(SemGameManager.java:106)
12-02 15:58:11.489 D/SGM:SemGameManager( 2227): isGamePackage(), pkgName=com.ocelot.tunes4r, ret=false
12-02 15:58:11.500 D/ActivityThread(31684): Package [com.ocelot.tunes4r] reported as REPLACED, but missing application info. Assuming REMOVED.
12-02 15:58:11.501 D/ActivityThread(31684): Package [com.ocelot.tunes4r] reported as REPLACED, but missing application info. Assuming REMOVED.
12-02 15:58:11.502 D/ActivityThread( 6860): Package [com.ocelot.tunes4r] reported as REPLACED, but missing application info. Assuming REMOVED.
12-02 15:58:11.504 D/ActivityThread( 6860): Package [com.ocelot.tunes4r] reported as REPLACED, but missing application info. Assuming REMOVED.
12-02 15:58:11.510 I/SWT_ValidatorService(16684): It doesn't support color theme, com.ocelot.tunes4r
12-02 15:58:12.347 D/ActivityThread(10721): Package [com.ocelot.tunes4r] reported as REPLACED, but missing application info. Assuming REMOVED.
12-02 15:58:12.347 D/ActivityThread(10721): Package [com.ocelot.tunes4r] reported as REPLACED, but missing application info. Assuming REMOVED.
12-02 15:58:12.347 D/ActivityThread(10721): Package [com.ocelot.tunes4r] reported as REPLACED, but missing application info. Assuming REMOVED.
12-02 15:58:14.640 I/Pageboost( 2227): onAppLaunch : com.ocelot.tunes4r
12-02 15:58:14.641 I/Pageboost( 2227): Record App IO : com.ocelot.tunes4r pid 0
12-02 15:58:14.646 V/WindowManager( 2227): Collecting in transition 696: ActivityRecord{36207477 u0 com.ocelot.tunes4r/.MainActivity, caller=com.android.server.wm.TransitionController.collect:7 com.android.server.wm.ActivityStarter.startActivityUnchecked:192 com.android.server.wm.ActivityStarter.executeRequest:3581 com.android.server.wm.ActivityStarter.execute:1752 com.android.server.wm.ActivityTaskManagerService.startActivityAsUser:95 
12-02 15:58:14.646 D/ActivityTaskManager( 2227): DesktopModeLaunchParamsModifier: task=null activity=ActivityRecord{36207477 u0 com.ocelot.tunes4r/.MainActivity t-1} task null, skipping
12-02 15:58:14.646 D/ActivityTaskManager( 2227): TaskLaunchParamsModifier:task=null activity=ActivityRecord{36207477 u0 com.ocelot.tunes4r/.MainActivity t-1} display-area-from-current-params=null display-area-from-default-fallback=DefaultTaskDisplayArea_d0@20735313 display-id=0 task-display-area-windowing-mode=1 suggested-display-area=DefaultTaskDisplayArea_d0@20735313
12-02 15:58:14.646 D/ActivityTaskManager( 2227): DesktopModeLaunchParamsModifier: task=null activity=ActivityRecord{36207477 u0 com.ocelot.tunes4r/.MainActivity t-1} task null, skipping
12-02 15:58:14.646 D/ActivityTaskManager( 2227): TaskLaunchParamsModifier:task=null activity=ActivityRecord{36207477 u0 com.ocelot.tunes4r/.MainActivity t-1} display-area-from-current-params=null display-area-from-default-fallback=DefaultTaskDisplayArea_d0@20735313 display-id=0 task-display-area-windowing-mode=1 suggested-display-area=DefaultTaskDisplayArea_d0@20735313 non-freeform-task-display-area display-area=DefaultTaskDisplayArea_d0@20735313 default-portrait freeform-size-mismatch=Rect(71, 724 - 833, 1639)
12-02 15:58:14.651 D/ActivityTaskManager( 2227): DesktopModeLaunchParamsModifier: task=Task{6e5d98 #1035 type=standard I=com.ocelot.tunes4r/.MainActivity} activity=ActivityRecord{36207477 u0 com.ocelot.tunes4r/.MainActivity t-1} non-desktop, skipping
12-02 15:58:14.651 D/ActivityTaskManager( 2227): TaskLaunchParamsModifier:task=Task{6e5d98 #1035 type=standard I=com.ocelot.tunes4r/.MainActivity} activity=ActivityRecord{36207477 u0 com.ocelot.tunes4r/.MainActivity t-1} display-from-task=0 display-id=0 task-display-area-windowing-mode=1 suggested-display-area=DefaultTaskDisplayArea_d0@20735313 inherit-from-task=fullscreen non-freeform-task-display-area display-area=DefaultTaskDisplayArea_d0@20735313 default-portrait freeform-size-mismatch=Rect(71, 724 - 833, 1639)
12-02 15:58:14.651 V/WindowManager( 2227): Collecting in transition 696: Task{6e5d98 #1035 type=standard I=com.ocelot.tunes4r/.MainActivity}, caller=com.android.server.wm.Transition.collectExistenceChange:40 com.android.server.wm.ActivityStarter.setNewTask:43 com.android.server.wm.ActivityStarter.startActivityInner:300 com.android.server.wm.ActivityStarter.startActivityUnchecked:205 com.android.server.wm.ActivityStarter.executeRequest:3581 
12-02 15:58:14.653 V/WindowManager( 2227): Add starting ActivityRecord{36207477 u0 com.ocelot.tunes4r/.MainActivity t1035}: startingData=SplashScreenStartingData{f9de9d6 removeAfterTransaction= 0}
12-02 15:58:14.654 V/WindowManager( 2227): Added starting ActivityRecord{36207477 u0 com.ocelot.tunes4r/.MainActivity t1035}: startingWindow=null startingView=com.android.server.wm.StartingSurfaceController$StartingSurface@4fff457
12-02 15:58:14.655 V/WindowManager( 2227): Collecting in transition 696: ActivityRecord{36207477 u0 com.ocelot.tunes4r/.MainActivity t1035}, caller=com.android.server.wm.Transition.collectExistenceChange:40 com.android.server.wm.ActivityStarter.handleStartResult:761 com.android.server.wm.ActivityStarter.startActivityUnchecked:218 com.android.server.wm.ActivityStarter.executeRequest:3581 com.android.server.wm.ActivityStarter.execute:1752 
12-02 15:58:14.655 V/WindowManager( 2227):    ChangeInfo{6e1a42d container=Task{6e5d98 #1035 type=standard I=com.ocelot.tunes4r/.MainActivity} flags=0x0}
12-02 15:58:14.655 V/WindowManager( 2227):    ChangeInfo{1a57ef3 container=ActivityRecord{36207477 u0 com.ocelot.tunes4r/.MainActivity t1035} flags=0x0}
12-02 15:58:14.656 I/ActivityTaskManager( 2227): START u0 {act=android.intent.action.MAIN cat=[android.intent.category.LAUNCHER] flg=0x30000000 xflg=0x4 cmp=com.ocelot.tunes4r/.MainActivity (has extras)} with LAUNCH_SINGLE_TOP from uid 2000 (BAL_ALLOW_PERMISSION) result code=0
12-02 15:58:14.656 V/WindowManagerShell( 4586): Transition requested (#696): android.os.BinderProxy@2327c36 TransitionRequestInfo { type = OPEN, triggerTask = TaskInfo{userId=0 taskId=1035 effectiveUid=10561 displayId=0 isRunning=true baseIntent=Intent { act=android.intent.action.MAIN cat=[android.intent.category.LAUNCHER] flg=0x30000000 cmp=com.ocelot.tunes4r/.MainActivity } baseActivity=ComponentInfo{com.ocelot.tunes4r/com.ocelot.tunes4r.MainActivity} topActivity=ComponentInfo{com.ocelot.tunes4r/com.ocelot.tunes4r.MainActivity} origActivity=null realActivity=ComponentInfo{com.ocelot.tunes4r/com.ocelot.tunes4r.MainActivity} numActivities=1 lastActiveTime=105386532 supportsMultiWindow=true resizeMode=1 isResizeable=true minWidth=-1 minHeight=-1 maxWidth=-1 maxHeight=-1 defaultMinSize=220 desktopDefaultMinSize=304 token=WCT{android.window.IWindowContainerToken$Stub$Proxy@91b8737} topActivityType=1 pictureInPictureParams=null shouldDockBigOverlays=false launchIntoPipHostTaskId=-1 lastParentTaskIdBeforePip=-1 displayCutoutSafeInsets=Rect(0, 85 - 0, 0) topActivityInfo=ActivityInfo{f7584a4 com.ocelot.tunes4r.MainActivity} launchCookies=[] positionInParent=Point(0, 0) parentTaskId=-1 isFocused=false isVisible=false isVisibleRequested=false isTopActivityNoDisplay=false isSleeping=false locusId=null displayAreaFeatureId=1 isTopActivityTransparent=false isActivityStackTransparent=false lastNonFullscreenBounds=Rect(71, 724 - 833, 1639) capturedLink=null capturedLinkTimestamp=0 requestedVisibleTypes=-9 topActivityRequestOpenInBrowserEducationTimestamp=0 appCompatTaskInfo=AppCompatTaskInfo { topActivityInSizeCompat=false eligibleForLetterboxEducation= false isLetterboxEducationEnabled= false isLetterboxDoubleTapEnabled= false eligibleForUserAspectRatioButton= false topActivityBoundsLetterboxed= false isFromLetterboxDoubleTap= false topActivityLetterboxVerticalPosition= -1 topActivityLetterboxHorizontalPosition= -1 topActivityLetterboxWidth=-1 topActivityLetterboxHeight=-1 topActivityAppBounds=Rect(0, 0 - 904, 2316) isUserFullscreenOverrideEnabled=true isSystemFullscreenOverrideEnabled=false hasMinAspectRatioOverride=false topActivityLetterboxBounds=null cameraCompatTaskInfo=CameraCompatTaskInfo { freeformCameraCompatMode=inactive} topActivityBounds=null topActivityInDisplayCompat=false singleTapFromLetterbox=false} topActivityMainWindowFrame=null originallySupportedMultiWindow=true hasWallpaper=false rootAffinity=null isTopTaskInStage=false CoverLauncherWidgetTask=false LaunchedFromAppsCoverLauncherTask=false LaunchedFromMultistarCoverLauncherTask=false isAllowedSeamlessRotation=false isTopTransparentActivity=false isAliasManaged=false hasConfigChanged=false snappingGuideBounds=null isAiKeyRemoveAppTask=false lastDesktopWindowingBounds=null lastExternalDesktopWindowingBounds=null isTopFullScreenWindow=true isFullSizeWindow=true safeCutoutInsets=null}, pipChange = null, remoteTransition = null, displayChange = null, flags = 0, debugId = 696 }
12-02 15:58:14.676 I/ActivityManager( 2227): Start proc 577:com.ocelot.tunes4r/u0a561 for next-top-activity {com.ocelot.tunes4r/com.ocelot.tunes4r.MainActivity}
12-02 15:58:14.676 D/DynamicHiddenApp_BGProtectManager( 2227): [SecIpm] it's a ML_TYPE_EMPTYPROCESS protected process com.ocelot.tunes4r
12-02 15:58:14.682 D/WindowManager( 2227): prepareSync <SYNC_STATE_WAITING_FOR_DRAW>, mPrepareSyncSeqId=0, win=Window{1fe5a79 u0 Splash Screen com.ocelot.tunes4r}
12-02 15:58:14.683 V/WindowManager( 2227): addWindow: ActivityRecord{36207477 u0 com.ocelot.tunes4r/.MainActivity t1035} startingWindow=Window{1fe5a79 u0 Splash Screen com.ocelot.tunes4r}
12-02 15:58:14.686 D/MediaRouterService( 2227): restoreBluetoothA2dp(true)
12-02 15:58:14.687 D/MediaRouterService( 2227): onAudioPlayerActiveStateChanged: uid=10528, active=true, restoreUid=10528
12-02 15:58:14.706 D/WindowManager( 2227): makeSurface duration=1 name=Splash Screen com.ocelot.tunes4r$_4586
12-02 15:58:14.706 D/MediaRouterService( 2227): restoreBluetoothA2dp(true)
12-02 15:58:14.706 D/MediaRouterService( 2227): onAudioPlayerActiveStateChanged: uid=10528, active=false, restoreUid=10528
12-02 15:58:14.709 D/MediaRouterService( 2227): onAudioPlayerActiveStateChanged: uid=10528, active=false, delaying
12-02 15:58:14.717 D/WindowManager( 2227): finishDrawingWindow: Window{1fe5a79 u0 Splash Screen com.ocelot.tunes4r} mDrawState=DRAW_PENDING seqId=0
12-02 15:58:14.717 V/WindowManager( 2227): Finishing drawing window Window{1fe5a79 u0 Splash Screen com.ocelot.tunes4r}: mDrawState=DRAW_PENDING
12-02 15:58:14.717 V/WindowManager( 2227): Draw state now committed in Window{1fe5a79 u0 Splash Screen com.ocelot.tunes4r}
12-02 15:58:14.723 I/AppsFilter( 2227): interaction: PackageSetting{c5536c com.example.frontend/10704} -> PackageSetting{983d90b com.ocelot.tunes4r/10561} BLOCKED
12-02 15:58:14.725 V/WindowManager( 2227): Collecting in transition 696: ActivityRecord{36207477 u0 com.ocelot.tunes4r/.MainActivity t1035}, caller=com.android.server.wm.TransitionController.collect:7 com.android.server.wm.ActivityRecord.setVisibility:132 com.android.server.wm.EnsureActivitiesVisibleHelper.setActivityVisibilityState:221 com.android.server.wm.EnsureActivitiesVisibleHelper.process:281 com.android.server.wm.TaskFragment.updateActivityVisibilities:12 
12-02 15:58:14.865 D/MdnieScenarioControlService( 2227):  packageName : com.ocelot.tunes4r    className : com.ocelot.tunes4r.MainActivity
12-02 15:58:14.905 D/WindowManager( 2227): rotationForOrientation, orientationSource=ActivityRecord{36207477 u0 com.ocelot.tunes4r/.MainActivity t1035}
12-02 15:58:14.905 V/WindowManager( 2227): Collecting in transition 696: ActivityRecord{36207477 u0 com.ocelot.tunes4r/.MainActivity t1035}, caller=com.android.server.wm.TransitionController.collect:7 com.android.server.wm.ActivityRecord.setVisibility:132 com.android.server.wm.ActivityTaskSupervisor.realStartActivityLocked:222 com.android.server.wm.RootWindowContainer.attachApplication:92 com.android.server.wm.ActivityTaskManagerService$LocalService.attachApplication:41 
12-02 15:58:14.905 D/SGM:FgCheckThread( 2227): notifyAppCreated(), packageName: com.ocelot.tunes4r, userId: 0, sendRet: true
12-02 15:58:14.905 D/SGM:FgCheckThread( 2227): onLooperPrepared(), msg: MSG_APP_CREATE, pkgName: com.ocelot.tunes4r, userId: 0
12-02 15:58:14.906 D/SGM:FgCheckThread( 2227):   sendRunningComponentFocus(), pkgName: com.ocelot.tunes4r, userId: 0
12-02 15:58:14.906 D/ActivityTaskManager( 2227): scheduleTopResumedActivityChanged, onTop=true, r=ActivityRecord{36207477 u0 com.ocelot.tunes4r/.MainActivity t1035}, caller=com.android.server.wm.ActivityTaskSupervisor.scheduleTopResumedActivityStateIfNeeded:18 com.android.server.wm.ActivityTaskSupervisor.updateTopResumedActivityIfNeeded:54 com.android.server.wm.TaskFragment.setResumedActivity:75 com.android.server.wm.ActivityRecord.setState:116 com.android.server.wm.ActivityTaskSupervisor.realStartActivityLocked:497 com.android.server.wm.RootWindowContainer.attachApplication:92 
12-02 15:58:14.907 D/ActivityTaskManager( 2227): updateAppCompatDisplayInsets, SizeChangesSupported=3, ResizeMode=1, inMultiWindowMode=false, isFolded=true, RealActivity=ComponentInfo{com.ocelot.tunes4r/com.ocelot.tunes4r.MainActivity}, Task=Task{6e5d98 #1035 type=standard I=com.ocelot.tunes4r/.MainActivity}
12-02 15:58:14.907 D/WindowManagerServiceExt( 2227): updateTaskbarTargetIfNeeded: cn=ComponentInfo{com.ocelot.tunes4r/com.ocelot.tunes4r.MainActivity} occludesParent=true isInSplitScreenMode=false
12-02 15:58:14.907 D/SGM:FgCheckThread( 2227): onLooperPrepared(), msg: MSG_TASK_FOCUSED, pkgName: com.ocelot.tunes4r, userId: 0
12-02 15:58:14.907 D/SGM:FgCheckThread( 2227):   handleTaskFocused(), pkgName: com.ocelot.tunes4r, userID:0
12-02 15:58:14.907 D/SGM:FgCheckThread( 2227):   handleResume(). pkgName: com.ocelot.tunes4r, userId: 0, category: non-game
12-02 15:58:14.907 D/SGM:FgCheckThread( 2227): notifyFocusInOut(). of pkg: com.ocelot.tunes4r, type: 4, isSecGameFamily: false, userId: 0
12-02 15:58:14.909 D/ActivityThread(  577): com.ocelot.tunes4r will use render engine as VK
12-02 15:58:14.909 V/WindowManager( 2227): performShowLocked: mDrawState=HAS_DRAWN in Window{1fe5a79 u0 Splash Screen com.ocelot.tunes4r}
12-02 15:58:14.909 D/ChangeTransitionController( 2227):    ChangeInfo{6e1a42d container=Task{6e5d98 #1035 type=standard I=com.ocelot.tunes4r/.MainActivity} flags=0x0}
12-02 15:58:14.909 D/ChangeTransitionController( 2227):    ChangeInfo{1a57ef3 container=ActivityRecord{36207477 u0 com.ocelot.tunes4r/.MainActivity t1035} flags=0x0}
12-02 15:58:14.909 V/WindowManager( 2227): Start calculating TransitionInfo based on participants: {Task{6e5d98 #1035 type=standard I=com.ocelot.tunes4r/.MainActivity}, ActivityRecord{36207477 u0 com.ocelot.tunes4r/.MainActivity t1035}, ActivityRecord{250105534 u0 com.zhiliaoapp.musically/com.ss.android.ugc.aweme.splash.SplashActivity t1029}}
12-02 15:58:14.910 V/WindowManager( 2227):   Final targets: [ChangeInfo{6e1a42d container=Task{6e5d98 #1035 type=standard I=com.ocelot.tunes4r/.MainActivity} flags=0x10}, ChangeInfo{d211611 container=Task{5db9b1f #1029 type=standard A=10528:com.zhiliaoapp.musically} flags=0x10}]
12-02 15:58:14.911 V/WindowManager( 2227):         {WCT{RemoteToken{1f0024d Task{6e5d98 #1035 type=standard I=com.ocelot.tunes4r/.MainActivity}}} m=OPEN f=NONE leash=Surface(name=Task=1035)/@0x6765d77 sb=Rect(0, 0 - 904, 2316) eb=Rect(0, 0 - 904, 2316) epz=Point(904, 2316) d=0 taskParent=-1 inset=Rect(0, 85 - 0, 39) dim=true},
12-02 15:58:14.919 V/WindowManager( 2227): Sent Transition (#696) createdAt=12-02 15:58:14.646 via request=TransitionRequestInfo { type = OPEN, triggerTask = TaskInfo{userId=0 taskId=1035 effectiveUid=10561 displayId=0 isRunning=true baseIntent=Intent { act=android.intent.action.MAIN cat=[android.intent.category.LAUNCHER] flg=0x30000000 cmp=com.ocelot.tunes4r/.MainActivity } baseActivity=ComponentInfo{com.ocelot.tunes4r/com.ocelot.tunes4r.MainActivity} topActivity=ComponentInfo{com.ocelot.tunes4r/com.ocelot.tunes4r.MainActivity} origActivity=null realActivity=ComponentInfo{com.ocelot.tunes4r/com.ocelot.tunes4r.MainActivity} numActivities=1 lastActiveTime=105386532 supportsMultiWindow=true resizeMode=1 isResizeable=true minWidth=-1 minHeight=-1 maxWidth=-1 maxHeight=-1 defaultMinSize=220 desktopDefaultMinSize=304 token=WCT{RemoteToken{1f0024d Task{6e5d98 #1035 type=standard I=com.ocelot.tunes4r/.MainActivity}}} topActivityType=1 pictureInPictureParams=null shouldDockBigOverlays=false launchIntoPipHostTaskId=-1 lastParentTaskIdBeforePip=-1 displayCutoutSafeInsets=Rect(0, 85 - 0, 0) topActivityInfo=ActivityInfo{6ff5450 com.ocelot.tunes4r.MainActivity} launchCookies=[] positionInParent=Point(0, 0) parentTaskId=-1 isFocused=false isVisible=false isVisibleRequested=false isTopActivityNoDisplay=false isSleeping=false locusId=null displayAreaFeatureId=1 isTopActivityTransparent=false isActivityStackTransparent=false lastNonFullscreenBounds=Rect(71, 724 - 833, 1639) capturedLink=null capturedLinkTimestamp=0 requestedVisibleTypes=-9 topActivityRequestOpenInBrowserEducationTimestamp=0 appCompatTaskInfo=AppCompatTaskInfo { topActivityInSizeCompat=false eligibleForLetterboxEducation= false isLetterboxEducationEnabled= false isLetterboxDoubleTapEnabled= false eligibleForUserAspectRatioButton= false topActivityBoundsLetterboxed= false isFromLetterboxDoubleTap= false topActivityLetterboxVerticalPosition= -1 topActivityLetterboxHorizontalPosition= -1 topActivityLetterboxWidth=-1 topActivityLetterboxHeight=-1 topActivityAppBounds=Rect(0, 0 - 904, 2316) isUserFullscreenOverrideEnabled=true isSystemFullscreenOverrideEnabled=false hasMinAspectRatioOverride=false topActivityLetterboxBounds=null cameraCompatTaskInfo=CameraCompatTaskInfo { freeformCameraCompatMode=inactive} topActivityBounds=null topActivityInDisplayCompat=false singleTapFromLetterbox=false} topActivityMainWindowFrame=null originallySupportedMultiWindow=true hasWallpaper=false rootAffinity=null isTopTaskInStage=false CoverLauncherWidgetTask=false LaunchedFromAppsCoverLauncherTask=false LaunchedFromMultistarCoverLauncherTask=false isAllowedSeamlessRotation=false isTopTransparentActivity=false isAliasManaged=false hasConfigChanged=false snappingGuideBounds=null isAiKeyRemoveAppTask=false lastDesktopWindowingBounds=null lastExternalDesktopWindowingBounds=null isTopFullScreenWindow=true isFullSizeWindow=true safeCutoutInsets=null}, pipChange = null, remoteTransition = null, displayChange = null, flags = 0, debugId = 696 }
12-02 15:58:14.920 V/WindowManager( 2227):         {WCT{RemoteToken{1f0024d Task{6e5d98 #1035 type=standard I=com.ocelot.tunes4r/.MainActivity}}} m=OPEN f=NONE leash=Surface(name=Task=1035)/@0x6765d77 sb=Rect(0, 0 - 904, 2316) eb=Rect(0, 0 - 904, 2316) epz=Point(904, 2316) d=0 taskParent=-1 inset=Rect(0, 85 - 0, 39) dim=true},
12-02 15:58:14.929 D/SGM:FgCheckThread( 2227): noteResumeComponent(), received pkgName: com.ocelot.tunes4r, userId: 0
12-02 15:58:14.929 I/SDHMS:k ( 9206): handleResumeComponent : put = com.ocelot.tunes4r, userid = 0 instanceid =185752049
12-02 15:58:14.929 D/SGM:FgCheckThread( 2227): onLooperPrepared(), msg: MSG_APP_RESUME, pkgName: com.ocelot.tunes4r, userid: 0
12-02 15:58:14.930 D/SGM:FgCheckThread( 2227):   handleResume(). pkgName: com.ocelot.tunes4r, userId: 0, category: non-game
12-02 15:58:14.930 D/SGM:FgCheckThread( 2227): notifyFocusInOut(). of pkg: com.ocelot.tunes4r, type: 4, isSecGameFamily: false, userId: 0
12-02 15:58:14.930 D/SGM:GameManager( 2227): identifyGamePackage. com.ocelot.tunes4r, mCurrentUserId: 0, callingMethodInfo: com.samsung.android.game.SemGameManager.isGamePackage(SemGameManager.java:106)
12-02 15:58:14.930 D/SGM:SemGameManager( 2227): isGamePackage(), pkgName=com.ocelot.tunes4r, ret=false
12-02 15:58:14.969 D/SGM:GameManager( 2227): identifyGamePackage. com.ocelot.tunes4r, mCurrentUserId: 0, callingMethodInfo: com.samsung.android.game.IGameManagerService$Stub.onTransact(IGameManagerService.java:247)
12-02 15:58:14.987 I/SGM:GameManager( 2227): PkgUpdateReceiver, onPackageAdded : com.ocelot.tunes4r userHandle : UserHandle{0} userId : 0
12-02 15:58:14.987 D/SGM:GosNotifyThread( 2227): sendPackageMessage(), changeType=0, pkgName=com.ocelot.tunes4r, userHandleId=0
12-02 15:58:14.987 D/SGM:GosNotifyThread( 2227): notifyPackageChangedToGos(), before send intent to GOS. type:15, changeType: 0, pkgName:com.ocelot.tunes4r, userHandleId:0
12-02 15:58:14.987 D/SGM:PmAppCategoryManager( 2227): getManifestCategory(), manifestCategory=-1, packageName=com.ocelot.tunes4r
12-02 15:58:14.987 D/SGM:PmAppCategoryManager( 2227): getCategoryOverride(), categoryOverride=-1, packageName=com.ocelot.tunes4r
12-02 15:58:14.987 I/SGM:GosNotifyThread( 2227): notifyPackageChangedToGos(), category from pm: com.ocelot.tunes4r, [-1/-1]
12-02 15:58:15.210 D/MediaRouterService( 2227): restoreBluetoothA2dp(true)
12-02 15:58:15.376 V/WindowManager( 2227):    ChangeInfo{6e1a42d container=Task{6e5d98 #1035 type=standard I=com.ocelot.tunes4r/.MainActivity} flags=0x10}
12-02 15:58:15.376 V/WindowManager( 2227):    ChangeInfo{1a57ef3 container=ActivityRecord{36207477 u0 com.ocelot.tunes4r/.MainActivity t1035} flags=0x0}
12-02 15:58:15.378 D/ChangeTransitionController( 2227):    ChangeInfo{6e1a42d container=Task{6e5d98 #1035 type=standard I=com.ocelot.tunes4r/.MainActivity} flags=0x10}
12-02 15:58:15.378 D/ChangeTransitionController( 2227):    ChangeInfo{1a57ef3 container=ActivityRecord{36207477 u0 com.ocelot.tunes4r/.MainActivity t1035} flags=0x0}
12-02 15:58:15.381 D/InsetsSourceProvider( 2227): updateControlForTarget: control=InsetsSourceControl: {fbd40001 mType=navigationBars initiallyVisible mSurfacePosition=Point(0, 2190) mInsetsHint=Insets{left=0, top=0, right=0, bottom=39}}, target=Window{1fe5a79 u0 Splash Screen com.ocelot.tunes4r}, from=com.android.server.wm.InsetsStateController.onControlTargetChanged:83 com.android.server.wm.InsetsPolicy.updateBarControlTarget:225 com.android.server.wm.DisplayPolicy.updateSystemBarAttributes:262 com.android.server.wm.DisplayPolicy.finishPostLayoutPolicyLw:17 com.android.server.wm.RootWindowContainer.applySurfaceChangesTransaction$1:195 
12-02 15:58:15.381 D/InsetsSourceProvider( 2227): updateControlForTarget: control=InsetsSourceControl: {95190000 mType=statusBars initiallyVisible mSurfacePosition=Point(0, 0) mInsetsHint=Insets{left=0, top=85, right=0, bottom=0}}, target=Window{1fe5a79 u0 Splash Screen com.ocelot.tunes4r}, from=com.android.server.wm.InsetsStateController.onControlTargetChanged:83 com.android.server.wm.InsetsPolicy.updateBarControlTarget:212 com.android.server.wm.DisplayPolicy.updateSystemBarAttributes:262 com.android.server.wm.DisplayPolicy.finishPostLayoutPolicyLw:17 com.android.server.wm.RootWindowContainer.applySurfaceChangesTransaction$1:195 
12-02 15:58:15.381 D/WindowManager( 2227): updateSystemBarAttributes: displayId=0, focusedCanBeNavColorWin=false, win=Window{1fe5a79 u0 Splash Screen com.ocelot.tunes4r}, navColorWin=Window{1fe5a79 u0 Splash Screen com.ocelot.tunes4r}, caller=com.android.server.wm.DisplayPolicy.finishPostLayoutPolicyLw:17 com.android.server.wm.RootWindowContainer.applySurfaceChangesTransaction$1:195 com.android.server.wm.RootWindowContainer.performSurfacePlacementNoTrace:86 
12-02 15:58:15.396 W/AccessibilityWindowsPopulator( 2227): Windows change within in 2 frames continuously over 500 ms and notify windows changed immediately
12-02 15:58:15.410 I/WindowManager( 2227): notifyInsetsControlChanged, removed=false, win=Window{1fe5a79 u0 Splash Screen com.ocelot.tunes4r}, caller=com.android.server.wm.InsetsStateController$$ExternalSyntheticLambda1.run:137 com.android.server.wm.WindowAnimator$$ExternalSyntheticLambda2.onTransactionCommitted:26 android.view.SurfaceControl$Transaction$$ExternalSyntheticLambda4.run:0 android.os.Handler.handleCallback:995 android.os.Handler.dispatchMessage:103 android.os.Looper.loopOnce:273 
12-02 15:58:15.473 I/AppsFilter( 2227): interaction: PackageSetting{983d90b com.ocelot.tunes4r/10561} -> PackageSetting{483bb22 com.google.android.inputmethod.latin/10469} BLOCKED
12-02 15:58:15.489 D/MetaDataCollector( 2227): onReceive: done pkgName=com.ocelot.tunes4r
12-02 15:58:15.489 I/SGM:GameManager( 2227): PkgUpdateReceiver, onPackageReplaced : com.ocelot.tunes4r userID : UserHandle{0}
12-02 15:58:15.489 D/SGM:GosNotifyThread( 2227): sendPackageMessage(), changeType=8, pkgName=com.ocelot.tunes4r, userHandleId=0
12-02 15:58:15.490 D/SGM:GosNotifyThread( 2227): notifyPackageChangedToGos(), before send intent to GOS. type:15, changeType: 8, pkgName:com.ocelot.tunes4r, userHandleId:0
12-02 15:58:15.490 D/MetaDataCollector( 2227): onReceive: done pkgName=com.ocelot.tunes4r
12-02 15:58:15.490 D/SGM:PmAppCategoryManager( 2227): getManifestCategory(), manifestCategory=-1, packageName=com.ocelot.tunes4r
12-02 15:58:15.490 D/SGM:PmAppCategoryManager( 2227): getCategoryOverride(), categoryOverride=-1, packageName=com.ocelot.tunes4r
12-02 15:58:15.490 I/SGM:GosNotifyThread( 2227): notifyPackageChangedToGos(), category from pm: com.ocelot.tunes4r, [-1/-1]
12-02 15:58:15.492 I/MediaSessionStack( 2227): addSession to bottom of stack | record: com.ocelot.tunes4r/tunes4r_media_session/72 (userId=0)
12-02 15:58:15.497 I/SemApeController( 2227): updateStreamingState: com.ocelot.tunes4r uid=10561
12-02 15:58:15.497 I/SemApeController( 2227): [STREAMING] Total number of active media sessions: 2
12-02 15:58:15.723 D/MediaRouterService( 2227): Client com.amazon.mp3 (pid 18231): Died!
12-02 15:58:15.724 I/MediaSessionStack( 2227): removeSession | record: com.amazon.mp3/MediaSessionController/68 (userId=0)
12-02 15:58:15.724 I/SemApeController( 2227): updateStreamingState: com.ocelot.tunes4r uid=10561
12-02 15:58:15.725 I/SemApeController( 2227): [STREAMING] Total number of active media sessions: 1
12-02 15:58:16.114 D/CoreBackPreview( 2227): Window{f71c879 u0 com.ocelot.tunes4r/com.ocelot.tunes4r.MainActivity}: Setting back callback OnBackInvokedCallbackInfo{mCallback=android.window.IOnBackInvokedCallback$Stub$Proxy@1050bce, mPriority=-1, mIsAnimationCallback=false, mOverrideBehavior=0}
12-02 15:58:16.134 D/WindowManager( 2227): makeSurface duration=1 name=com.ocelot.tunes4r/com.ocelot.tunes4r.MainActivity$_577
12-02 15:58:16.135 D/WindowManager( 2227): Changing focus from null to Window{f71c879 u0 com.ocelot.tunes4r/com.ocelot.tunes4r.MainActivity} displayId=0 Callers=com.android.server.wm.WindowManagerService.relayoutWindow:1411 com.android.server.wm.Session.relayout:27 android.view.IWindowSession$Stub.onTransact:829 com.android.server.wm.Session.onTransact:1 
12-02 15:58:16.136 D/InsetsSourceProvider( 2227): updateControlForTarget: control=InsetsSourceControl: {fbd40001 mType=navigationBars initiallyVisible mSurfacePosition=Point(0, 2190) mInsetsHint=Insets{left=0, top=0, right=0, bottom=39}}, target=Window{f71c879 u0 com.ocelot.tunes4r/com.ocelot.tunes4r.MainActivity}, from=com.android.server.wm.InsetsStateController.onControlTargetChanged:83 com.android.server.wm.InsetsPolicy.updateBarControlTarget:225 com.android.server.wm.DisplayPolicy.updateSystemBarAttributes:262 com.android.server.wm.WindowManagerService.updateFocusedWindowLocked:372 com.android.server.wm.WindowManagerService.relayoutWindow:1411 
12-02 15:58:16.137 D/InsetsSourceProvider( 2227): updateControlForTarget: control=InsetsSourceControl: {95190000 mType=statusBars initiallyVisible mSurfacePosition=Point(0, 0) mInsetsHint=Insets{left=0, top=85, right=0, bottom=0}}, target=Window{f71c879 u0 com.ocelot.tunes4r/com.ocelot.tunes4r.MainActivity}, from=com.android.server.wm.InsetsStateController.onControlTargetChanged:83 com.android.server.wm.InsetsPolicy.updateBarControlTarget:212 com.android.server.wm.DisplayPolicy.updateSystemBarAttributes:262 com.android.server.wm.WindowManagerService.updateFocusedWindowLocked:372 com.android.server.wm.WindowManagerService.relayoutWindow:1411 
12-02 15:58:16.137 D/WindowManager( 2227): updateSystemBarAttributes: displayId=0, focusedCanBeNavColorWin=false, win=Window{f71c879 u0 com.ocelot.tunes4r/com.ocelot.tunes4r.MainActivity}, navColorWin=Window{1fe5a79 u0 Splash Screen com.ocelot.tunes4r}, caller=com.android.server.wm.WindowManagerService.updateFocusedWindowLocked:372 com.android.server.wm.WindowManagerService.relayoutWindow:1411 com.android.server.wm.Session.relayout:27 
12-02 15:58:16.137 V/SystemKeyManager( 2227): updateFocusedWindow() is called, com.ocelot.tunes4r/com.ocelot.tunes4r.MainActivity
12-02 15:58:16.169 I/WindowManager( 2227): notifyInsetsControlChanged, removed=false, win=Window{1fe5a79 u0 Splash Screen com.ocelot.tunes4r}, caller=com.android.server.wm.InsetsStateController$$ExternalSyntheticLambda1.run:137 com.android.server.wm.WindowAnimator$$ExternalSyntheticLambda2.onTransactionCommitted:26 android.view.SurfaceControl$Transaction$$ExternalSyntheticLambda4.run:0 android.os.Handler.handleCallback:995 android.os.Handler.dispatchMessage:103 android.os.Looper.loopOnce:273 
12-02 15:58:16.491 D/WindowManager( 2227): updateSystemBarAttributes: displayId=0, focusedCanBeNavColorWin=false, win=Window{f71c879 u0 com.ocelot.tunes4r/com.ocelot.tunes4r.MainActivity}, navColorWin=Window{1fe5a79 u0 Splash Screen com.ocelot.tunes4r}, caller=com.android.server.wm.DisplayPolicy.finishPostLayoutPolicyLw:17 com.android.server.wm.RootWindowContainer.applySurfaceChangesTransaction$1:195 com.android.server.wm.RootWindowContainer.performSurfacePlacementNoTrace:86 
12-02 15:58:16.504 D/WindowManager( 2227): finishDrawingWindow: Window{f71c879 u0 com.ocelot.tunes4r/com.ocelot.tunes4r.MainActivity} mDrawState=DRAW_PENDING seqId=0
12-02 15:58:16.504 V/WindowManager( 2227): Finish starting ActivityRecord{36207477 u0 com.ocelot.tunes4r/.MainActivity t1035}: first real window is shown, no animation
12-02 15:58:16.505 V/WindowManager( 2227): Schedule remove starting ActivityRecord{36207477 u0 com.ocelot.tunes4r/.MainActivity t1035} startingWindow=Window{1fe5a79 u0 Splash Screen com.ocelot.tunes4r} animate=true Callers=com.android.server.wm.ActivityRecord.removeStartingWindow:178 com.android.server.wm.WindowState.performShowLocked:155 com.android.server.wm.WindowStateAnimator.commitFinishDrawingLocked:73 com.android.server.wm.DisplayContent$$ExternalSyntheticLambda1.accept:398 com.android.server.wm.WindowContainer$ForAllWindowsConsumerWrapper.apply:5 
12-02 15:58:16.505 D/TaskOrganizerController( 2227): applyStartingWindowAnimation, window=Window{f71c879 u0 com.ocelot.tunes4r/com.ocelot.tunes4r.MainActivity}, caller=com.android.server.wm.TaskOrganizerController.removeStartingWindow:132 com.android.server.wm.StartingSurfaceController$StartingSurface.remove:23 com.android.server.wm.ActivityRecord.removeStartingWindowAnimation:171 
12-02 15:58:16.505 I/WindowManager( 2227): Reparenting to leash, surface=Surface(name=f71c879 com.ocelot.tunes4r/com.ocelot.tunes4r.MainActivity)/@0x7e4a732, leashParent=Surface(name=ActivityRecord{36207477 u0 com.ocelot.tunes4r/.MainActivity t1035})/@0x9f89c83
12-02 15:58:16.506 D/WindowManager( 2227): makeSurface duration=1 leash=Surface(name=Surface(name=f71c879 com.ocelot.tunes4r/com.ocelot.tunes4r.MainActivity)/@0x7e4a732 - animation-leash of starting_reveal)/@0xedcbe00
12-02 15:58:16.506 V/WindowManager( 2227): performShowLocked: mDrawState=HAS_DRAWN in Window{f71c879 u0 com.ocelot.tunes4r/com.ocelot.tunes4r.MainActivity}
12-02 15:58:16.516 I/Pageboost( 2227): Launch time gathered : pid 577 com.ocelot.tunes4r 1866
12-02 15:58:16.568 D/InsetsSourceProvider( 2227): updateControlForTarget: control=InsetsSourceControl: {3 mType=ime mSurfacePosition=Point(0, 85) mInsetsHint=Insets{left=0, top=0, right=0, bottom=1011}}, target=Window{f71c879 u0 com.ocelot.tunes4r/com.ocelot.tunes4r.MainActivity}, from=com.android.server.wm.ImeInsetsSourceProvider.updateControlForTarget:17 com.android.server.wm.InsetsStateController.onControlTargetChanged:83 com.android.server.wm.DisplayContent.updateImeControlTarget:21 com.android.server.wm.DisplayContent.updateImeInputAndControlTarget:156 com.android.server.wm.WindowManagerService$LocalService.updateInputMethodTargetWindow:64 
12-02 15:58:16.574 D/WindowManager( 2227): updateSystemBarAttributes: displayId=0, focusedCanBeNavColorWin=false, win=Window{f71c879 u0 com.ocelot.tunes4r/com.ocelot.tunes4r.MainActivity}, navColorWin=Window{f71c879 u0 com.ocelot.tunes4r/com.ocelot.tunes4r.MainActivity}, caller=com.android.server.wm.DisplayPolicy.finishPostLayoutPolicyLw:17 com.android.server.wm.RootWindowContainer.applySurfaceChangesTransaction$1:195 com.android.server.wm.RootWindowContainer.performSurfacePlacementNoTrace:86 
12-02 15:58:16.579 D/WindowManager( 2227): Starting window removed Window{1fe5a79 u0 Splash Screen com.ocelot.tunes4r}
12-02 15:58:16.580 I/WindowManager( 2227): Cancelling animation restarting=false, leash=Surface(name=Surface(name=f71c879 com.ocelot.tunes4r/com.ocelot.tunes4r.MainActivity)/@0x7e4a732 - animation-leash of starting_reveal)/@0xedcbe00
12-02 15:58:16.580 I/WindowManager( 2227): Reparenting to original parent: Surface(name=ActivityRecord{36207477 u0 com.ocelot.tunes4r/.MainActivity t1035})/@0x9f89c83, destroy=false, surface=Surface(name=f71c879 com.ocelot.tunes4r/com.ocelot.tunes4r.MainActivity)/@0x7e4a732
12-02 15:58:16.580 V/WindowManager( 2227): Remove Window{1fe5a79 u0 Splash Screen com.ocelot.tunes4r}: mSurfaceControl=Surface(name=Splash Screen com.ocelot.tunes4r$_4586)/@0xaa786cb mAnimatingExit=false mRemoveOnExit=false mHasSurface=true surfaceShowing=true animating=false app-animation=false callers=com.android.server.wm.Session.remove:16 android.view.IWindowSession$Stub.onTransact:804 com.android.server.wm.Session.onTransact:1 android.os.Binder.execTransactInternal:1462 android.os.Binder.execTransact:1401 <bottom of call stack> 
12-02 15:58:16.775 D/SGM:FgCheckThread( 2227): getForegroundApp(), foregroundPkgName=com.ocelot.tunes4r
12-02 15:58:16.776 D/SGM:FgCheckThread( 2227): noteStopComponent(), received pkgName: com.zhiliaoapp.musically, focusedPkgName: com.ocelot.tunes4r, userId: 0
12-02 15:58:16.779 D/SGM:GameManager( 2227): identifyForegroundApp. com.ocelot.tunes4r, mCurrentUserId: 0, callerUserId: 0
12-02 15:58:16.780 D/SGM:GameManager( 2227): identifyForegroundApp. com.ocelot.tunes4r, mCurrentUserId: 0, callerUserId: 0
12-02 15:58:16.845 D/SGM:GameManager( 2227): setPackageConfigurations(). category=-1, pkgName=com.ocelot.tunes4r
12-02 15:58:16.845 D/SGM:GameManager( 2227): setPackageConfiguration(). configuration: packageName: com.ocelot.tunes4r, performancePolicyForSsrm: null, optimalAspectRatio: 1.7777778, dynamicSurfaceScaling: 1.0, category: -1, categoryByUser: -1, fillBlackSurfaceOnMargins: false, userId: null
12-02 15:58:16.845 D/SGM:GameManager( 2227): setPackageConfiguration(). pkgName=com.ocelot.tunes4r
12-02 15:58:16.845 D/SGM:Util( 2227): isPkgInstalled(). pkgName=com.ocelot.tunes4r, userId=0, installed=true
12-02 15:58:16.846 W/SGM:Util( 2227): isPkgInstalled(), com.ocelot.tunes4r does not exist. 
12-02 15:58:16.846 D/SGM:Util( 2227): isPkgInstalled(). pkgName=com.ocelot.tunes4r, userId=150, installed=false
12-02 15:58:16.846 D/SGM:GosNotifyThread( 2227): sendPackageMessage(), changeType=1, pkgName=com.ocelot.tunes4r, userHandleId=150
12-02 15:58:16.846 W/SGM:GameManager( 2227): setPackageConfiguration(). the package is not installed. pkgName=com.ocelot.tunes4r, userId=150
12-02 15:58:16.909 D/MdnieScenarioControlService( 2227):  packageName : com.ocelot.tunes4r    className : com.ocelot.tunes4r.MainActivity
12-02 15:58:17.305 D/io_stats( 1170): !@ Read_top(KB): system_server(2227) 94172 com.kms.free(10719) 73360 .ocelot.tunes4r(577) 30668
12-02 15:58:19.963 I/Pageboost( 2227): db create : CREATE TABLE IF NOT EXISTS comocelottunes4r (FILENAME TEXT, OFFSET INTEGER, SIZE INTEGER, FORVRAMDISK INTEGER, BITMAP BLOB, unique (FILENAME, OFFSET) );
12-02 15:58:19.969 I/Pageboost( 2227): db create : CREATE TABLE IF NOT EXISTS comocelottunes4r (FILENAME TEXT, OFFSET INTEGER, SIZE INTEGER, FORVRAMDISK INTEGER, BITMAP BLOB, unique (FILENAME, OFFSET) );
12-02 15:58:20.074 I/Pageboost( 2227): db update :com.ocelot.tunes4r ret 1
12-02 15:58:20.106 I/Pageboost( 2227): memUsage collected : 347972 52440 45896 for com.ocelot.tunes4r 577
12-02 15:59:16.553 W/ActivityManager( 2227): Stopping service due to app idle: u0a528 -1m44s808ms com.zhiliaoapp.musically/com.ss.android.newmedia.redbadge.RedBadgePushProcessService
12-02 15:59:21.334 D/io_stats( 1170): !@ Read_top(KB): binder:2339_2(2339) 8680 system_server(2227) 1004 .ocelot.tunes4r(577) 116
12-02 15:59:33.339 D/io_stats( 1170): !@ Read_top(KB): emon.lvoverseas(16114) 24 nw9u.HDKNMb24o1(18090) 16 .ocelot.tunes4r(577) 16
12-02 15:59:37.341 D/io_stats( 1170): !@ Read_top(KB): .ocelot.tunes4r(577) 44 kworker/u16:3(31407) 36 cnss_diag(2301) 8
12-02 15:59:41.343 D/io_stats( 1170): !@ Read_top(KB): .openai.chatgpt(9093) 32 .ocelot.tunes4r(577) 20
12-02 15:59:49.347 D/io_stats( 1170): !@ Read_top(KB): twitter.android(1039) 260 aoapp.musically(25371) 80 .ocelot.tunes4r(577) 44
12-02 15:59:53.349 D/io_stats( 1170): !@ Read_top(KB): .android.scloud(31626) 95836 providers.media(11965) 9688 aoapp.musically(25371) 388
12-02 15:59:55.282 I/ActivityManager( 2227): Background started FGS: Allowed [callingPackage: tv.twitch.android.app; callingUid: 10604; uidState: RCVR; uidBFSL: n/a; intent: Intent { act=android.intent.action.MEDIA_BUTTON flg=0x10000010 cmp=tv.twitch.android.app/tv.twitch.android.shared.background.audio.service.TwitchPlaybackService (has extras) }; code:TEMP_ALLOWED_WHILE_IN_USE; tempAllowListReason:<PendingIntentHolder,reasonCode:MEDIA_SESSION_CALLBACK,duration:10000,callingUid:1000>; allowWiu:70; targetSdkVersion:36; callerTargetSdkVersion:36; startForegroundCount:0; bindFromPackage:null: isBindService:false]
12-02 15:59:55.325 I/ActivityManager( 2227): Background started FGS: Allowed [callingPackage: tv.twitch.android.app; callingUid: 10604; uidState: FGS ; uidBFSL: [BFSL]; intent: Intent { act=android.intent.action.MEDIA_BUTTON flg=0x10000010 cmp=tv.twitch.android.app/tv.twitch.android.shared.background.audio.service.TwitchPlaybackService (has extras) }; code:TEMP_ALLOWED_WHILE_IN_USE; tempAllowListReason:<PendingIntentHolder,reasonCode:MEDIA_SESSION_CALLBACK,duration:10000,callingUid:1000>; allowWiu:70; targetSdkVersion:36; callerTargetSdkVersion:36; startForegroundCount:0; bindFromPackage:null: isBindService:false]
12-02 16:00:09.358 D/io_stats( 1170): !@ Read_top(KB): .ocelot.tunes4r(577) 24 system_server(2227) 4
12-02 16:00:17.363 D/io_stats( 1170): !@ Read_top(KB): om.eset.ems2.gp(6860) 196 .ocelot.tunes4r(577) 32 ding:background(31684) 8
12-02 16:00:53.381 D/io_stats( 1170): !@ Read_top(KB): ndroid.systemui(4586) 332 kworker/u16:5(27111) 36 .ocelot.tunes4r(577) 16
12-02 16:01:31.292 D/SGM:GameManager( 2227): identifyForegroundApp. com.ocelot.tunes4r, mCurrentUserId: 0, callerUserId: 0
12-02 16:01:31.302 D/SGM:GameManager( 2227): identifyForegroundApp. com.ocelot.tunes4r, mCurrentUserId: 0, callerUserId: 0
12-02 16:01:31.900 D/SGM:GameManager( 2227): identifyForegroundApp. com.ocelot.tunes4r, mCurrentUserId: 0, callerUserId: 0
12-02 16:01:31.901 D/SGM:GameManager( 2227): identifyForegroundApp. com.ocelot.tunes4r, mCurrentUserId: 0, callerUserId: 0
12-02 16:01:32.841 D/ForegroundServiceMgr( 2227): op [android:write_media_video] access time
12-02 16:01:32.841 D/ForegroundServiceMgr( 2227): op [android:write_media_audio] access time
12-02 16:01:32.842 D/ForegroundServiceMgr( 2227): op [android:audio_media_volume] access time
12-02 16:01:32.842 D/ForegroundServiceMgr( 2227): op [android:read_media_video] access time
12-02 16:01:32.843 D/ForegroundServiceMgr( 2227): op [android:read_media_visual_user_selected] access time
12-02 16:01:32.843 D/ForegroundServiceMgr( 2227): op [android:write_media_images] access time
12-02 16:01:32.844 D/ForegroundServiceMgr( 2227): op [android:read_media_audio] access time
12-02 16:01:32.844 D/ForegroundServiceMgr( 2227): op [android:read_media_images] access time
12-02 16:01:33.403 D/io_stats( 1170): !@ Read_top(KB): ch_zygote(2270) 24156 com.whatsapp(30871) 16448 rs.media.module(9049) 12164
12-02 16:01:33.403 D/io_stats( 1170): !@ Write_top(KB): kworker/u16:0(22734) 2148 rs.media.module(9049) 1572 com.whatsapp(30871) 928
12-02 16:01:34.938 D/SGM:GameManager( 2227): identifyForegroundApp. com.ocelot.tunes4r, mCurrentUserId: 0, callerUserId: 0
12-02 16:01:37.405 D/io_stats( 1170): !@ Read_top(KB): com.whatsapp(30871) 768 ung.android.scs(17605) 116 providers.media(11965) 56
12-02 16:01:38.639 D/SGM:GameManager( 2227): identifyForegroundApp. com.ocelot.tunes4r, mCurrentUserId: 0, callerUserId: 0
12-02 16:01:40.950 D/SGM:GameManager( 2227): identifyForegroundApp. com.ocelot.tunes4r, mCurrentUserId: 0, callerUserId: 0
12-02 16:02:45.915 D/ActivityThread( 8234): Package [com.ocelot.tunes4r] reported as REPLACED, but missing application info. Assuming REMOVED.
12-02 16:02:45.918 D/ActivityThread( 8234): Package [com.ocelot.tunes4r] reported as REPLACED, but missing application info. Assuming REMOVED.
12-02 16:02:45.919 D/ActivityThread( 8234): Package [com.ocelot.tunes4r] reported as REPLACED, but missing application info. Assuming REMOVED.
12-02 16:02:46.197 D/ActivityThread(21026): Package [com.ocelot.tunes4r] reported as REPLACED, but missing application info. Assuming REMOVED.
12-02 16:02:46.197 D/ActivityThread(21026): Package [com.ocelot.tunes4r] reported as REPLACED, but missing application info. Assuming REMOVED.
12-02 16:02:46.197 D/ActivityThread(21026): Package [com.ocelot.tunes4r] reported as REPLACED, but missing application info. Assuming REMOVED.
12-02 16:03:23.110 I/ActivityManager( 2227): Force stopping com.ocelot.tunes4r appid=10561 user=0: from pid 2725
12-02 16:03:23.111 I/ActivityManager( 2227): Killing 577:com.ocelot.tunes4r/u0a561 (adj 0): stop com.ocelot.tunes4r due to from pid 2725
12-02 16:03:23.113 D/ActivityManager( 2227): proc ProcessRecord{6e85dae 577:com.ocelot.tunes4r/u0a561} already removed. so we skip next process.
12-02 16:03:23.114 W/ActivityTaskManager( 2227): Force removing ActivityRecord{36207477 u0 com.ocelot.tunes4r/.MainActivity t1035 f}}: app died, no saved state
12-02 16:03:23.115 V/WindowManager( 2227): Collecting in transition 697: Task{6e5d98 #1035 type=standard I=com.ocelot.tunes4r/.MainActivity}, caller=com.android.server.wm.Transition.collectExistenceChange:40 com.android.server.wm.Transition.collectClose:7 com.android.server.wm.WindowProcessController.handleAppDied$1:447 com.android.server.am.ActivityManagerService.handleAppDiedLocked:248 com.android.server.am.ProcessList.removeProcessLocked:193 
12-02 16:03:23.115 D/WindowManager( 2227): prepareSync <SYNC_STATE_WAITING_FOR_DRAW>, mPrepareSyncSeqId=0, win=Window{f71c879 u0 com.ocelot.tunes4r/com.ocelot.tunes4r.MainActivity}
