12-02 16:04:03.086 I/Telecom ( 2227): SamsungOpenCommunicationPlatformPolicyPackageHandler : handleMessage : { when=-1ms what=0 obj=com.ocelot.tunes4r target=com.samsung.server.telecom.advancedcall.ocp.policy.broadcast.SamsungOpenCommunicationPlatformPolicyPackageHandler }.what
12-02 16:04:03.086 D/SGM:GameManager( 2227): identifyGamePackage. com.ocelot.tunes4r, mCurrentUserId: 0, callingMethodInfo: com.samsung.android.game.SemGameManager.isGamePackage(SemGameManager.java:106)
12-02 16:04:03.086 D/SGM:SemGameManager( 2227): isGamePackage(), pkgName=com.ocelot.tunes4r, ret=false
12-02 16:04:03.086 I/Pageboost( 2227): appinfo : com.ocelot.tunes4r 0 0 0 0
12-02 16:04:03.086 D/SGM:GameManager( 2227): identifyGamePackage. com.ocelot.tunes4r, mCurrentUserId: 0, callingMethodInfo: com.samsung.android.game.SemGameManager.isGamePackage(SemGameManager.java:106)
12-02 16:04:03.086 D/SGM:SemGameManager( 2227): isGamePackage(), pkgName=com.ocelot.tunes4r, ret=false
12-02 16:04:03.086 I/Pageboost( 2227): Reset this app info : com.ocelot.tunes4r 
12-02 16:04:03.086 I/Pageboost( 2227): db create : CREATE TABLE IF NOT EXISTS comocelottunes4r (FILENAME TEXT, OFFSET INTEGER, SIZE INTEGER, FORVRAMDISK INTEGER, BITMAP BLOB, unique (FILENAME, OFFSET) );
12-02 16:04:03.090 D/ActivityThread(31684): Package [com.ocelot.tunes4r] reported as REPLACED, but missing application info. Assuming REMOVED.
12-02 16:04:03.091 D/ActivityThread(31684): Package [com.ocelot.tunes4r] reported as REPLACED, but missing application info. Assuming REMOVED.
12-02 16:04:03.092 I/SGM:GameManager( 2227): PkgUpdateReceiver, onPackageRemoved(). pkgName=com.ocelot.tunes4r, userId=0
12-02 16:04:03.092 D/SGM:Util( 2227): isPkgInstalled(). pkgName=com.ocelot.tunes4r, userId=0, installed=true
12-02 16:04:03.092 D/MetaDataCollector( 2227): onReceive: done pkgName=com.ocelot.tunes4r
12-02 16:04:03.092 D/LauncherAppsService( 2227): Calling onPackageRemoved: com.ocelot.tunes4r, EXTRA_REPLACING: true
12-02 16:04:03.093 D/ActivityThread(31684): Package [com.ocelot.tunes4r] reported as REPLACED, but missing application info. Assuming REMOVED.
12-02 16:04:03.095 D/ActivityThread( 7497): Package [com.ocelot.tunes4r] reported as REPLACED, but missing application info. Assuming REMOVED.
12-02 16:04:03.100 D/ActivityThread( 7497): Package [com.ocelot.tunes4r] reported as REPLACED, but missing application info. Assuming REMOVED.
12-02 16:04:03.105 I/Pageboost( 2227): add app to global @ runtime: com.ocelot.tunes4r
12-02 16:04:03.106 D/ActivityThread( 7497): Package [com.ocelot.tunes4r] reported as REPLACED, but missing application info. Assuming REMOVED.
12-02 16:04:03.234 D/ActivityThread(10719): Package [com.ocelot.tunes4r] reported as REPLACED, but missing application info. Assuming REMOVED.
12-02 16:04:03.237 D/ActivityThread(10719): Package [com.ocelot.tunes4r] reported as REPLACED, but missing application info. Assuming REMOVED.
12-02 16:04:03.237 D/ActivityThread(10719): Package [com.ocelot.tunes4r] reported as REPLACED, but missing application info. Assuming REMOVED.
12-02 16:04:03.262 W/AlarmManager( 2227): Package com.ocelot.tunes4r, uid 10561 lost permission to set exact alarms!
12-02 16:04:03.262 D/ActivityThread( 2227): Package [com.ocelot.tunes4r] reported as REPLACED, but missing application info. Assuming REMOVED.
12-02 16:04:03.328 D/SGM:GameManager( 2227): identifyGamePackage. com.ocelot.tunes4r, mCurrentUserId: 0, callingMethodInfo: com.samsung.android.game.SemGameManager.isGamePackage(SemGameManager.java:106)
12-02 16:04:03.328 D/SGM:SemGameManager( 2227): isGamePackage(), pkgName=com.ocelot.tunes4r, ret=false
12-02 16:04:03.733 D/ActivityThread(10721): Package [com.ocelot.tunes4r] reported as REPLACED, but missing application info. Assuming REMOVED.
12-02 16:04:03.735 D/ActivityThread(10721): Package [com.ocelot.tunes4r] reported as REPLACED, but missing application info. Assuming REMOVED.
12-02 16:04:03.735 D/ActivityThread(10721): Package [com.ocelot.tunes4r] reported as REPLACED, but missing application info. Assuming REMOVED.
12-02 16:04:06.339 I/Pageboost( 2227): onAppLaunch : com.ocelot.tunes4r
12-02 16:04:06.339 I/Pageboost( 2227): Record App IO : com.ocelot.tunes4r pid 0
12-02 16:04:06.344 V/WindowManager( 2227): Collecting in transition 698: ActivityRecord{1030189 u0 com.ocelot.tunes4r/.MainActivity, caller=com.android.server.wm.TransitionController.collect:7 com.android.server.wm.ActivityStarter.startActivityUnchecked:192 com.android.server.wm.ActivityStarter.executeRequest:3581 com.android.server.wm.ActivityStarter.execute:1752 com.android.server.wm.ActivityTaskManagerService.startActivityAsUser:95 
12-02 16:04:06.344 D/ActivityTaskManager( 2227): DesktopModeLaunchParamsModifier: task=null activity=ActivityRecord{1030189 u0 com.ocelot.tunes4r/.MainActivity t-1} task null, skipping
12-02 16:04:06.345 D/ActivityTaskManager( 2227): TaskLaunchParamsModifier:task=null activity=ActivityRecord{1030189 u0 com.ocelot.tunes4r/.MainActivity t-1} display-area-from-current-params=null display-area-from-default-fallback=DefaultTaskDisplayArea_d0@20735313 display-id=0 task-display-area-windowing-mode=1 suggested-display-area=DefaultTaskDisplayArea_d0@20735313
12-02 16:04:06.345 D/ActivityTaskManager( 2227): DesktopModeLaunchParamsModifier: task=null activity=ActivityRecord{1030189 u0 com.ocelot.tunes4r/.MainActivity t-1} task null, skipping
12-02 16:04:06.345 D/ActivityTaskManager( 2227): TaskLaunchParamsModifier:task=null activity=ActivityRecord{1030189 u0 com.ocelot.tunes4r/.MainActivity t-1} display-area-from-current-params=null display-area-from-default-fallback=DefaultTaskDisplayArea_d0@20735313 display-id=0 task-display-area-windowing-mode=1 suggested-display-area=DefaultTaskDisplayArea_d0@20735313 non-freeform-task-display-area display-area=DefaultTaskDisplayArea_d0@20735313 default-portrait freeform-size-mismatch=Rect(71, 724 - 833, 1639)
12-02 16:04:06.349 D/ActivityTaskManager( 2227): DesktopModeLaunchParamsModifier: task=Task{b5b6bb0 #1036 type=standard I=com.ocelot.tunes4r/.MainActivity} activity=ActivityRecord{1030189 u0 com.ocelot.tunes4r/.MainActivity t-1} non-desktop, skipping
12-02 16:04:06.349 D/ActivityTaskManager( 2227): TaskLaunchParamsModifier:task=Task{b5b6bb0 #1036 type=standard I=com.ocelot.tunes4r/.MainActivity} activity=ActivityRecord{1030189 u0 com.ocelot.tunes4r/.MainActivity t-1} display-from-task=0 display-id=0 task-display-area-windowing-mode=1 suggested-display-area=DefaultTaskDisplayArea_d0@20735313 inherit-from-task=fullscreen non-freeform-task-display-area display-area=DefaultTaskDisplayArea_d0@20735313 default-portrait freeform-size-mismatch=Rect(71, 724 - 833, 1639)
12-02 16:04:06.349 V/WindowManager( 2227): Collecting in transition 698: Task{b5b6bb0 #1036 type=standard I=com.ocelot.tunes4r/.MainActivity}, caller=com.android.server.wm.Transition.collectExistenceChange:40 com.android.server.wm.ActivityStarter.setNewTask:43 com.android.server.wm.ActivityStarter.startActivityInner:300 com.android.server.wm.ActivityStarter.startActivityUnchecked:205 com.android.server.wm.ActivityStarter.executeRequest:3581 
12-02 16:04:06.351 V/WindowManager( 2227): Add starting ActivityRecord{1030189 u0 com.ocelot.tunes4r/.MainActivity t1036}: startingData=SplashScreenStartingData{8321ae removeAfterTransaction= 0}
12-02 16:04:06.352 V/WindowManager( 2227): Added starting ActivityRecord{1030189 u0 com.ocelot.tunes4r/.MainActivity t1036}: startingWindow=null startingView=com.android.server.wm.StartingSurfaceController$StartingSurface@6ac8b4f
12-02 16:04:06.353 V/WindowManager( 2227): Collecting in transition 698: ActivityRecord{1030189 u0 com.ocelot.tunes4r/.MainActivity t1036}, caller=com.android.server.wm.Transition.collectExistenceChange:40 com.android.server.wm.ActivityStarter.handleStartResult:761 com.android.server.wm.ActivityStarter.startActivityUnchecked:218 com.android.server.wm.ActivityStarter.executeRequest:3581 com.android.server.wm.ActivityStarter.execute:1752 
12-02 16:04:06.353 V/WindowManager( 2227):    ChangeInfo{26cbfe5 container=ActivityRecord{1030189 u0 com.ocelot.tunes4r/.MainActivity t1036} flags=0x0}
12-02 16:04:06.353 V/WindowManager( 2227):    ChangeInfo{da500c8 container=Task{b5b6bb0 #1036 type=standard I=com.ocelot.tunes4r/.MainActivity} flags=0x0}
12-02 16:04:06.353 I/ActivityTaskManager( 2227): START u0 {act=android.intent.action.MAIN cat=[android.intent.category.LAUNCHER] flg=0x30000000 xflg=0x4 cmp=com.ocelot.tunes4r/.MainActivity (has extras)} with LAUNCH_SINGLE_TOP from uid 2000 (BAL_ALLOW_PERMISSION) result code=0
12-02 16:04:06.366 D/WindowManager( 2227): prepareSync <SYNC_STATE_WAITING_FOR_DRAW>, mPrepareSyncSeqId=0, win=Window{d7f4f36 u0 Splash Screen com.ocelot.tunes4r}
12-02 16:04:06.367 V/WindowManager( 2227): addWindow: ActivityRecord{1030189 u0 com.ocelot.tunes4r/.MainActivity t1036} startingWindow=Window{d7f4f36 u0 Splash Screen com.ocelot.tunes4r}
12-02 16:04:06.371 I/ActivityManager( 2227): Start proc 4039:com.ocelot.tunes4r/u0a561 for next-top-activity {com.ocelot.tunes4r/com.ocelot.tunes4r.MainActivity}
12-02 16:04:06.371 D/DynamicHiddenApp_BGProtectManager( 2227): [SecIpm] it's a ML_TYPE_EMPTYPROCESS protected process com.ocelot.tunes4r
12-02 16:04:06.373 V/WindowManagerShell( 4586): Transition requested (#698): android.os.BinderProxy@589a836 TransitionRequestInfo { type = OPEN, triggerTask = TaskInfo{userId=0 taskId=1036 effectiveUid=10561 displayId=0 isRunning=true baseIntent=Intent { act=android.intent.action.MAIN cat=[android.intent.category.LAUNCHER] flg=0x30000000 cmp=com.ocelot.tunes4r/.MainActivity } baseActivity=ComponentInfo{com.ocelot.tunes4r/com.ocelot.tunes4r.MainActivity} topActivity=ComponentInfo{com.ocelot.tunes4r/com.ocelot.tunes4r.MainActivity} origActivity=null realActivity=ComponentInfo{com.ocelot.tunes4r/com.ocelot.tunes4r.MainActivity} numActivities=1 lastActiveTime=105738229 supportsMultiWindow=true resizeMode=1 isResizeable=true minWidth=-1 minHeight=-1 maxWidth=-1 maxHeight=-1 defaultMinSize=220 desktopDefaultMinSize=304 token=WCT{android.window.IWindowContainerToken$Stub$Proxy@ca14337} topActivityType=1 pictureInPictureParams=null shouldDockBigOverlays=false launchIntoPipHostTaskId=-1 lastParentTaskIdBeforePip=-1 displayCutoutSafeInsets=Rect(0, 85 - 0, 0) topActivityInfo=ActivityInfo{6ae90a4 com.ocelot.tunes4r.MainActivity} launchCookies=[] positionInParent=Point(0, 0) parentTaskId=-1 isFocused=false isVisible=false isVisibleRequested=false isTopActivityNoDisplay=false isSleeping=false locusId=null displayAreaFeatureId=1 isTopActivityTransparent=false isActivityStackTransparent=false lastNonFullscreenBounds=Rect(71, 724 - 833, 1639) capturedLink=null capturedLinkTimestamp=0 requestedVisibleTypes=-9 topActivityRequestOpenInBrowserEducationTimestamp=0 appCompatTaskInfo=AppCompatTaskInfo { topActivityInSizeCompat=false eligibleForLetterboxEducation= false isLetterboxEducationEnabled= false isLetterboxDoubleTapEnabled= false eligibleForUserAspectRatioButton= false topActivityBoundsLetterboxed= false isFromLetterboxDoubleTap= false topActivityLetterboxVerticalPosition= -1 topActivityLetterboxHorizontalPosition= -1 topActivityLetterboxWidth=-1 topActivityLetterboxHeight=-1 topActivityAppBounds=Rect(0, 0 - 904, 2316) isUserFullscreenOverrideEnabled=true isSystemFullscreenOverrideEnabled=false hasMinAspectRatioOverride=false topActivityLetterboxBounds=null cameraCompatTaskInfo=CameraCompatTaskInfo { freeformCameraCompatMode=inactive} topActivityBounds=null topActivityInDisplayCompat=false singleTapFromLetterbox=false} topActivityMainWindowFrame=null originallySupportedMultiWindow=true hasWallpaper=false rootAffinity=null isTopTaskInStage=false CoverLauncherWidgetTask=false LaunchedFromAppsCoverLauncherTask=false LaunchedFromMultistarCoverLauncherTask=false isAllowedSeamlessRotation=false isTopTransparentActivity=false isAliasManaged=false hasConfigChanged=false snappingGuideBounds=null isAiKeyRemoveAppTask=false lastDesktopWindowingBounds=null lastExternalDesktopWindowingBounds=null isTopFullScreenWindow=true isFullSizeWindow=true safeCutoutInsets=null}, pipChange = null, remoteTransition = null, displayChange = null, flags = 0, debugId = 698 }
12-02 16:04:06.377 D/WindowManager( 2227): makeSurface duration=1 name=Splash Screen com.ocelot.tunes4r$_4586
12-02 16:04:06.386 D/WindowManager( 2227): finishDrawingWindow: Window{d7f4f36 u0 Splash Screen com.ocelot.tunes4r} mDrawState=DRAW_PENDING seqId=0
12-02 16:04:06.386 V/WindowManager( 2227): Finishing drawing window Window{d7f4f36 u0 Splash Screen com.ocelot.tunes4r}: mDrawState=DRAW_PENDING
12-02 16:04:06.386 V/WindowManager( 2227): Draw state now committed in Window{d7f4f36 u0 Splash Screen com.ocelot.tunes4r}
12-02 16:04:06.410 I/AppsFilter( 2227): interaction: PackageSetting{c5536c com.example.frontend/10704} -> PackageSetting{52f0ab3 com.ocelot.tunes4r/10561} BLOCKED
12-02 16:04:06.411 V/WindowManager( 2227): Collecting in transition 698: ActivityRecord{1030189 u0 com.ocelot.tunes4r/.MainActivity t1036}, caller=com.android.server.wm.TransitionController.collect:7 com.android.server.wm.ActivityRecord.setVisibility:132 com.android.server.wm.EnsureActivitiesVisibleHelper.setActivityVisibilityState:221 com.android.server.wm.EnsureActivitiesVisibleHelper.process:281 com.android.server.wm.TaskFragment.updateActivityVisibilities:12 
12-02 16:04:06.442 D/MediaRouterService( 2227): onAudioPlayerActiveStateChanged: uid=10528, active=false, delaying
12-02 16:04:06.551 D/MdnieScenarioControlService( 2227):  packageName : com.ocelot.tunes4r    className : com.ocelot.tunes4r.MainActivity
12-02 16:04:06.614 D/WindowManager( 2227): rotationForOrientation, orientationSource=ActivityRecord{1030189 u0 com.ocelot.tunes4r/.MainActivity t1036}
12-02 16:04:06.614 V/WindowManager( 2227): Collecting in transition 698: ActivityRecord{1030189 u0 com.ocelot.tunes4r/.MainActivity t1036}, caller=com.android.server.wm.TransitionController.collect:7 com.android.server.wm.ActivityRecord.setVisibility:132 com.android.server.wm.ActivityTaskSupervisor.realStartActivityLocked:222 com.android.server.wm.RootWindowContainer.attachApplication:92 com.android.server.wm.ActivityTaskManagerService$LocalService.attachApplication:41 
12-02 16:04:06.614 D/SGM:FgCheckThread( 2227): notifyAppCreated(), packageName: com.ocelot.tunes4r, userId: 0, sendRet: true
12-02 16:04:06.614 D/SGM:FgCheckThread( 2227): onLooperPrepared(), msg: MSG_APP_CREATE, pkgName: com.ocelot.tunes4r, userId: 0
12-02 16:04:06.615 D/SGM:FgCheckThread( 2227):   sendRunningComponentFocus(), pkgName: com.ocelot.tunes4r, userId: 0
12-02 16:04:06.615 D/SGM:FgCheckThread( 2227): onLooperPrepared(), msg: MSG_TASK_FOCUSED, pkgName: com.ocelot.tunes4r, userId: 0
12-02 16:04:06.615 D/SGM:FgCheckThread( 2227):   handleTaskFocused(), pkgName: com.ocelot.tunes4r, userID:0
12-02 16:04:06.615 D/SGM:FgCheckThread( 2227):   handleResume(). pkgName: com.ocelot.tunes4r, userId: 0, category: non-game
12-02 16:04:06.615 D/SGM:FgCheckThread( 2227): notifyFocusInOut(). of pkg: com.ocelot.tunes4r, type: 4, isSecGameFamily: false, userId: 0
12-02 16:04:06.615 D/ActivityTaskManager( 2227): scheduleTopResumedActivityChanged, onTop=true, r=ActivityRecord{1030189 u0 com.ocelot.tunes4r/.MainActivity t1036}, caller=com.android.server.wm.ActivityTaskSupervisor.scheduleTopResumedActivityStateIfNeeded:18 com.android.server.wm.ActivityTaskSupervisor.updateTopResumedActivityIfNeeded:54 com.android.server.wm.TaskFragment.setResumedActivity:75 com.android.server.wm.ActivityRecord.setState:116 com.android.server.wm.ActivityTaskSupervisor.realStartActivityLocked:497 com.android.server.wm.RootWindowContainer.attachApplication:92 
12-02 16:04:06.616 D/ActivityTaskManager( 2227): updateAppCompatDisplayInsets, SizeChangesSupported=3, ResizeMode=1, inMultiWindowMode=false, isFolded=true, RealActivity=ComponentInfo{com.ocelot.tunes4r/com.ocelot.tunes4r.MainActivity}, Task=Task{b5b6bb0 #1036 type=standard I=com.ocelot.tunes4r/.MainActivity}
12-02 16:04:06.616 D/WindowManagerServiceExt( 2227): updateTaskbarTargetIfNeeded: cn=ComponentInfo{com.ocelot.tunes4r/com.ocelot.tunes4r.MainActivity} occludesParent=true isInSplitScreenMode=false
12-02 16:04:06.617 V/WindowManager( 2227): performShowLocked: mDrawState=HAS_DRAWN in Window{d7f4f36 u0 Splash Screen com.ocelot.tunes4r}
12-02 16:04:06.617 D/ChangeTransitionController( 2227):    ChangeInfo{26cbfe5 container=ActivityRecord{1030189 u0 com.ocelot.tunes4r/.MainActivity t1036} flags=0x0}
12-02 16:04:06.617 D/ChangeTransitionController( 2227):    ChangeInfo{da500c8 container=Task{b5b6bb0 #1036 type=standard I=com.ocelot.tunes4r/.MainActivity} flags=0x0}
12-02 16:04:06.618 V/WindowManager( 2227): Start calculating TransitionInfo based on participants: {ActivityRecord{1030189 u0 com.ocelot.tunes4r/.MainActivity t1036}, Task{b5b6bb0 #1036 type=standard I=com.ocelot.tunes4r/.MainActivity}, ActivityRecord{250105534 u0 com.zhiliaoapp.musically/com.ss.android.ugc.aweme.splash.SplashActivity t1029}}
12-02 16:04:06.618 V/WindowManager( 2227):   Final targets: [ChangeInfo{da500c8 container=Task{b5b6bb0 #1036 type=standard I=com.ocelot.tunes4r/.MainActivity} flags=0x10}, ChangeInfo{4c1adbf container=Task{5db9b1f #1029 type=standard A=10528:com.zhiliaoapp.musically} flags=0x10}]
12-02 16:04:06.618 D/ActivityThread( 4039): com.ocelot.tunes4r will use render engine as VK
12-02 16:04:06.619 V/WindowManager( 2227):         {WCT{RemoteToken{ed66db Task{b5b6bb0 #1036 type=standard I=com.ocelot.tunes4r/.MainActivity}}} m=OPEN f=NONE leash=Surface(name=Task=1036)/@0xaaf3fd5 sb=Rect(0, 0 - 904, 2316) eb=Rect(0, 0 - 904, 2316) epz=Point(904, 2316) d=0 taskParent=-1 inset=Rect(0, 85 - 0, 39) dim=true},
12-02 16:04:06.629 V/WindowManager( 2227): Sent Transition (#698) createdAt=12-02 16:04:06.344 via request=TransitionRequestInfo { type = OPEN, triggerTask = TaskInfo{userId=0 taskId=1036 effectiveUid=10561 displayId=0 isRunning=true baseIntent=Intent { act=android.intent.action.MAIN cat=[android.intent.category.LAUNCHER] flg=0x30000000 cmp=com.ocelot.tunes4r/.MainActivity } baseActivity=ComponentInfo{com.ocelot.tunes4r/com.ocelot.tunes4r.MainActivity} topActivity=ComponentInfo{com.ocelot.tunes4r/com.ocelot.tunes4r.MainActivity} origActivity=null realActivity=ComponentInfo{com.ocelot.tunes4r/com.ocelot.tunes4r.MainActivity} numActivities=1 lastActiveTime=105738229 supportsMultiWindow=true resizeMode=1 isResizeable=true minWidth=-1 minHeight=-1 maxWidth=-1 maxHeight=-1 defaultMinSize=220 desktopDefaultMinSize=304 token=WCT{RemoteToken{ed66db Task{b5b6bb0 #1036 type=standard I=com.ocelot.tunes4r/.MainActivity}}} topActivityType=1 pictureInPictureParams=null shouldDockBigOverlays=false launchIntoPipHostTaskId=-1 lastParentTaskIdBeforePip=-1 displayCutoutSafeInsets=Rect(0, 85 - 0, 0) topActivityInfo=ActivityInfo{f55b4b6 com.ocelot.tunes4r.MainActivity} launchCookies=[] positionInParent=Point(0, 0) parentTaskId=-1 isFocused=false isVisible=false isVisibleRequested=false isTopActivityNoDisplay=false isSleeping=false locusId=null displayAreaFeatureId=1 isTopActivityTransparent=false isActivityStackTransparent=false lastNonFullscreenBounds=Rect(71, 724 - 833, 1639) capturedLink=null capturedLinkTimestamp=0 requestedVisibleTypes=-9 topActivityRequestOpenInBrowserEducationTimestamp=0 appCompatTaskInfo=AppCompatTaskInfo { topActivityInSizeCompat=false eligibleForLetterboxEducation= false isLetterboxEducationEnabled= false isLetterboxDoubleTapEnabled= false eligibleForUserAspectRatioButton= false topActivityBoundsLetterboxed= false isFromLetterboxDoubleTap= false topActivityLetterboxVerticalPosition= -1 topActivityLetterboxHorizontalPosition= -1 topActivityLetterboxWidth=-1 topActivityLetterboxHeight=-1 topActivityAppBounds=Rect(0, 0 - 904, 2316) isUserFullscreenOverrideEnabled=true isSystemFullscreenOverrideEnabled=false hasMinAspectRatioOverride=false topActivityLetterboxBounds=null cameraCompatTaskInfo=CameraCompatTaskInfo { freeformCameraCompatMode=inactive} topActivityBounds=null topActivityInDisplayCompat=false singleTapFromLetterbox=false} topActivityMainWindowFrame=null originallySupportedMultiWindow=true hasWallpaper=false rootAffinity=null isTopTaskInStage=false CoverLauncherWidgetTask=false LaunchedFromAppsCoverLauncherTask=false LaunchedFromMultistarCoverLauncherTask=false isAllowedSeamlessRotation=false isTopTransparentActivity=false isAliasManaged=false hasConfigChanged=false snappingGuideBounds=null isAiKeyRemoveAppTask=false lastDesktopWindowingBounds=null lastExternalDesktopWindowingBounds=null isTopFullScreenWindow=true isFullSizeWindow=true safeCutoutInsets=null}, pipChange = null, remoteTransition = null, displayChange = null, flags = 0, debugId = 698 }
12-02 16:04:06.629 V/WindowManager( 2227):         {WCT{RemoteToken{ed66db Task{b5b6bb0 #1036 type=standard I=com.ocelot.tunes4r/.MainActivity}}} m=OPEN f=NONE leash=Surface(name=Task=1036)/@0xaaf3fd5 sb=Rect(0, 0 - 904, 2316) eb=Rect(0, 0 - 904, 2316) epz=Point(904, 2316) d=0 taskParent=-1 inset=Rect(0, 85 - 0, 39) dim=true},
12-02 16:04:06.650 D/SGM:FgCheckThread( 2227): noteResumeComponent(), received pkgName: com.ocelot.tunes4r, userId: 0
12-02 16:04:06.650 I/SDHMS:k ( 9206): handleResumeComponent : put = com.ocelot.tunes4r, userid = 0 instanceid =182233641
12-02 16:04:06.650 D/SGM:FgCheckThread( 2227): onLooperPrepared(), msg: MSG_APP_RESUME, pkgName: com.ocelot.tunes4r, userid: 0
12-02 16:04:06.650 D/SGM:FgCheckThread( 2227):   handleResume(). pkgName: com.ocelot.tunes4r, userId: 0, category: non-game
12-02 16:04:06.650 D/SGM:FgCheckThread( 2227): notifyFocusInOut(). of pkg: com.ocelot.tunes4r, type: 4, isSecGameFamily: false, userId: 0
12-02 16:04:06.650 D/SGM:GameManager( 2227): identifyGamePackage. com.ocelot.tunes4r, mCurrentUserId: 0, callingMethodInfo: com.samsung.android.game.SemGameManager.isGamePackage(SemGameManager.java:106)
12-02 16:04:06.650 D/SGM:SemGameManager( 2227): isGamePackage(), pkgName=com.ocelot.tunes4r, ret=false
12-02 16:04:06.848 D/SGM:GameManager( 2227): identifyGamePackage. com.ocelot.tunes4r, mCurrentUserId: 0, callingMethodInfo: com.samsung.android.game.IGameManagerService$Stub.onTransact(IGameManagerService.java:247)
12-02 16:04:06.941 D/MediaRouterService( 2227): restoreBluetoothA2dp(true)
12-02 16:04:07.091 V/WindowManager( 2227):    ChangeInfo{26cbfe5 container=ActivityRecord{1030189 u0 com.ocelot.tunes4r/.MainActivity t1036} flags=0x0}
12-02 16:04:07.091 V/WindowManager( 2227):    ChangeInfo{da500c8 container=Task{b5b6bb0 #1036 type=standard I=com.ocelot.tunes4r/.MainActivity} flags=0x10}
12-02 16:04:07.092 D/ChangeTransitionController( 2227):    ChangeInfo{26cbfe5 container=ActivityRecord{1030189 u0 com.ocelot.tunes4r/.MainActivity t1036} flags=0x0}
12-02 16:04:07.092 D/ChangeTransitionController( 2227):    ChangeInfo{da500c8 container=Task{b5b6bb0 #1036 type=standard I=com.ocelot.tunes4r/.MainActivity} flags=0x10}
12-02 16:04:07.094 D/InsetsSourceProvider( 2227): updateControlForTarget: control=InsetsSourceControl: {fbd40001 mType=navigationBars initiallyVisible mSurfacePosition=Point(0, 2190) mInsetsHint=Insets{left=0, top=0, right=0, bottom=39}}, target=Window{d7f4f36 u0 Splash Screen com.ocelot.tunes4r}, from=com.android.server.wm.InsetsStateController.onControlTargetChanged:83 com.android.server.wm.InsetsPolicy.updateBarControlTarget:225 com.android.server.wm.DisplayPolicy.updateSystemBarAttributes:262 com.android.server.wm.DisplayPolicy.finishPostLayoutPolicyLw:17 com.android.server.wm.RootWindowContainer.applySurfaceChangesTransaction$1:195 
12-02 16:04:07.095 D/InsetsSourceProvider( 2227): updateControlForTarget: control=InsetsSourceControl: {95190000 mType=statusBars initiallyVisible mSurfacePosition=Point(0, 0) mInsetsHint=Insets{left=0, top=85, right=0, bottom=0}}, target=Window{d7f4f36 u0 Splash Screen com.ocelot.tunes4r}, from=com.android.server.wm.InsetsStateController.onControlTargetChanged:83 com.android.server.wm.InsetsPolicy.updateBarControlTarget:212 com.android.server.wm.DisplayPolicy.updateSystemBarAttributes:262 com.android.server.wm.DisplayPolicy.finishPostLayoutPolicyLw:17 com.android.server.wm.RootWindowContainer.applySurfaceChangesTransaction$1:195 
12-02 16:04:07.095 D/WindowManager( 2227): updateSystemBarAttributes: displayId=0, focusedCanBeNavColorWin=false, win=Window{d7f4f36 u0 Splash Screen com.ocelot.tunes4r}, navColorWin=Window{d7f4f36 u0 Splash Screen com.ocelot.tunes4r}, caller=com.android.server.wm.DisplayPolicy.finishPostLayoutPolicyLw:17 com.android.server.wm.RootWindowContainer.applySurfaceChangesTransaction$1:195 com.android.server.wm.RootWindowContainer.performSurfacePlacementNoTrace:86 
12-02 16:04:07.122 I/WindowManager( 2227): notifyInsetsControlChanged, removed=false, win=Window{d7f4f36 u0 Splash Screen com.ocelot.tunes4r}, caller=com.android.server.wm.InsetsStateController$$ExternalSyntheticLambda1.run:137 com.android.server.wm.WindowAnimator$$ExternalSyntheticLambda2.onTransactionCommitted:26 android.view.SurfaceControl$Transaction$$ExternalSyntheticLambda4.run:0 android.os.Handler.handleCallback:995 android.os.Handler.dispatchMessage:103 android.os.Looper.loopOnce:273 
12-02 16:04:07.123 W/AccessibilityWindowsPopulator( 2227): Windows change within in 2 frames continuously over 500 ms and notify windows changed immediately
12-02 16:04:07.191 I/AppsFilter( 2227): interaction: PackageSetting{52f0ab3 com.ocelot.tunes4r/10561} -> PackageSetting{483bb22 com.google.android.inputmethod.latin/10469} BLOCKED
12-02 16:04:07.207 I/MediaSessionStack( 2227): addSession to bottom of stack | record: com.ocelot.tunes4r/tunes4r_media_session/73 (userId=0)
12-02 16:04:07.210 I/MediaSessionStack( 2227): onPlaybackStateChanged - Pushing session to top | record: com.ocelot.tunes4r/tunes4r_media_session/73 (userId=0)
12-02 16:04:07.214 I/AudioManager(25371): dispatching onAudioFocusChange(-1) to android.media.AudioManager@e7d65ceX.0zCl@bbd4cef
12-02 16:04:07.214 I/SemApeController( 2227): updateStreamingState: com.ocelot.tunes4r uid=10561
12-02 16:04:07.214 I/SemApeController( 2227): [STREAMING] Total number of active media sessions: 1
12-02 16:04:07.841 D/CoreBackPreview( 2227): Window{bbd9212 u0 com.ocelot.tunes4r/com.ocelot.tunes4r.MainActivity}: Setting back callback OnBackInvokedCallbackInfo{mCallback=android.window.IOnBackInvokedCallback$Stub$Proxy@1dca0d2, mPriority=-1, mIsAnimationCallback=false, mOverrideBehavior=0}
12-02 16:04:07.860 D/WindowManager( 2227): makeSurface duration=2 name=com.ocelot.tunes4r/com.ocelot.tunes4r.MainActivity$_4039
12-02 16:04:07.861 D/WindowManager( 2227): Changing focus from null to Window{bbd9212 u0 com.ocelot.tunes4r/com.ocelot.tunes4r.MainActivity} displayId=0 Callers=com.android.server.wm.WindowManagerService.relayoutWindow:1411 com.android.server.wm.Session.relayout:27 android.view.IWindowSession$Stub.onTransact:829 com.android.server.wm.Session.onTransact:1 
12-02 16:04:07.862 D/InsetsSourceProvider( 2227): updateControlForTarget: control=InsetsSourceControl: {fbd40001 mType=navigationBars initiallyVisible mSurfacePosition=Point(0, 2190) mInsetsHint=Insets{left=0, top=0, right=0, bottom=39}}, target=Window{bbd9212 u0 com.ocelot.tunes4r/com.ocelot.tunes4r.MainActivity}, from=com.android.server.wm.InsetsStateController.onControlTargetChanged:83 com.android.server.wm.InsetsPolicy.updateBarControlTarget:225 com.android.server.wm.DisplayPolicy.updateSystemBarAttributes:262 com.android.server.wm.WindowManagerService.updateFocusedWindowLocked:372 com.android.server.wm.WindowManagerService.relayoutWindow:1411 
12-02 16:04:07.863 D/InsetsSourceProvider( 2227): updateControlForTarget: control=InsetsSourceControl: {95190000 mType=statusBars initiallyVisible mSurfacePosition=Point(0, 0) mInsetsHint=Insets{left=0, top=85, right=0, bottom=0}}, target=Window{bbd9212 u0 com.ocelot.tunes4r/com.ocelot.tunes4r.MainActivity}, from=com.android.server.wm.InsetsStateController.onControlTargetChanged:83 com.android.server.wm.InsetsPolicy.updateBarControlTarget:212 com.android.server.wm.DisplayPolicy.updateSystemBarAttributes:262 com.android.server.wm.WindowManagerService.updateFocusedWindowLocked:372 com.android.server.wm.WindowManagerService.relayoutWindow:1411 
12-02 16:04:07.863 D/WindowManager( 2227): updateSystemBarAttributes: displayId=0, focusedCanBeNavColorWin=false, win=Window{bbd9212 u0 com.ocelot.tunes4r/com.ocelot.tunes4r.MainActivity}, navColorWin=Window{d7f4f36 u0 Splash Screen com.ocelot.tunes4r}, caller=com.android.server.wm.WindowManagerService.updateFocusedWindowLocked:372 com.android.server.wm.WindowManagerService.relayoutWindow:1411 com.android.server.wm.Session.relayout:27 
12-02 16:04:07.863 V/SystemKeyManager( 2227): updateFocusedWindow() is called, com.ocelot.tunes4r/com.ocelot.tunes4r.MainActivity
12-02 16:04:07.899 I/WindowManager( 2227): notifyInsetsControlChanged, removed=false, win=Window{d7f4f36 u0 Splash Screen com.ocelot.tunes4r}, caller=com.android.server.wm.InsetsStateController$$ExternalSyntheticLambda1.run:137 com.android.server.wm.WindowAnimator$$ExternalSyntheticLambda2.onTransactionCommitted:26 android.view.SurfaceControl$Transaction$$ExternalSyntheticLambda4.run:0 android.os.Handler.handleCallback:995 android.os.Handler.dispatchMessage:103 android.os.Looper.loopOnce:273 
12-02 16:04:08.159 D/WindowManager( 2227): updateSystemBarAttributes: displayId=0, focusedCanBeNavColorWin=false, win=Window{bbd9212 u0 com.ocelot.tunes4r/com.ocelot.tunes4r.MainActivity}, navColorWin=Window{d7f4f36 u0 Splash Screen com.ocelot.tunes4r}, caller=com.android.server.wm.DisplayPolicy.finishPostLayoutPolicyLw:17 com.android.server.wm.RootWindowContainer.applySurfaceChangesTransaction$1:195 com.android.server.wm.RootWindowContainer.performSurfacePlacementNoTrace:86 
12-02 16:04:08.171 D/WindowManager( 2227): finishDrawingWindow: Window{bbd9212 u0 com.ocelot.tunes4r/com.ocelot.tunes4r.MainActivity} mDrawState=DRAW_PENDING seqId=0
12-02 16:04:08.171 V/WindowManager( 2227): Finish starting ActivityRecord{1030189 u0 com.ocelot.tunes4r/.MainActivity t1036}: first real window is shown, no animation
12-02 16:04:08.171 V/WindowManager( 2227): Schedule remove starting ActivityRecord{1030189 u0 com.ocelot.tunes4r/.MainActivity t1036} startingWindow=Window{d7f4f36 u0 Splash Screen com.ocelot.tunes4r} animate=true Callers=com.android.server.wm.ActivityRecord.removeStartingWindow:178 com.android.server.wm.WindowState.performShowLocked:155 com.android.server.wm.WindowStateAnimator.commitFinishDrawingLocked:73 com.android.server.wm.DisplayContent$$ExternalSyntheticLambda1.accept:398 com.android.server.wm.WindowContainer$ForAllWindowsConsumerWrapper.apply:5 
12-02 16:04:08.172 D/TaskOrganizerController( 2227): applyStartingWindowAnimation, window=Window{bbd9212 u0 com.ocelot.tunes4r/com.ocelot.tunes4r.MainActivity}, caller=com.android.server.wm.TaskOrganizerController.removeStartingWindow:132 com.android.server.wm.StartingSurfaceController$StartingSurface.remove:23 com.android.server.wm.ActivityRecord.removeStartingWindowAnimation:171 
12-02 16:04:08.172 I/WindowManager( 2227): Reparenting to leash, surface=Surface(name=bbd9212 com.ocelot.tunes4r/com.ocelot.tunes4r.MainActivity)/@0x987dca9, leashParent=Surface(name=ActivityRecord{1030189 u0 com.ocelot.tunes4r/.MainActivity t1036})/@0x7caa22e
12-02 16:04:08.173 D/WindowManager( 2227): makeSurface duration=2 leash=Surface(name=Surface(name=bbd9212 com.ocelot.tunes4r/com.ocelot.tunes4r.MainActivity)/@0x987dca9 - animation-leash of starting_reveal)/@0xc4541cf
12-02 16:04:08.174 V/WindowManager( 2227): performShowLocked: mDrawState=HAS_DRAWN in Window{bbd9212 u0 com.ocelot.tunes4r/com.ocelot.tunes4r.MainActivity}
12-02 16:04:08.177 I/Pageboost( 2227): Launch time gathered : pid 4039 com.ocelot.tunes4r 1835
12-02 16:04:08.241 D/WindowManager( 2227): updateSystemBarAttributes: displayId=0, focusedCanBeNavColorWin=false, win=Window{bbd9212 u0 com.ocelot.tunes4r/com.ocelot.tunes4r.MainActivity}, navColorWin=Window{bbd9212 u0 com.ocelot.tunes4r/com.ocelot.tunes4r.MainActivity}, caller=com.android.server.wm.DisplayPolicy.finishPostLayoutPolicyLw:17 com.android.server.wm.RootWindowContainer.applySurfaceChangesTransaction$1:195 com.android.server.wm.RootWindowContainer.performSurfacePlacementNoTrace:86 
12-02 16:04:08.265 D/InsetsSourceProvider( 2227): updateControlForTarget: control=InsetsSourceControl: {3 mType=ime mSurfacePosition=Point(0, 85) mInsetsHint=Insets{left=0, top=0, right=0, bottom=1011}}, target=Window{bbd9212 u0 com.ocelot.tunes4r/com.ocelot.tunes4r.MainActivity}, from=com.android.server.wm.ImeInsetsSourceProvider.updateControlForTarget:17 com.android.server.wm.InsetsStateController.onControlTargetChanged:83 com.android.server.wm.DisplayContent.updateImeControlTarget:21 com.android.server.wm.DisplayContent.updateImeInputAndControlTarget:156 com.android.server.wm.WindowManagerService$LocalService.updateInputMethodTargetWindow:64 
12-02 16:04:08.272 D/WindowManager( 2227): Starting window removed Window{d7f4f36 u0 Splash Screen com.ocelot.tunes4r}
12-02 16:04:08.272 I/WindowManager( 2227): Cancelling animation restarting=false, leash=Surface(name=Surface(name=bbd9212 com.ocelot.tunes4r/com.ocelot.tunes4r.MainActivity)/@0x987dca9 - animation-leash of starting_reveal)/@0xc4541cf
12-02 16:04:08.272 I/WindowManager( 2227): Reparenting to original parent: Surface(name=ActivityRecord{1030189 u0 com.ocelot.tunes4r/.MainActivity t1036})/@0x7caa22e, destroy=false, surface=Surface(name=bbd9212 com.ocelot.tunes4r/com.ocelot.tunes4r.MainActivity)/@0x987dca9
12-02 16:04:08.273 V/WindowManager( 2227): Remove Window{d7f4f36 u0 Splash Screen com.ocelot.tunes4r}: mSurfaceControl=Surface(name=Splash Screen com.ocelot.tunes4r$_4586)/@0x928c0f9 mAnimatingExit=false mRemoveOnExit=false mHasSurface=true surfaceShowing=false animating=false app-animation=false callers=com.android.server.wm.Session.remove:16 android.view.IWindowSession$Stub.onTransact:804 com.android.server.wm.Session.onTransact:1 android.os.Binder.execTransactInternal:1462 android.os.Binder.execTransact:1401 <bottom of call stack> 
12-02 16:04:08.486 D/SGM:FgCheckThread( 2227): getForegroundApp(), foregroundPkgName=com.ocelot.tunes4r
12-02 16:04:08.488 D/SGM:GameManager( 2227): identifyForegroundApp. com.ocelot.tunes4r, mCurrentUserId: 0, callerUserId: 0
12-02 16:04:08.488 D/SGM:GameManager( 2227): identifyForegroundApp. com.ocelot.tunes4r, mCurrentUserId: 0, callerUserId: 0
12-02 16:04:08.488 D/SGM:FgCheckThread( 2227): noteStopComponent(), received pkgName: com.zhiliaoapp.musically, focusedPkgName: com.ocelot.tunes4r, userId: 0
12-02 16:04:08.513 I/SGM:GameManager( 2227): PkgUpdateReceiver, onPackageAdded : com.ocelot.tunes4r userHandle : UserHandle{0} userId : 0
12-02 16:04:08.513 D/SGM:GosNotifyThread( 2227): sendPackageMessage(), changeType=0, pkgName=com.ocelot.tunes4r, userHandleId=0
12-02 16:04:08.513 D/SGM:GosNotifyThread( 2227): notifyPackageChangedToGos(), before send intent to GOS. type:15, changeType: 0, pkgName:com.ocelot.tunes4r, userHandleId:0
12-02 16:04:08.513 D/SGM:PmAppCategoryManager( 2227): getManifestCategory(), manifestCategory=-1, packageName=com.ocelot.tunes4r
12-02 16:04:08.513 D/SGM:PmAppCategoryManager( 2227): getCategoryOverride(), categoryOverride=-1, packageName=com.ocelot.tunes4r
12-02 16:04:08.513 I/SGM:GosNotifyThread( 2227): notifyPackageChangedToGos(), category from pm: com.ocelot.tunes4r, [-1/-1]
12-02 16:04:08.617 D/MdnieScenarioControlService( 2227):  packageName : com.ocelot.tunes4r    className : com.ocelot.tunes4r.MainActivity
12-02 16:04:08.809 D/SGM:GameManager( 2227): setPackageConfigurations(). category=-1, pkgName=com.ocelot.tunes4r
12-02 16:04:08.809 D/SGM:GameManager( 2227): setPackageConfiguration(). configuration: packageName: com.ocelot.tunes4r, performancePolicyForSsrm: null, optimalAspectRatio: 1.7777778, dynamicSurfaceScaling: 1.0, category: -1, categoryByUser: -1, fillBlackSurfaceOnMargins: false, userId: null
12-02 16:04:08.809 D/SGM:GameManager( 2227): setPackageConfiguration(). pkgName=com.ocelot.tunes4r
12-02 16:04:08.809 D/SGM:Util( 2227): isPkgInstalled(). pkgName=com.ocelot.tunes4r, userId=0, installed=true
12-02 16:04:08.810 W/SGM:Util( 2227): isPkgInstalled(), com.ocelot.tunes4r does not exist. 
12-02 16:04:08.810 D/SGM:Util( 2227): isPkgInstalled(). pkgName=com.ocelot.tunes4r, userId=150, installed=false
12-02 16:04:08.810 D/SGM:GosNotifyThread( 2227): sendPackageMessage(), changeType=1, pkgName=com.ocelot.tunes4r, userHandleId=150
12-02 16:04:08.810 W/SGM:GameManager( 2227): setPackageConfiguration(). the package is not installed. pkgName=com.ocelot.tunes4r, userId=150
12-02 16:04:09.493 D/io_stats( 1170): !@ Read_top(KB): ycat.virustotal(3273) 619612 system_server(2227) 68164 .ocelot.tunes4r(4039) 66816
12-02 16:04:09.951 D/MetaDataCollector( 2227): onReceive: done pkgName=com.ocelot.tunes4r
12-02 16:04:09.952 I/SGM:GameManager( 2227): PkgUpdateReceiver, onPackageReplaced : com.ocelot.tunes4r userID : UserHandle{0}
12-02 16:04:09.952 D/SGM:GosNotifyThread( 2227): sendPackageMessage(), changeType=8, pkgName=com.ocelot.tunes4r, userHandleId=0
12-02 16:04:09.952 D/SGM:GosNotifyThread( 2227): notifyPackageChangedToGos(), before send intent to GOS. type:15, changeType: 8, pkgName:com.ocelot.tunes4r, userHandleId:0
12-02 16:04:09.952 D/SGM:PmAppCategoryManager( 2227): getManifestCategory(), manifestCategory=-1, packageName=com.ocelot.tunes4r
12-02 16:04:09.952 D/SGM:PmAppCategoryManager( 2227): getCategoryOverride(), categoryOverride=-1, packageName=com.ocelot.tunes4r
12-02 16:04:09.952 I/SGM:GosNotifyThread( 2227): notifyPackageChangedToGos(), category from pm: com.ocelot.tunes4r, [-1/-1]
12-02 16:04:09.952 D/MetaDataCollector( 2227): onReceive: done pkgName=com.ocelot.tunes4r
12-02 16:04:11.647 I/Pageboost( 2227): db create : CREATE TABLE IF NOT EXISTS comocelottunes4r (FILENAME TEXT, OFFSET INTEGER, SIZE INTEGER, FORVRAMDISK INTEGER, BITMAP BLOB, unique (FILENAME, OFFSET) );
12-02 16:04:11.649 I/Pageboost( 2227): db create : CREATE TABLE IF NOT EXISTS comocelottunes4r (FILENAME TEXT, OFFSET INTEGER, SIZE INTEGER, FORVRAMDISK INTEGER, BITMAP BLOB, unique (FILENAME, OFFSET) );
12-02 16:04:11.685 I/Pageboost( 2227): db update :com.ocelot.tunes4r ret 1
12-02 16:04:11.717 I/Pageboost( 2227): memUsage collected : 338757 52440 45412 for com.ocelot.tunes4r 4039
12-02 16:04:13.493 D/io_stats( 1170): !@ Write_top(KB): system_server(2227) 9844 kworker/u16:3(31407) 4800 .ocelot.tunes4r(4039) 264
12-02 16:04:15.773 D/CoreBackPreview( 2227): startBackNavigation currentTask=Task{b5b6bb0 #1036 type=standard I=com.ocelot.tunes4r/.MainActivity}, topRunningActivity=ActivityRecord{1030189 u0 com.ocelot.tunes4r/.MainActivity t1036}, callbackInfo=OnBackInvokedCallbackInfo{mCallback=android.window.IOnBackInvokedCallback$Stub$Proxy@1dca0d2, mPriority=-1, mIsAnimationCallback=false, mOverrideBehavior=0}, currentFocus=Window{bbd9212 u0 com.ocelot.tunes4r/com.ocelot.tunes4r.MainActivity}
12-02 16:04:21.495 D/io_stats( 1170): !@ Write_top(KB): kworker/u16:2(5812) 25164 com.kms.free(10719) 496 .ocelot.tunes4r(4039) 272
12-02 16:04:33.497 D/io_stats( 1170): !@ Read_top(KB): ycat.virustotal(3273) 945252 binder:2339_2(2339) 352488 providers.media(11965) 5232
12-02 16:04:35.841 I/ActivityManager( 2227): Background started FGS: Allowed [callingPackage: tv.twitch.android.app; callingUid: 10604; uidState: RCVR; uidBFSL: n/a; intent: Intent { act=android.intent.action.MEDIA_BUTTON flg=0x10000010 cmp=tv.twitch.android.app/tv.twitch.android.shared.background.audio.service.TwitchPlaybackService (has extras) }; code:TEMP_ALLOWED_WHILE_IN_USE; tempAllowListReason:<PendingIntentHolder,reasonCode:MEDIA_SESSION_CALLBACK,duration:10000,callingUid:1000>; allowWiu:70; targetSdkVersion:36; callerTargetSdkVersion:36; startForegroundCount:0; bindFromPackage:null: isBindService:false]
12-02 16:04:43.443 I/ActivityManager( 2227): Background started FGS: Allowed [callingPackage: tv.twitch.android.app; callingUid: 10604; uidState: RCVR; uidBFSL: n/a; intent: Intent { act=android.intent.action.MEDIA_BUTTON flg=0x10000010 cmp=tv.twitch.android.app/tv.twitch.android.shared.background.audio.service.TwitchPlaybackService (has extras) }; code:TEMP_ALLOWED_WHILE_IN_USE; tempAllowListReason:<PendingIntentHolder,reasonCode:MEDIA_SESSION_CALLBACK,duration:10000,callingUid:1000>; allowWiu:70; targetSdkVersion:36; callerTargetSdkVersion:36; startForegroundCount:0; bindFromPackage:null: isBindService:false]
12-02 16:04:43.505 I/AudioManager( 4039): dispatching onAudioFocusChange(-1) to android.media.AudioManager@6ec22a7com.ocelot.tunes4r.MainActivity$1@943d354
12-02 16:04:45.499 D/io_stats( 1170): !@ Write_top(KB): kworker/u16:3(31407) 5464 .ocelot.tunes4r(4039) 272 system_server(2227) 96
12-02 16:04:53.678 I/ActivityManager( 2227): Background started FGS: Allowed [callingPackage: tv.twitch.android.app; callingUid: 10604; uidState: RCVR; uidBFSL: n/a; intent: Intent { act=android.intent.action.MEDIA_BUTTON flg=0x10000010 cmp=tv.twitch.android.app/tv.twitch.android.shared.background.audio.service.TwitchPlaybackService (has extras) }; code:TEMP_ALLOWED_WHILE_IN_USE; tempAllowListReason:<PendingIntentHolder,reasonCode:MEDIA_SESSION_CALLBACK,duration:10000,callingUid:1000>; allowWiu:70; targetSdkVersion:36; callerTargetSdkVersion:36; startForegroundCount:0; bindFromPackage:null: isBindService:false]
12-02 16:04:53.698 I/ActivityManager( 2227): Background started FGS: Allowed [callingPackage: tv.twitch.android.app; callingUid: 10604; uidState: RCVR; uidBFSL: n/a; intent: Intent { act=android.intent.action.MEDIA_BUTTON flg=0x10000010 cmp=tv.twitch.android.app/tv.twitch.android.shared.background.audio.service.TwitchPlaybackService (has extras) }; code:TEMP_ALLOWED_WHILE_IN_USE; tempAllowListReason:<PendingIntentHolder,reasonCode:MEDIA_SESSION_CALLBACK,duration:10000,callingUid:1000>; allowWiu:70; targetSdkVersion:36; callerTargetSdkVersion:36; startForegroundCount:0; bindFromPackage:null: isBindService:false]
12-02 16:04:55.308 D/ActivityTaskManager( 2227): scheduleTopResumedActivityChanged, onTop=false, r=ActivityRecord{1030189 u0 com.ocelot.tunes4r/.MainActivity t1036}, caller=com.android.server.wm.ActivityTaskSupervisor.scheduleTopResumedActivityStateLossIfNeeded:19 com.android.server.wm.ActivityTaskSupervisor.updateTopResumedActivityIfNeeded:20 com.android.server.wm.TaskDisplayArea.positionChildAt:252 com.android.server.wm.Task.moveToFront:40 com.android.server.wm.ActivityStarter.startActivityInner:316 com.android.server.wm.ActivityStarter.startActivityUnchecked:205 
12-02 16:04:55.322 D/SGM:FgCheckThread( 2227): notePauseComponent(), received pkgName: com.ocelot.tunes4r, userId: 0
12-02 16:04:55.362 D/SGM:GameManager( 2227): identifyForegroundApp. com.ocelot.tunes4r, mCurrentUserId: 0, callerUserId: 0
12-02 16:04:55.362 D/SGM:GameManager( 2227): identifyForegroundApp. com.ocelot.tunes4r, mCurrentUserId: 0, callerUserId: 0
12-02 16:04:55.389 D/WindowManager( 2227): Changing focus from Window{bbd9212 u0 com.ocelot.tunes4r/com.ocelot.tunes4r.MainActivity} to null displayId=0 Callers=com.android.server.wm.ActivityTaskManagerService.setLastResumedActivityUncheckLocked:264 com.android.server.wm.ActivityTaskSupervisor.updateTopResumedActivityIfNeeded:51 com.android.server.wm.TaskFragment.setResumedActivity:75 com.android.server.wm.ActivityRecord.setState:116 
12-02 16:04:55.409 I/Telecom ( 2227): SamsungCallImmediatelyNewOutgoingIntentBroadcaster : hasFeatureForCallImmediately : false
12-02 16:04:55.419 D/SGM:FgCheckThread( 2227):   sendRunningComponentFocus(), pkgName: com.ocelot.tunes4r, userId: 0
12-02 16:04:55.419 D/WindowManager( 2227): Changing focus from null to Window{bbd9212 u0 com.ocelot.tunes4r/com.ocelot.tunes4r.MainActivity} displayId=0 Callers=com.android.server.wm.ActivityTaskManagerService.setLastResumedActivityUncheckLocked:264 com.android.server.wm.ActivityTaskSupervisor.updateTopResumedActivityIfNeeded:51 com.android.server.wm.TaskFragment.setResumedActivity:75 com.android.server.wm.ActivityRecord.setState:116 
12-02 16:04:55.419 V/SystemKeyManager( 2227): updateFocusedWindow() is called, com.ocelot.tunes4r/com.ocelot.tunes4r.MainActivity
12-02 16:04:55.419 D/ActivityTaskManager( 2227): scheduleTopResumedActivityChanged, onTop=true, r=ActivityRecord{1030189 u0 com.ocelot.tunes4r/.MainActivity t1036}, caller=com.android.server.wm.ActivityTaskSupervisor.scheduleTopResumedActivityStateIfNeeded:18 com.android.server.wm.ActivityTaskSupervisor.updateTopResumedActivityIfNeeded:54 com.android.server.wm.TaskFragment.setResumedActivity:75 com.android.server.wm.ActivityRecord.setState:116 com.android.server.wm.TaskFragment.resumeTopActivity:1718 com.android.server.wm.Task.resumeTopActivityInnerLocked:174 
12-02 16:04:55.419 D/SGM:FgCheckThread( 2227): onLooperPrepared(), msg: MSG_TASK_FOCUSED, pkgName: com.ocelot.tunes4r, userId: 0
12-02 16:04:55.419 D/SGM:FgCheckThread( 2227):   handleTaskFocused(), pkgName: com.ocelot.tunes4r, userID:0 mResumedPkgMap does not containsKey.
12-02 16:04:55.421 V/WindowManager( 2227): Start calculating TransitionInfo based on participants: {Task{b5b6bb0 #1036 type=standard I=com.ocelot.tunes4r/.MainActivity}, ActivityRecord{215022457 u0 com.android.server.telecom/.PrivilegedCallActivity t1037 f}}, Task{fdcd635 #1037 type=standard A=1000:com.android.server.telecom}}
12-02 16:04:55.421 V/WindowManager( 2227):   Final targets: [ChangeInfo{c69ec31 container=Task{b5b6bb0 #1036 type=standard I=com.ocelot.tunes4r/.MainActivity} flags=0x20}]
12-02 16:04:55.422 V/WindowManager( 2227):         {WCT{RemoteToken{ed66db Task{b5b6bb0 #1036 type=standard I=com.ocelot.tunes4r/.MainActivity}}} m=CHANGE f=MOVE_TO_TOP|EDGE_EXTENSION_RESTRICTION leash=Surface(name=Task=1036)/@0xaaf3fd5 sb=Rect(0, 0 - 904, 2316) eb=Rect(0, 0 - 904, 2316) epz=Point(904, 2316) d=0 taskParent=-1 inset=Rect(0, 85 - 0, 39) allowAppBgLayer=true}
12-02 16:04:55.424 V/WindowManager( 2227):         {WCT{RemoteToken{ed66db Task{b5b6bb0 #1036 type=standard I=com.ocelot.tunes4r/.MainActivity}}} m=CHANGE f=MOVE_TO_TOP|EDGE_EXTENSION_RESTRICTION leash=Surface(name=Task=1036)/@0xaaf3fd5 sb=Rect(0, 0 - 904, 2316) eb=Rect(0, 0 - 904, 2316) epz=Point(904, 2316) d=0 taskParent=-1 inset=Rect(0, 85 - 0, 39) allowAppBgLayer=true}
12-02 16:04:55.427 V/WindowManager( 2227):    ChangeInfo{c69ec31 container=Task{b5b6bb0 #1036 type=standard I=com.ocelot.tunes4r/.MainActivity} flags=0x20}
12-02 16:04:55.428 D/ChangeTransitionController( 2227):    ChangeInfo{c69ec31 container=Task{b5b6bb0 #1036 type=standard I=com.ocelot.tunes4r/.MainActivity} flags=0x20}
12-02 16:04:55.434 D/SGM:FgCheckThread( 2227): noteResumeComponent(), received pkgName: com.ocelot.tunes4r, userId: 0
12-02 16:04:55.434 I/SDHMS:k ( 9206): handleResumeComponent : put = com.ocelot.tunes4r, userid = 0 instanceid =182233641
12-02 16:04:55.437 D/SGM:FgCheckThread( 2227): onLooperPrepared(), msg: MSG_APP_RESUME, pkgName: com.ocelot.tunes4r, userid: 0
12-02 16:04:55.437 D/SGM:FgCheckThread( 2227):   handleResume(). pkgName: com.ocelot.tunes4r, userId: 0, category: non-game
12-02 16:04:55.437 D/SGM:FgCheckThread( 2227): notifyFocusInOut(). of pkg: com.ocelot.tunes4r, type: 4, isSecGameFamily: false, userId: 0
12-02 16:04:55.441 D/SGM:GameManager( 2227): identifyForegroundApp. com.ocelot.tunes4r, mCurrentUserId: 0, callerUserId: 0
12-02 16:04:55.441 D/SGM:GameManager( 2227): identifyForegroundApp. com.ocelot.tunes4r, mCurrentUserId: 0, callerUserId: 0
12-02 16:04:55.449 I/Telecom ( 2227): SamsungCallControlPolicyManager : callImmediately phoneNumber : +52*******667 / countryCode :  / isSpecialNumber : false
12-02 16:04:55.449 I/Telecom ( 2227): SamsungCallsManager : wasEverInSpecialNumberForCallImmediately : false
12-02 16:04:55.450 D/SGM:FgCheckThread( 2227): getForegroundApp(), foregroundPkgName=com.ocelot.tunes4r
12-02 16:04:55.451 D/SGM:FgCheckThread( 2227): noteStopComponent(), received pkgName: com.android.server.telecom, focusedPkgName: com.ocelot.tunes4r, userId: 0
12-02 16:04:55.521 I/Telecom ( 2227): NewOutgoingCallIntentBroadcaster: Placing call immediately instead of waiting for OutgoingCallBroadcastReceiver: TSI.hCI->CIP.sNOCI@L1A
12-02 16:04:55.544 I/AudioManager( 4039): dispatching onAudioFocusChange(-2) to android.media.AudioManager@c9b8593xyz.luan.audioplayers.player.ModernFocusManager$$ExternalSyntheticLambda0@39cd9d0
12-02 16:04:55.572 D/MdnieScenarioControlService( 2227):  packageName : com.ocelot.tunes4r    className : com.ocelot.tunes4r.MainActivity
12-02 16:04:55.585 I/SemApeController( 2227): updateStreamingState: com.ocelot.tunes4r uid=10561
12-02 16:04:55.585 I/SemApeController( 2227): [STREAMING] Total number of active media sessions: 2
12-02 16:04:55.605 E/AppOps  ( 2227): Operation not found: uid=1013 pkg=media(null) op=WAKE_LOCK
12-02 16:04:55.845 D/MR2SystemProvider( 2227): Updating system provider info : MediaRouteProviderInfo { uniqueId=null, routes=[MediaRoute2Info{ id=ROUTE_ID_BUILTIN_SPEAKER, name=Phone, type=BUILTIN_SPEAKER, routingTypes=REMOTE, isSystem=true, features=[android.media.route.feature.LIVE_AUDIO, android.media.route.feature.LOCAL_PLAYBACK], iconUri=null, description=null, connectionState=2, clientPackageName=null, volume(current=6, max=15, handling=VARIABLE(1)), address=, deduplicationIds=, providerId=null, isVisibilityRestricted=false, allowedPackages=, mRequiredPermissions=(), suitabilityStatus=0 }, MediaRoute2Info{ id=A8:F5:E1:0B:0E:2E, name=OpenMove by Shokz, type=BLUETOOTH_A2DP, routingTypes=REMOTE, isSystem=true, features=[android.media.route.feature.LIVE_AUDIO, android.media.route.feature.LOCAL_PLAYBACK], iconUri=null, description=null, connectionState=2, clientPackageName=null, volume(current=0, max=0, handling=FIXED(0)), address=A8:F5:E1:0B:0E:2E, deduplicationIds=, providerId=null, isVisibilityRestricted=false, allowedPackages=, mRequiredPermissions=(), suitabilityStatus=0 }] }
